03/06/2026 20:44:58 starting
	executable :C:\Program Files\Google\Chrome\Application\chrome.exe

arguments:
--remote-allow-origins=*
	--no-first-run
	--no-service-autorun
	--no-default-browser-check
	--homepage=about:blank
	--no-pings
	--password-store=basic
	--disable-infobars
	--disable-breakpad
	--disable-dev-shm-usage
	--disable-session-crashed-bubble
	--disable-search-engine-choice-screen
	--user-data-dir=C:\Users\ADMIN\AppData\Local\Temp\uc_kthtus6k
	--disable-session-crashed-bubble
	--disable-features=IsolateOrigins,site-per-process
	--disable-blink-features=AutomationControlled
	--remote-debugging-host=127.0.0.1
	--remote-debugging-port=52012
03/06/2026 20:45:03 On page 2
03/06/2026 20:45:05 Found 7 scholar links on page 2
03/06/2026 20:45:05 No more href found for next page button, assuming last page reached.
03/06/2026 20:45:05 Found total 17 scholar links to process.
03/06/2026 20:45:09 Saved: https://dulichkhachsan.neu.edu.vn/vi/ho-so-giang-vien/ths-nguyen-thi-kim-ngan to f:/science_data_warehouse_repo/output/neu/dlks/raw_data\dlks_20260603_204458.jsonl
03/06/2026 20:45:11 Saved: https://dulichkhachsan.neu.edu.vn/vi/ho-so-giang-vien/ts-pham-thi-thu-phuong-pho-truong-bo-mon to f:/science_data_warehouse_repo/output/neu/dlks/raw_data\dlks_20260603_204458.jsonl
03/06/2026 20:45:14 Saved: https://dulichkhachsan.neu.edu.vn/vi/ho-so-giang-vien/ts-hoang-thi-lan-huong to f:/science_data_warehouse_repo/output/neu/dlks/raw_data\dlks_20260603_204458.jsonl
03/06/2026 20:45:17 Saved: https://dulichkhachsan.neu.edu.vn/vi/ho-so-giang-vien/ts-nguyen-thi-quynh-trang to f:/science_data_warehouse_repo/output/neu/dlks/raw_data\dlks_20260603_204458.jsonl
03/06/2026 20:45:19 Saved: https://dulichkhachsan.neu.edu.vn/vi/ho-so-giang-vien/ts-nguyen-thi-phuong-thao to f:/science_data_warehouse_repo/output/neu/dlks/raw_data\dlks_20260603_204458.jsonl
03/06/2026 20:45:22 Saved: https://dulichkhachsan.neu.edu.vn/vi/ho-so-giang-vien/ts-phung-thi-hang-giam-doc-trung-tam to f:/science_data_warehouse_repo/output/neu/dlks/raw_data\dlks_20260603_204458.jsonl
03/06/2026 20:45:24 Saved: https://dulichkhachsan.neu.edu.vn/vi/ho-so-giang-vien/ts-pham-thi-thanh-huyen to f:/science_data_warehouse_repo/output/neu/dlks/raw_data\dlks_20260603_204458.jsonl
03/06/2026 20:45:27 Saved: https://dulichkhachsan.neu.edu.vn/vi/ho-so-giang-vien/ts-tran-thi-huyen-trang to f:/science_data_warehouse_repo/output/neu/dlks/raw_data\dlks_20260603_204458.jsonl
03/06/2026 20:45:30 Saved: https://dulichkhachsan.neu.edu.vn/vi/ho-so-giang-vien/ts-nguyen-thi-my-hanh-pho-truong-bo-mon to f:/science_data_warehouse_repo/output/neu/dlks/raw_data\dlks_20260603_204458.jsonl
03/06/2026 20:45:32 Saved: https://dulichkhachsan.neu.edu.vn/vi/ho-so-giang-vien/ts-tran-huy-duc to f:/science_data_warehouse_repo/output/neu/dlks/raw_data\dlks_20260603_204458.jsonl
03/06/2026 20:45:34 Saved: https://dulichkhachsan.neu.edu.vn/vi/ho-so-giang-vien/ths-nguyen-duc-trong to f:/science_data_warehouse_repo/output/neu/dlks/raw_data\dlks_20260603_204458.jsonl
03/06/2026 20:45:37 Saved: https://dulichkhachsan.neu.edu.vn/vi/ho-so-giang-vien/ths-le-ha-linh to f:/science_data_warehouse_repo/output/neu/dlks/raw_data\dlks_20260603_204458.jsonl
03/06/2026 20:45:39 Saved: https://dulichkhachsan.neu.edu.vn/vi/ho-so-giang-vien/ths-le-thi-bich-hanh to f:/science_data_warehouse_repo/output/neu/dlks/raw_data\dlks_20260603_204458.jsonl
03/06/2026 20:45:41 Saved: https://dulichkhachsan.neu.edu.vn/vi/ho-so-giang-vien/ts-lai-phi-hung to f:/science_data_warehouse_repo/output/neu/dlks/raw_data\dlks_20260603_204458.jsonl
03/06/2026 20:45:43 Saved: https://dulichkhachsan.neu.edu.vn/vi/ho-so-giang-vien/ts-hoang-thi-thu-huong to f:/science_data_warehouse_repo/output/neu/dlks/raw_data\dlks_20260603_204458.jsonl
03/06/2026 20:45:45 Saved: https://dulichkhachsan.neu.edu.vn/vi/ho-so-giang-vien/pgs-ts-pham-truong-hoang to f:/science_data_warehouse_repo/output/neu/dlks/raw_data\dlks_20260603_204458.jsonl
03/06/2026 20:45:47 Saved: https://dulichkhachsan.neu.edu.vn/vi/ho-so-giang-vien/ts-dao-minh-ngoc to f:/science_data_warehouse_repo/output/neu/dlks/raw_data\dlks_20260603_204458.jsonl
03/06/2026 20:45:47 Finished, total running time: 49.72 seconds
03/06/2026 20:45:48 terminated browser with pid 28264 successfully
03/06/2026 20:45:49 successfully removed temp profile C:\Users\ADMIN\AppData\Local\Temp\uc_kthtus6k
