2026-06-01 10:42:14 [scrapy.addons] INFO: Enabled addons:
[]
2026-06-01 10:42:14 [scrapy.extensions.telnet] INFO: Telnet Password: 3e784c08f8e0a53b
2026-06-01 10:42:14 [scrapy.middleware] INFO: Enabled extensions:
['scrapy.extensions.corestats.CoreStats',
 'scrapy.extensions.logcount.LogCount',
 'scrapy.extensions.telnet.TelnetConsole',
 'scrapy.extensions.feedexport.FeedExporter',
 'scrapy.extensions.logstats.LogStats',
 'scrapy.extensions.throttle.AutoThrottle']
2026-06-01 10:42:14 [scrapy.crawler] INFO: Overridden settings:
{'AUTOTHROTTLE_ENABLED': True,
 'AUTOTHROTTLE_START_DELAY': 0.5,
 'AUTOTHROTTLE_TARGET_CONCURRENCY': 32,
 'BOT_NAME': 'science_dwh',
 'CONCURRENT_REQUESTS': 500,
 'CONCURRENT_REQUESTS_PER_DOMAIN': 32,
 'DOWNLOAD_DELAY': 1,
 'FEED_EXPORT_ENCODING': 'utf-8',
 'FEED_EXPORT_FIELDS': ['url',
                        'ho_ten',
                        'avt_url',
                        'nhom_chuyen_mon',
                        'html_text',
                        'dai_hoc',
                        'don_vi_truc_thuoc',
                        'thong_tin_khong_cong_bo',
                        'is_extracted',
                        'is_checked'],
 'LOG_FILE': 'f:/science_data_warehouse_repo/output/hust/fpt/logs\\fpt_20260601_104214.log',
 'LOG_LEVEL': 'INFO',
 'NEWSPIDER_MODULE': 'science_dwh.spiders',
 'RETRY_HTTP_CODES': [500, 502, 503, 504, 408, 429, 403],
 'RETRY_TIMES': 3,
 'ROBOTSTXT_OBEY': True,
 'SPIDER_MODULES': ['science_dwh.spiders']}
2026-06-01 10:42:14 [scrapy_user_agents.user_agent_picker] WARNING: [UnsupportedBrowserType] Family: Android
2026-06-01 10:42:14 [scrapy_user_agents.user_agent_picker] WARNING: [UnsupportedDeviceType] Family: Other, Brand: None, Model: None
2026-06-01 10:42:14 [scrapy_user_agents.user_agent_picker] WARNING: [UnsupportedDeviceType] Family: Other, Brand: None, Model: None
2026-06-01 10:42:15 [scrapy_user_agents.user_agent_picker] WARNING: [UnsupportedDeviceType] Family: Other, Brand: None, Model: None
2026-06-01 10:42:15 [scrapy_user_agents.user_agent_picker] WARNING: [UnsupportedDeviceType] Family: Sony BDV13, Brand: Sony, Model: BDV13
2026-06-01 10:42:15 [scrapy_user_agents.user_agent_picker] WARNING: [UnsupportedDeviceType] Family: Nintendo DSi, Brand: Nintendo, Model: DSi
2026-06-01 10:42:15 [scrapy_user_agents.user_agent_picker] WARNING: [UnsupportedDeviceType] Family: Other, Brand: None, Model: None
2026-06-01 10:42:15 [scrapy_user_agents.user_agent_picker] WARNING: [UnsupportedBrowserType] Family: Other
2026-06-01 10:42:15 [scrapy_user_agents.user_agent_picker] WARNING: [UnsupportedDeviceType] Family: LYF F90M, Brand: LYF, Model: F90M
2026-06-01 10:42:15 [scrapy_user_agents.user_agent_picker] WARNING: [UnsupportedDeviceType] Family: Sony BDV14, Brand: Sony, Model: BDV14
2026-06-01 10:42:15 [scrapy_user_agents.user_agent_picker] WARNING: [UnsupportedDeviceType] Family: LG Web0S SmartTV, Brand: LG, Model: Web0S SmartTV
2026-06-01 10:42:15 [scrapy_user_agents.user_agent_picker] WARNING: [UnsupportedDeviceType] Family: Other, Brand: None, Model: None
2026-06-01 10:42:15 [scrapy_user_agents.user_agent_picker] WARNING: [UnsupportedDeviceType] Family: Other, Brand: None, Model: None
2026-06-01 10:42:15 [scrapy_user_agents.user_agent_picker] WARNING: [UnsupportedDeviceType] Family: Other, Brand: None, Model: None
2026-06-01 10:42:15 [scrapy_user_agents.user_agent_picker] WARNING: [UnsupportedDeviceType] Family: Other, Brand: None, Model: None
2026-06-01 10:42:15 [scrapy_user_agents.user_agent_picker] WARNING: [UnsupportedDeviceType] Family: Other, Brand: None, Model: None
2026-06-01 10:42:15 [scrapy_user_agents.user_agent_picker] WARNING: [UnsupportedDeviceType] Family: Other, Brand: None, Model: None
2026-06-01 10:42:15 [scrapy_user_agents.user_agent_picker] WARNING: [UnsupportedDeviceType] Family: Other, Brand: None, Model: None
2026-06-01 10:42:15 [scrapy_user_agents.user_agent_picker] WARNING: [UnsupportedDeviceType] Family: Sony BDV11, Brand: Sony, Model: BDV11
2026-06-01 10:42:15 [scrapy_user_agents.user_agent_picker] WARNING: [UnsupportedDeviceType] Family: Other, Brand: None, Model: None
2026-06-01 10:42:15 [scrapy_user_agents.user_agent_picker] WARNING: [UnsupportedDeviceType] Family: Other, Brand: None, Model: None
2026-06-01 10:42:15 [scrapy_user_agents.user_agent_picker] WARNING: [UnsupportedDeviceType] Family: Other, Brand: None, Model: None
2026-06-01 10:42:15 [scrapy_user_agents.user_agent_picker] WARNING: [UnsupportedDeviceType] Family: Other, Brand: None, Model: None
2026-06-01 10:42:15 [scrapy_user_agents.user_agent_picker] WARNING: [UnsupportedDeviceType] Family: Nintendo DSi, Brand: Nintendo, Model: DSi
2026-06-01 10:42:15 [scrapy_user_agents.user_agent_picker] WARNING: [UnsupportedDeviceType] Family: LYF LF-2403N, Brand: LYF, Model: LF-2403N
2026-06-01 10:42:15 [scrapy_user_agents.user_agent_picker] WARNING: [UnsupportedDeviceType] Family: LYF F90M, Brand: LYF, Model: F90M
2026-06-01 10:42:15 [scrapy_user_agents.user_agent_picker] WARNING: [UnsupportedDeviceType] Family: Other, Brand: None, Model: None
2026-06-01 10:42:15 [scrapy_user_agents.user_agent_picker] WARNING: [UnsupportedDeviceType] Family: Other, Brand: None, Model: None
2026-06-01 10:42:15 [scrapy_user_agents.user_agent_picker] WARNING: [UnsupportedBrowserType] Family: Applebot
2026-06-01 10:42:16 [scrapy_user_agents.user_agent_picker] WARNING: [UnsupportedDeviceType] Family: Other, Brand: None, Model: None
2026-06-01 10:42:16 [scrapy_user_agents.user_agent_picker] WARNING: [UnsupportedBrowserType] Family: Applebot
2026-06-01 10:42:16 [scrapy_user_agents.user_agent_picker] WARNING: [UnsupportedBrowserType] Family: Other
2026-06-01 10:42:16 [scrapy_user_agents.user_agent_picker] WARNING: [UnsupportedBrowserType] Family: Other
2026-06-01 10:42:16 [scrapy_user_agents.user_agent_picker] WARNING: [UnsupportedBrowserType] Family: PhantomJS
2026-06-01 10:42:16 [scrapy_user_agents.user_agent_picker] WARNING: [UnsupportedBrowserType] Family: SMTBot
2026-06-01 10:42:16 [scrapy_user_agents.user_agent_picker] WARNING: [UnsupportedBrowserType] Family: PhantomJS
2026-06-01 10:42:16 [scrapy_user_agents.user_agent_picker] WARNING: [UnsupportedBrowserType] Family: PhantomJS
2026-06-01 10:42:16 [scrapy_user_agents.user_agent_picker] WARNING: [UnsupportedBrowserType] Family: WebKit Nightly
2026-06-01 10:42:16 [scrapy_user_agents.user_agent_picker] WARNING: [UnsupportedBrowserType] Family: PhantomJS
2026-06-01 10:42:16 [scrapy_user_agents.user_agent_picker] WARNING: [UnsupportedDeviceType] Family: Other, Brand: None, Model: None
2026-06-01 10:42:16 [scrapy_user_agents.user_agent_picker] WARNING: [UnsupportedBrowserType] Family: PhantomJS
2026-06-01 10:42:16 [scrapy_user_agents.user_agent_picker] WARNING: [UnsupportedBrowserType] Family: PhantomJS
2026-06-01 10:42:16 [scrapy_user_agents.user_agent_picker] WARNING: [UnsupportedBrowserType] Family: Robot
2026-06-01 10:42:16 [scrapy_user_agents.user_agent_picker] WARNING: [UnsupportedDeviceType] Family: Other, Brand: None, Model: None
2026-06-01 10:42:16 [scrapy_user_agents.user_agent_picker] WARNING: [UnsupportedBrowserType] Family: Zune
2026-06-01 10:42:17 [scrapy.middleware] INFO: Enabled downloader middlewares:
['scrapy.downloadermiddlewares.offsite.OffsiteMiddleware',
 'scrapy.downloadermiddlewares.robotstxt.RobotsTxtMiddleware',
 'scrapy.downloadermiddlewares.httpauth.HttpAuthMiddleware',
 'scrapy.downloadermiddlewares.downloadtimeout.DownloadTimeoutMiddleware',
 'scrapy.downloadermiddlewares.defaultheaders.DefaultHeadersMiddleware',
 'scrapy_user_agents.middlewares.RandomUserAgentMiddleware',
 'scrapy.downloadermiddlewares.retry.RetryMiddleware',
 'scrapy.downloadermiddlewares.redirect.MetaRefreshMiddleware',
 'scrapy.downloadermiddlewares.httpcompression.HttpCompressionMiddleware',
 'scrapy.downloadermiddlewares.redirect.RedirectMiddleware',
 'scrapy.downloadermiddlewares.cookies.CookiesMiddleware',
 'scrapy.downloadermiddlewares.httpproxy.HttpProxyMiddleware',
 'scrapy.downloadermiddlewares.stats.DownloaderStats']
2026-06-01 10:42:17 [scrapy.middleware] INFO: Enabled spider middlewares:
['scrapy.spidermiddlewares.start.StartSpiderMiddleware',
 'scrapy.spidermiddlewares.httperror.HttpErrorMiddleware',
 'scrapy_deltafetch.DeltaFetch',
 'science_dwh.middlewares.ScienceDwhSpiderMiddleware',
 'scrapy.spidermiddlewares.referer.RefererMiddleware',
 'scrapy.spidermiddlewares.urllength.UrlLengthMiddleware',
 'scrapy.spidermiddlewares.depth.DepthMiddleware']
2026-06-01 10:42:17 [scrapy.core.spidermw] WARNING: Middleware scrapy_deltafetch.middleware.DeltaFetch doesn't support asynchronous spider output, this is deprecated and will stop working in a future version of Scrapy. The middleware should be updated to support it. Please see https://docs.scrapy.org/en/latest/topics/coroutines.html#for-middleware-users for more information.
2026-06-01 10:42:17 [scrapy.core.spidermw] WARNING: Middleware science_dwh.middlewares.ScienceDwhSpiderMiddleware doesn't support asynchronous spider output, this is deprecated and will stop working in a future version of Scrapy. The middleware should be updated to support it. Please see https://docs.scrapy.org/en/latest/topics/coroutines.html#for-middleware-users for more information.
2026-06-01 10:42:17 [scrapy.middleware] INFO: Enabled item pipelines:
['science_dwh.pipelines.ScienceDwhPipeline']
2026-06-01 10:42:17 [scrapy.core.engine] INFO: Spider opened
2026-06-01 10:42:17 [scrapy.extensions.logstats] INFO: Crawled 0 pages (at 0 pages/min), scraped 0 items (at 0 items/min)
2026-06-01 10:42:17 [fpt_spider] INFO: Spider opened: fpt_spider
2026-06-01 10:42:17 [scrapy.extensions.telnet] INFO: Telnet console listening on 127.0.0.1:6024
2026-06-01 10:42:18 [scrapy_deltafetch.middleware] INFO: Ignoring already visited: <GET https://fpt.hust.edu.vn/vi/bo-mon/triet-hoc/ts-tran-viet-thang-240784.html>
2026-06-01 10:42:18 [scrapy_deltafetch.middleware] INFO: Ignoring already visited: <GET https://fpt.hust.edu.vn/vi/bo-mon/triet-hoc/pgs-ts-dinh-thanh-xuan-240950.html>
2026-06-01 10:42:18 [scrapy_deltafetch.middleware] INFO: Ignoring already visited: <GET https://fpt.hust.edu.vn/vi/bo-mon/triet-hoc/ts-hoang-thi-hanh-240828.html>
2026-06-01 10:42:18 [scrapy_deltafetch.middleware] INFO: Ignoring already visited: <GET https://fpt.hust.edu.vn/vi/bo-mon/triet-hoc/ths-le-van-kien-240806.html>
2026-06-01 10:42:18 [scrapy_deltafetch.middleware] INFO: Ignoring already visited: <GET https://fpt.hust.edu.vn/vi/bo-mon/triet-hoc/ts-hoang-thu-huong-240844.html>
2026-06-01 10:42:18 [scrapy_deltafetch.middleware] INFO: Ignoring already visited: <GET https://fpt.hust.edu.vn/vi/bo-mon/triet-hoc/ths-vu-thi-mai-luong-240961.html>
2026-06-01 10:42:18 [scrapy_deltafetch.middleware] INFO: Ignoring already visited: <GET https://fpt.hust.edu.vn/vi/bo-mon/triet-hoc/ths-ta-thi-thu-huyen-240939.html>
2026-06-01 10:42:18 [scrapy_deltafetch.middleware] INFO: Ignoring already visited: <GET https://fpt.hust.edu.vn/vi/bo-mon/kinh-te-chinh-tri/ngo-que-lan-240479.html>
2026-06-01 10:42:18 [scrapy_deltafetch.middleware] INFO: Ignoring already visited: <GET https://fpt.hust.edu.vn/vi/bo-mon/kinh-te-chinh-tri/ths-trinh-huy-hong-240547.html>
2026-06-01 10:42:18 [scrapy_deltafetch.middleware] INFO: Ignoring already visited: <GET https://fpt.hust.edu.vn/vi/bo-mon/kinh-te-chinh-tri/ths-nguyen-thi-phuong-dung-240494.html>
2026-06-01 10:42:18 [scrapy_deltafetch.middleware] INFO: Ignoring already visited: <GET https://fpt.hust.edu.vn/vi/bo-mon/kinh-te-chinh-tri/ths-phan-yen-trang-240611.html>
2026-06-01 10:42:18 [scrapy_deltafetch.middleware] INFO: Ignoring already visited: <GET https://fpt.hust.edu.vn/vi/bo-mon/chu-nghia-xa-hoi-khoa-hoc/ts-nguyen-thi-huyen-240795.html>
2026-06-01 10:42:18 [scrapy_deltafetch.middleware] INFO: Ignoring already visited: <GET https://fpt.hust.edu.vn/vi/bo-mon/chu-nghia-xa-hoi-khoa-hoc/ths-luong-minh-hanh-240817.html>
2026-06-01 10:42:18 [scrapy_deltafetch.middleware] INFO: Ignoring already visited: <GET https://fpt.hust.edu.vn/vi/bo-mon/chu-nghia-xa-hoi-khoa-hoc/cn-hoang-anh-dong-240677.html>
2026-06-01 10:42:18 [scrapy_deltafetch.middleware] INFO: Ignoring already visited: <GET https://fpt.hust.edu.vn/vi/bo-mon/chu-nghia-xa-hoi-khoa-hoc/ths-bui-thi-quy-240984.html>
2026-06-01 10:42:18 [scrapy_deltafetch.middleware] INFO: Ignoring already visited: <GET https://fpt.hust.edu.vn/vi/bo-mon/tu-tuong-ho-chi-minh/ts-ha-thi-dang-huong-240536.html>
2026-06-01 10:42:18 [scrapy_deltafetch.middleware] INFO: Ignoring already visited: <GET https://fpt.hust.edu.vn/vi/bo-mon/tu-tuong-ho-chi-minh/ths-nguyen-quoc-doan-240736.html>
2026-06-01 10:42:18 [scrapy_deltafetch.middleware] INFO: Ignoring already visited: <GET https://fpt.hust.edu.vn/vi/bo-mon/tu-tuong-ho-chi-minh/ths-pham-thi-mai-duyen-240600.html>
2026-06-01 10:42:18 [scrapy_deltafetch.middleware] INFO: Ignoring already visited: <GET https://fpt.hust.edu.vn/vi/bo-mon/tu-tuong-ho-chi-minh/ths-nguyen-thi-thu-ha-240622.html>
2026-06-01 10:42:18 [scrapy_deltafetch.middleware] INFO: Ignoring already visited: <GET https://fpt.hust.edu.vn/vi/bo-mon/tu-tuong-ho-chi-minh/le-thu-nguyet-240983.html>
2026-06-01 10:42:18 [scrapy_deltafetch.middleware] INFO: Ignoring already visited: <GET https://fpt.hust.edu.vn/vi/bo-mon/lich-su-dang-cong-san-viet-nam/ts-pham-nguyen-phuong-240251.html>
2026-06-01 10:42:18 [scrapy_deltafetch.middleware] INFO: Ignoring already visited: <GET https://fpt.hust.edu.vn/vi/bo-mon/lich-su-dang-cong-san-viet-nam/ths-le-thi-lan-240459.html>
2026-06-01 10:42:18 [scrapy_deltafetch.middleware] INFO: Ignoring already visited: <GET https://fpt.hust.edu.vn/vi/bo-mon/lich-su-dang-cong-san-viet-nam/ths-hoang-thi-lan-240430.html>
2026-06-01 10:42:18 [scrapy_deltafetch.middleware] INFO: Ignoring already visited: <GET https://fpt.hust.edu.vn/vi/bo-mon/lich-su-dang-cong-san-viet-nam/ts-le-tien-dung-240343.html>
2026-06-01 10:42:20 [scrapy.core.engine] INFO: Closing spider (finished)
2026-06-01 10:42:20 [scrapy.extensions.feedexport] INFO: Stored jsonlines feed (1 items) in: f:/science_data_warehouse_repo/output/hust/fpt/raw_data\fpt.jsonl
2026-06-01 10:42:20 [scrapy.statscollectors] INFO: Dumping Scrapy stats:
{'coverage_percent': 33.33,
 'deltafetch/skipped': 24,
 'deltafetch/stored': 1,
 'downloader/request_bytes': 2089,
 'downloader/request_count': 3,
 'downloader/request_method_count/GET': 3,
 'downloader/response_bytes': 29029,
 'downloader/response_count': 3,
 'downloader/response_status_count/200': 3,
 'elapsed_time_seconds': 2.944326,
 'feedexport/success_count/FileFeedStorage': 1,
 'finish_reason': 'finished',
 'finish_time': datetime.datetime(2026, 6, 1, 3, 42, 20, 87742, tzinfo=datetime.timezone.utc),
 'httpcompression/response_bytes': 167636,
 'httpcompression/response_count': 3,
 'item_scraped_count': 1,
 'items_per_minute': 30.0,
 'log_count/INFO': 28,
 'request_depth_max': 1,
 'response_received_count': 3,
 'responses_per_minute': 90.0,
 'robotstxt/request_count': 1,
 'robotstxt/response_count': 1,
 'robotstxt/response_status_count/200': 1,
 'scheduler/dequeued': 2,
 'scheduler/dequeued/memory': 2,
 'scheduler/enqueued': 2,
 'scheduler/enqueued/memory': 2,
 'start_time': datetime.datetime(2026, 6, 1, 3, 42, 17, 143416, tzinfo=datetime.timezone.utc)}
2026-06-01 10:42:20 [scrapy.core.engine] INFO: Spider closed (finished)
