2026-05-13 11:01:12 [scrapy.addons] INFO: Enabled addons:
[]
2026-05-13 11:01:12 [scrapy.extensions.telnet] INFO: Telnet Password: 8e210b098d86a678
2026-05-13 11:01:12 [scrapy.middleware] INFO: Enabled extensions:
['scrapy.extensions.corestats.CoreStats',
 'scrapy.extensions.logcount.LogCount',
 'scrapy.extensions.telnet.TelnetConsole',
 'scrapy.extensions.feedexport.FeedExporter',
 'scrapy.extensions.logstats.LogStats']
2026-05-13 11:01:12 [scrapy.crawler] INFO: Overridden settings:
{'BOT_NAME': 'dwh_scholar',
 'DOWNLOAD_DELAY': 1,
 'FEED_EXPORT_ENCODING': 'utf-8',
 'FEED_EXPORT_FIELDS': ['url',
                        'name',
                        'email',
                        'position',
                        'academic_title',
                        'education',
                        'research_fields',
                        'interested_research_fields',
                        'publications',
                        'awards',
                        'subjects',
                        'projects'],
 'LOG_FILE': '../soict_output/logs/soict_20260513_110112.log',
 'LOG_LEVEL': 'INFO',
 'NEWSPIDER_MODULE': 'dwh_scholar.spiders',
 'RETRY_HTTP_CODES': [403, 429, 500, 502, 503, 504],
 'RETRY_TIMES': 5,
 'ROBOTSTXT_OBEY': True,
 'SPIDER_MODULES': ['dwh_scholar.spiders']}
2026-05-13 11:01:13 [scrapy_user_agents.user_agent_picker] WARNING: [UnsupportedBrowserType] Family: Android
2026-05-13 11:01:13 [scrapy_user_agents.user_agent_picker] WARNING: [UnsupportedDeviceType] Family: Other, Brand: None, Model: None
2026-05-13 11:01:13 [scrapy_user_agents.user_agent_picker] WARNING: [UnsupportedDeviceType] Family: Other, Brand: None, Model: None
2026-05-13 11:01:13 [scrapy_user_agents.user_agent_picker] WARNING: [UnsupportedDeviceType] Family: Other, Brand: None, Model: None
2026-05-13 11:01:13 [scrapy_user_agents.user_agent_picker] WARNING: [UnsupportedDeviceType] Family: Sony BDV13, Brand: Sony, Model: BDV13
2026-05-13 11:01:13 [scrapy_user_agents.user_agent_picker] WARNING: [UnsupportedDeviceType] Family: Nintendo DSi, Brand: Nintendo, Model: DSi
2026-05-13 11:01:13 [scrapy_user_agents.user_agent_picker] WARNING: [UnsupportedDeviceType] Family: Other, Brand: None, Model: None
2026-05-13 11:01:13 [scrapy_user_agents.user_agent_picker] WARNING: [UnsupportedBrowserType] Family: Other
2026-05-13 11:01:13 [scrapy_user_agents.user_agent_picker] WARNING: [UnsupportedDeviceType] Family: LYF F90M, Brand: LYF, Model: F90M
2026-05-13 11:01:13 [scrapy_user_agents.user_agent_picker] WARNING: [UnsupportedDeviceType] Family: Sony BDV14, Brand: Sony, Model: BDV14
2026-05-13 11:01:13 [scrapy_user_agents.user_agent_picker] WARNING: [UnsupportedDeviceType] Family: LG Web0S SmartTV, Brand: LG, Model: Web0S SmartTV
2026-05-13 11:01:13 [scrapy_user_agents.user_agent_picker] WARNING: [UnsupportedDeviceType] Family: Other, Brand: None, Model: None
2026-05-13 11:01:13 [scrapy_user_agents.user_agent_picker] WARNING: [UnsupportedDeviceType] Family: Other, Brand: None, Model: None
2026-05-13 11:01:14 [scrapy_user_agents.user_agent_picker] WARNING: [UnsupportedDeviceType] Family: Other, Brand: None, Model: None
2026-05-13 11:01:14 [scrapy_user_agents.user_agent_picker] WARNING: [UnsupportedDeviceType] Family: Other, Brand: None, Model: None
2026-05-13 11:01:14 [scrapy_user_agents.user_agent_picker] WARNING: [UnsupportedDeviceType] Family: Other, Brand: None, Model: None
2026-05-13 11:01:14 [scrapy_user_agents.user_agent_picker] WARNING: [UnsupportedDeviceType] Family: Other, Brand: None, Model: None
2026-05-13 11:01:14 [scrapy_user_agents.user_agent_picker] WARNING: [UnsupportedDeviceType] Family: Other, Brand: None, Model: None
2026-05-13 11:01:14 [scrapy_user_agents.user_agent_picker] WARNING: [UnsupportedDeviceType] Family: Sony BDV11, Brand: Sony, Model: BDV11
2026-05-13 11:01:14 [scrapy_user_agents.user_agent_picker] WARNING: [UnsupportedDeviceType] Family: Other, Brand: None, Model: None
2026-05-13 11:01:14 [scrapy_user_agents.user_agent_picker] WARNING: [UnsupportedDeviceType] Family: Other, Brand: None, Model: None
2026-05-13 11:01:14 [scrapy_user_agents.user_agent_picker] WARNING: [UnsupportedDeviceType] Family: Other, Brand: None, Model: None
2026-05-13 11:01:14 [scrapy_user_agents.user_agent_picker] WARNING: [UnsupportedDeviceType] Family: Other, Brand: None, Model: None
2026-05-13 11:01:14 [scrapy_user_agents.user_agent_picker] WARNING: [UnsupportedDeviceType] Family: Nintendo DSi, Brand: Nintendo, Model: DSi
2026-05-13 11:01:14 [scrapy_user_agents.user_agent_picker] WARNING: [UnsupportedDeviceType] Family: LYF LF-2403N, Brand: LYF, Model: LF-2403N
2026-05-13 11:01:14 [scrapy_user_agents.user_agent_picker] WARNING: [UnsupportedDeviceType] Family: LYF F90M, Brand: LYF, Model: F90M
2026-05-13 11:01:14 [scrapy_user_agents.user_agent_picker] WARNING: [UnsupportedDeviceType] Family: Other, Brand: None, Model: None
2026-05-13 11:01:14 [scrapy_user_agents.user_agent_picker] WARNING: [UnsupportedDeviceType] Family: Other, Brand: None, Model: None
2026-05-13 11:01:14 [scrapy_user_agents.user_agent_picker] WARNING: [UnsupportedBrowserType] Family: Applebot
2026-05-13 11:01:14 [scrapy_user_agents.user_agent_picker] WARNING: [UnsupportedDeviceType] Family: Other, Brand: None, Model: None
2026-05-13 11:01:14 [scrapy_user_agents.user_agent_picker] WARNING: [UnsupportedBrowserType] Family: Applebot
2026-05-13 11:01:14 [scrapy_user_agents.user_agent_picker] WARNING: [UnsupportedBrowserType] Family: Other
2026-05-13 11:01:14 [scrapy_user_agents.user_agent_picker] WARNING: [UnsupportedBrowserType] Family: Other
2026-05-13 11:01:14 [scrapy_user_agents.user_agent_picker] WARNING: [UnsupportedBrowserType] Family: PhantomJS
2026-05-13 11:01:14 [scrapy_user_agents.user_agent_picker] WARNING: [UnsupportedBrowserType] Family: SMTBot
2026-05-13 11:01:14 [scrapy_user_agents.user_agent_picker] WARNING: [UnsupportedBrowserType] Family: PhantomJS
2026-05-13 11:01:14 [scrapy_user_agents.user_agent_picker] WARNING: [UnsupportedBrowserType] Family: PhantomJS
2026-05-13 11:01:15 [scrapy_user_agents.user_agent_picker] WARNING: [UnsupportedBrowserType] Family: WebKit Nightly
2026-05-13 11:01:15 [scrapy_user_agents.user_agent_picker] WARNING: [UnsupportedBrowserType] Family: PhantomJS
2026-05-13 11:01:15 [scrapy_user_agents.user_agent_picker] WARNING: [UnsupportedDeviceType] Family: Other, Brand: None, Model: None
2026-05-13 11:01:15 [scrapy_user_agents.user_agent_picker] WARNING: [UnsupportedBrowserType] Family: PhantomJS
2026-05-13 11:01:15 [scrapy_user_agents.user_agent_picker] WARNING: [UnsupportedBrowserType] Family: PhantomJS
2026-05-13 11:01:15 [scrapy_user_agents.user_agent_picker] WARNING: [UnsupportedBrowserType] Family: Robot
2026-05-13 11:01:15 [scrapy_user_agents.user_agent_picker] WARNING: [UnsupportedDeviceType] Family: Other, Brand: None, Model: None
2026-05-13 11:01:15 [scrapy_user_agents.user_agent_picker] WARNING: [UnsupportedBrowserType] Family: Zune
2026-05-13 11:01:15 [scrapy.middleware] INFO: Enabled downloader middlewares:
['scrapy.downloadermiddlewares.offsite.OffsiteMiddleware',
 'scrapy.downloadermiddlewares.robotstxt.RobotsTxtMiddleware',
 'scrapy.downloadermiddlewares.httpauth.HttpAuthMiddleware',
 'scrapy.downloadermiddlewares.downloadtimeout.DownloadTimeoutMiddleware',
 'scrapy.downloadermiddlewares.defaultheaders.DefaultHeadersMiddleware',
 'scrapy_user_agents.middlewares.RandomUserAgentMiddleware',
 'scrapy.downloadermiddlewares.redirect.MetaRefreshMiddleware',
 'scrapy.downloadermiddlewares.httpcompression.HttpCompressionMiddleware',
 'scrapy.downloadermiddlewares.redirect.RedirectMiddleware',
 'scrapy.downloadermiddlewares.cookies.CookiesMiddleware',
 'scrapy.downloadermiddlewares.httpproxy.HttpProxyMiddleware',
 'scrapy.downloadermiddlewares.stats.DownloaderStats']
2026-05-13 11:01:15 [py.warnings] WARNING: F:\temp\venv\Lib\site-packages\scrapy\core\downloader\middleware.py:46: ScrapyDeprecationWarning: RandomUserAgentMiddleware.process_request() requires a spider argument, this is deprecated and the argument will not be passed in future Scrapy versions. If you need to access the spider instance you can save the crawler instance passed to from_crawler() and use its spider attribute.
  self._check_mw_method_spider_arg(mw.process_request)

2026-05-13 11:01:15 [scrapy.middleware] INFO: Enabled spider middlewares:
['scrapy.spidermiddlewares.start.StartSpiderMiddleware',
 'scrapy.spidermiddlewares.httperror.HttpErrorMiddleware',
 'scrapy.spidermiddlewares.referer.RefererMiddleware',
 'scrapy.spidermiddlewares.urllength.UrlLengthMiddleware',
 'scrapy.spidermiddlewares.depth.DepthMiddleware']
2026-05-13 11:01:15 [scrapy.middleware] INFO: Enabled item pipelines:
['dwh_scholar.pipelines.DwhScholarPipeline']
2026-05-13 11:01:15 [py.warnings] WARNING: F:\temp\venv\Lib\site-packages\scrapy\pipelines\__init__.py:49: ScrapyDeprecationWarning: DwhScholarPipeline.process_item() requires a spider argument, this is deprecated and the argument will not be passed in future Scrapy versions. If you need to access the spider instance you can save the crawler instance passed to from_crawler() and use its spider attribute.
  self._check_mw_method_spider_arg(pipe.process_item)

2026-05-13 11:01:15 [scrapy.core.engine] INFO: Spider opened
2026-05-13 11:01:15 [scrapy.extensions.logstats] INFO: Crawled 0 pages (at 0 pages/min), scraped 0 items (at 0 items/min)
2026-05-13 11:01:15 [scrapy.extensions.telnet] INFO: Telnet console listening on 127.0.0.1:6024
2026-05-13 11:02:15 [scrapy.extensions.logstats] INFO: Crawled 48 pages (at 48 pages/min), scraped 43 items (at 43 items/min)
2026-05-13 11:02:15 [scrapy.extensions.logstats] INFO: Crawled 48 pages (at 0 pages/min), scraped 43 items (at 0 items/min)
2026-05-13 11:02:15 [scrapy.extensions.logstats] INFO: Crawled 48 pages (at 0 pages/min), scraped 43 items (at 0 items/min)
2026-05-13 11:02:15 [scrapy.extensions.logstats] INFO: Crawled 48 pages (at 0 pages/min), scraped 43 items (at 0 items/min)
2026-05-13 11:02:15 [scrapy.extensions.logstats] INFO: Crawled 48 pages (at 0 pages/min), scraped 43 items (at 0 items/min)
2026-05-13 11:02:15 [scrapy.extensions.logstats] INFO: Crawled 48 pages (at 0 pages/min), scraped 43 items (at 0 items/min)
2026-05-13 11:02:15 [scrapy.extensions.logstats] INFO: Crawled 48 pages (at 0 pages/min), scraped 43 items (at 0 items/min)
2026-05-13 11:02:15 [scrapy.extensions.logstats] INFO: Crawled 48 pages (at 0 pages/min), scraped 43 items (at 0 items/min)
2026-05-13 11:02:15 [scrapy.extensions.logstats] INFO: Crawled 48 pages (at 0 pages/min), scraped 43 items (at 0 items/min)
2026-05-13 11:02:15 [scrapy.extensions.logstats] INFO: Crawled 48 pages (at 0 pages/min), scraped 43 items (at 0 items/min)
2026-05-13 11:02:15 [scrapy.extensions.logstats] INFO: Crawled 48 pages (at 0 pages/min), scraped 43 items (at 0 items/min)
2026-05-13 11:02:15 [scrapy.extensions.logstats] INFO: Crawled 48 pages (at 0 pages/min), scraped 43 items (at 0 items/min)
2026-05-13 11:02:15 [scrapy.extensions.logstats] INFO: Crawled 48 pages (at 0 pages/min), scraped 43 items (at 0 items/min)
2026-05-13 11:02:15 [scrapy.extensions.logstats] INFO: Crawled 48 pages (at 0 pages/min), scraped 43 items (at 0 items/min)
2026-05-13 11:02:15 [scrapy.extensions.logstats] INFO: Crawled 48 pages (at 0 pages/min), scraped 43 items (at 0 items/min)
2026-05-13 11:02:15 [scrapy.extensions.logstats] INFO: Crawled 48 pages (at 0 pages/min), scraped 43 items (at 0 items/min)
2026-05-13 11:02:15 [scrapy.extensions.logstats] INFO: Crawled 48 pages (at 0 pages/min), scraped 43 items (at 0 items/min)
2026-05-13 11:02:15 [scrapy.extensions.logstats] INFO: Crawled 48 pages (at 0 pages/min), scraped 43 items (at 0 items/min)
2026-05-13 11:02:15 [scrapy.extensions.logstats] INFO: Crawled 48 pages (at 0 pages/min), scraped 43 items (at 0 items/min)
2026-05-13 11:02:15 [scrapy.extensions.logstats] INFO: Crawled 48 pages (at 0 pages/min), scraped 43 items (at 0 items/min)
2026-05-13 11:02:15 [scrapy.extensions.logstats] INFO: Crawled 48 pages (at 0 pages/min), scraped 43 items (at 0 items/min)
2026-05-13 11:02:15 [scrapy.extensions.logstats] INFO: Crawled 48 pages (at 0 pages/min), scraped 43 items (at 0 items/min)
2026-05-13 11:02:15 [scrapy.extensions.logstats] INFO: Crawled 48 pages (at 0 pages/min), scraped 43 items (at 0 items/min)
2026-05-13 11:02:15 [scrapy.extensions.logstats] INFO: Crawled 48 pages (at 0 pages/min), scraped 43 items (at 0 items/min)
2026-05-13 11:02:15 [scrapy.extensions.logstats] INFO: Crawled 48 pages (at 0 pages/min), scraped 43 items (at 0 items/min)
2026-05-13 11:02:15 [scrapy.extensions.logstats] INFO: Crawled 48 pages (at 0 pages/min), scraped 43 items (at 0 items/min)
2026-05-13 11:02:15 [scrapy.extensions.logstats] INFO: Crawled 48 pages (at 0 pages/min), scraped 43 items (at 0 items/min)
2026-05-13 11:02:15 [scrapy.extensions.logstats] INFO: Crawled 48 pages (at 0 pages/min), scraped 43 items (at 0 items/min)
2026-05-13 11:02:15 [scrapy.extensions.logstats] INFO: Crawled 48 pages (at 0 pages/min), scraped 43 items (at 0 items/min)
2026-05-13 11:02:15 [scrapy.extensions.logstats] INFO: Crawled 48 pages (at 0 pages/min), scraped 43 items (at 0 items/min)
2026-05-13 11:02:15 [scrapy.extensions.logstats] INFO: Crawled 48 pages (at 0 pages/min), scraped 43 items (at 0 items/min)
2026-05-13 11:02:15 [scrapy.extensions.logstats] INFO: Crawled 48 pages (at 0 pages/min), scraped 43 items (at 0 items/min)
2026-05-13 11:02:15 [scrapy.extensions.logstats] INFO: Crawled 48 pages (at 0 pages/min), scraped 43 items (at 0 items/min)
2026-05-13 11:02:15 [scrapy.extensions.logstats] INFO: Crawled 48 pages (at 0 pages/min), scraped 43 items (at 0 items/min)
2026-05-13 11:02:15 [scrapy.extensions.logstats] INFO: Crawled 48 pages (at 0 pages/min), scraped 43 items (at 0 items/min)
2026-05-13 11:02:15 [scrapy.extensions.logstats] INFO: Crawled 48 pages (at 0 pages/min), scraped 43 items (at 0 items/min)
2026-05-13 11:02:15 [scrapy.extensions.logstats] INFO: Crawled 48 pages (at 0 pages/min), scraped 43 items (at 0 items/min)
2026-05-13 11:02:15 [scrapy.extensions.logstats] INFO: Crawled 48 pages (at 0 pages/min), scraped 43 items (at 0 items/min)
2026-05-13 11:02:15 [scrapy.extensions.logstats] INFO: Crawled 48 pages (at 0 pages/min), scraped 43 items (at 0 items/min)
2026-05-13 11:02:15 [scrapy.extensions.logstats] INFO: Crawled 48 pages (at 0 pages/min), scraped 43 items (at 0 items/min)
2026-05-13 11:02:15 [scrapy.extensions.logstats] INFO: Crawled 48 pages (at 0 pages/min), scraped 43 items (at 0 items/min)
2026-05-13 11:02:15 [scrapy.extensions.logstats] INFO: Crawled 48 pages (at 0 pages/min), scraped 43 items (at 0 items/min)
2026-05-13 11:03:15 [scrapy.extensions.logstats] INFO: Crawled 97 pages (at 49 pages/min), scraped 90 items (at 47 items/min)
2026-05-13 11:03:15 [scrapy.extensions.logstats] INFO: Crawled 97 pages (at 0 pages/min), scraped 90 items (at 0 items/min)
2026-05-13 11:03:35 [scrapy.core.engine] INFO: Closing spider (finished)
2026-05-13 11:03:35 [scrapy.extensions.feedexport] INFO: Stored csv feed (107 items) in: ../soict_output/data/soict_20260513_110112.csv
2026-05-13 11:03:35 [scrapy.statscollectors] INFO: Dumping Scrapy stats:
{'downloader/request_bytes': 53362,
 'downloader/request_count': 114,
 'downloader/request_method_count/GET': 114,
 'downloader/response_bytes': 2454724,
 'downloader/response_count': 114,
 'downloader/response_status_count/200': 114,
 'elapsed_time_seconds': 139.925882,
 'feedexport/success_count/FileFeedStorage': 1,
 'finish_reason': 'finished',
 'finish_time': datetime.datetime(2026, 5, 13, 4, 3, 35, 465837, tzinfo=datetime.timezone.utc),
 'httpcompression/response_bytes': 11400611,
 'httpcompression/response_count': 114,
 'item_scraped_count': 107,
 'items_per_minute': 46.187050359712224,
 'log_count/INFO': 47,
 'request_depth_max': 6,
 'response_received_count': 114,
 'responses_per_minute': 49.20863309352517,
 'robotstxt/request_count': 1,
 'robotstxt/response_count': 1,
 'robotstxt/response_status_count/200': 1,
 'scheduler/dequeued': 113,
 'scheduler/dequeued/memory': 113,
 'scheduler/enqueued': 113,
 'scheduler/enqueued/memory': 113,
 'start_time': datetime.datetime(2026, 5, 13, 4, 1, 15, 539955, tzinfo=datetime.timezone.utc)}
2026-05-13 11:03:35 [scrapy.core.engine] INFO: Spider closed (finished)
