2026-05-30 09:36:33 [scrapy.addons] INFO: Enabled addons:
[]
2026-05-30 09:36:33 [scrapy.extensions.telnet] INFO: Telnet Password: 74d515dc5fd0a962
2026-05-30 09:36:33 [scrapy.middleware] INFO: Enabled extensions:
['scrapy.extensions.corestats.CoreStats',
 'scrapy.extensions.logcount.LogCount',
 'scrapy.extensions.telnet.TelnetConsole',
 'scrapy.extensions.feedexport.FeedExporter',
 'scrapy.extensions.logstats.LogStats',
 'scrapy.extensions.throttle.AutoThrottle']
2026-05-30 09:36:33 [scrapy.crawler] INFO: Overridden settings:
{'AUTOTHROTTLE_ENABLED': True,
 'BOT_NAME': 'science_dwh',
 'CONCURRENT_REQUESTS': 32,
 'DOWNLOAD_DELAY': 1,
 'FEED_EXPORT_ENCODING': 'utf-8',
 'FEED_EXPORT_FIELDS': ['url',
                        'avt_url',
                        'ho_ten',
                        'chuc_vu',
                        'chuc_danh_kiem_nhiem',
                        'don_vi',
                        'email',
                        'nhom_chuyen_mon',
                        'dai_hoc',
                        'don_vi_truc_thuoc',
                        'html_text',
                        'thong_tin_khong_cong_bo',
                        'is_extracted',
                        'is_checked'],
 'LOG_FILE': 'f:/science_data_warehouse_repo/output/hust/smse/logs\\smse_20260530_093633.log',
 'LOG_LEVEL': 'INFO',
 'NEWSPIDER_MODULE': 'science_dwh.spiders',
 'RETRY_HTTP_CODES': [500, 502, 503, 504, 408, 429, 403],
 'RETRY_TIMES': 5,
 'ROBOTSTXT_OBEY': True,
 'SPIDER_MODULES': ['science_dwh.spiders']}
2026-05-30 09:36:33 [scrapy_user_agents.user_agent_picker] WARNING: [UnsupportedBrowserType] Family: Android
2026-05-30 09:36:33 [scrapy_user_agents.user_agent_picker] WARNING: [UnsupportedDeviceType] Family: Other, Brand: None, Model: None
2026-05-30 09:36:33 [scrapy_user_agents.user_agent_picker] WARNING: [UnsupportedDeviceType] Family: Other, Brand: None, Model: None
2026-05-30 09:36:33 [scrapy_user_agents.user_agent_picker] WARNING: [UnsupportedDeviceType] Family: Other, Brand: None, Model: None
2026-05-30 09:36:34 [scrapy_user_agents.user_agent_picker] WARNING: [UnsupportedDeviceType] Family: Sony BDV13, Brand: Sony, Model: BDV13
2026-05-30 09:36:34 [scrapy_user_agents.user_agent_picker] WARNING: [UnsupportedDeviceType] Family: Nintendo DSi, Brand: Nintendo, Model: DSi
2026-05-30 09:36:34 [scrapy_user_agents.user_agent_picker] WARNING: [UnsupportedDeviceType] Family: Other, Brand: None, Model: None
2026-05-30 09:36:34 [scrapy_user_agents.user_agent_picker] WARNING: [UnsupportedBrowserType] Family: Other
2026-05-30 09:36:34 [scrapy_user_agents.user_agent_picker] WARNING: [UnsupportedDeviceType] Family: LYF F90M, Brand: LYF, Model: F90M
2026-05-30 09:36:34 [scrapy_user_agents.user_agent_picker] WARNING: [UnsupportedDeviceType] Family: Sony BDV14, Brand: Sony, Model: BDV14
2026-05-30 09:36:34 [scrapy_user_agents.user_agent_picker] WARNING: [UnsupportedDeviceType] Family: LG Web0S SmartTV, Brand: LG, Model: Web0S SmartTV
2026-05-30 09:36:34 [scrapy_user_agents.user_agent_picker] WARNING: [UnsupportedDeviceType] Family: Other, Brand: None, Model: None
2026-05-30 09:36:34 [scrapy_user_agents.user_agent_picker] WARNING: [UnsupportedDeviceType] Family: Other, Brand: None, Model: None
2026-05-30 09:36:34 [scrapy_user_agents.user_agent_picker] WARNING: [UnsupportedDeviceType] Family: Other, Brand: None, Model: None
2026-05-30 09:36:34 [scrapy_user_agents.user_agent_picker] WARNING: [UnsupportedDeviceType] Family: Other, Brand: None, Model: None
2026-05-30 09:36:34 [scrapy_user_agents.user_agent_picker] WARNING: [UnsupportedDeviceType] Family: Other, Brand: None, Model: None
2026-05-30 09:36:34 [scrapy_user_agents.user_agent_picker] WARNING: [UnsupportedDeviceType] Family: Other, Brand: None, Model: None
2026-05-30 09:36:34 [scrapy_user_agents.user_agent_picker] WARNING: [UnsupportedDeviceType] Family: Other, Brand: None, Model: None
2026-05-30 09:36:34 [scrapy_user_agents.user_agent_picker] WARNING: [UnsupportedDeviceType] Family: Sony BDV11, Brand: Sony, Model: BDV11
2026-05-30 09:36:34 [scrapy_user_agents.user_agent_picker] WARNING: [UnsupportedDeviceType] Family: Other, Brand: None, Model: None
2026-05-30 09:36:34 [scrapy_user_agents.user_agent_picker] WARNING: [UnsupportedDeviceType] Family: Other, Brand: None, Model: None
2026-05-30 09:36:34 [scrapy_user_agents.user_agent_picker] WARNING: [UnsupportedDeviceType] Family: Other, Brand: None, Model: None
2026-05-30 09:36:34 [scrapy_user_agents.user_agent_picker] WARNING: [UnsupportedDeviceType] Family: Other, Brand: None, Model: None
2026-05-30 09:36:34 [scrapy_user_agents.user_agent_picker] WARNING: [UnsupportedDeviceType] Family: Nintendo DSi, Brand: Nintendo, Model: DSi
2026-05-30 09:36:34 [scrapy_user_agents.user_agent_picker] WARNING: [UnsupportedDeviceType] Family: LYF LF-2403N, Brand: LYF, Model: LF-2403N
2026-05-30 09:36:34 [scrapy_user_agents.user_agent_picker] WARNING: [UnsupportedDeviceType] Family: LYF F90M, Brand: LYF, Model: F90M
2026-05-30 09:36:34 [scrapy_user_agents.user_agent_picker] WARNING: [UnsupportedDeviceType] Family: Other, Brand: None, Model: None
2026-05-30 09:36:34 [scrapy_user_agents.user_agent_picker] WARNING: [UnsupportedDeviceType] Family: Other, Brand: None, Model: None
2026-05-30 09:36:34 [scrapy_user_agents.user_agent_picker] WARNING: [UnsupportedBrowserType] Family: Applebot
2026-05-30 09:36:34 [scrapy_user_agents.user_agent_picker] WARNING: [UnsupportedDeviceType] Family: Other, Brand: None, Model: None
2026-05-30 09:36:34 [scrapy_user_agents.user_agent_picker] WARNING: [UnsupportedBrowserType] Family: Applebot
2026-05-30 09:36:35 [scrapy_user_agents.user_agent_picker] WARNING: [UnsupportedBrowserType] Family: Other
2026-05-30 09:36:35 [scrapy_user_agents.user_agent_picker] WARNING: [UnsupportedBrowserType] Family: Other
2026-05-30 09:36:35 [scrapy_user_agents.user_agent_picker] WARNING: [UnsupportedBrowserType] Family: PhantomJS
2026-05-30 09:36:35 [scrapy_user_agents.user_agent_picker] WARNING: [UnsupportedBrowserType] Family: SMTBot
2026-05-30 09:36:35 [scrapy_user_agents.user_agent_picker] WARNING: [UnsupportedBrowserType] Family: PhantomJS
2026-05-30 09:36:35 [scrapy_user_agents.user_agent_picker] WARNING: [UnsupportedBrowserType] Family: PhantomJS
2026-05-30 09:36:35 [scrapy_user_agents.user_agent_picker] WARNING: [UnsupportedBrowserType] Family: WebKit Nightly
2026-05-30 09:36:35 [scrapy_user_agents.user_agent_picker] WARNING: [UnsupportedBrowserType] Family: PhantomJS
2026-05-30 09:36:35 [scrapy_user_agents.user_agent_picker] WARNING: [UnsupportedDeviceType] Family: Other, Brand: None, Model: None
2026-05-30 09:36:35 [scrapy_user_agents.user_agent_picker] WARNING: [UnsupportedBrowserType] Family: PhantomJS
2026-05-30 09:36:35 [scrapy_user_agents.user_agent_picker] WARNING: [UnsupportedBrowserType] Family: PhantomJS
2026-05-30 09:36:35 [scrapy_user_agents.user_agent_picker] WARNING: [UnsupportedBrowserType] Family: Robot
2026-05-30 09:36:35 [scrapy_user_agents.user_agent_picker] WARNING: [UnsupportedDeviceType] Family: Other, Brand: None, Model: None
2026-05-30 09:36:35 [scrapy_user_agents.user_agent_picker] WARNING: [UnsupportedBrowserType] Family: Zune
2026-05-30 09:36:35 [scrapy.middleware] INFO: Enabled downloader middlewares:
['scrapy.downloadermiddlewares.offsite.OffsiteMiddleware',
 'scrapy.downloadermiddlewares.robotstxt.RobotsTxtMiddleware',
 'scrapy.downloadermiddlewares.httpauth.HttpAuthMiddleware',
 'scrapy.downloadermiddlewares.downloadtimeout.DownloadTimeoutMiddleware',
 'scrapy.downloadermiddlewares.defaultheaders.DefaultHeadersMiddleware',
 'scrapy_user_agents.middlewares.RandomUserAgentMiddleware',
 'scrapy.downloadermiddlewares.retry.RetryMiddleware',
 'scrapy.downloadermiddlewares.redirect.MetaRefreshMiddleware',
 'scrapy.downloadermiddlewares.httpcompression.HttpCompressionMiddleware',
 'scrapy.downloadermiddlewares.redirect.RedirectMiddleware',
 'scrapy.downloadermiddlewares.cookies.CookiesMiddleware',
 'scrapy.downloadermiddlewares.httpproxy.HttpProxyMiddleware',
 'scrapy.downloadermiddlewares.stats.DownloaderStats']
2026-05-30 09:36:35 [scrapy.middleware] INFO: Enabled spider middlewares:
['scrapy.spidermiddlewares.start.StartSpiderMiddleware',
 'scrapy.spidermiddlewares.httperror.HttpErrorMiddleware',
 'scrapy_deltafetch.DeltaFetch',
 'science_dwh.middlewares.ScienceDwhSpiderMiddleware',
 'scrapy.spidermiddlewares.referer.RefererMiddleware',
 'scrapy.spidermiddlewares.urllength.UrlLengthMiddleware',
 'scrapy.spidermiddlewares.depth.DepthMiddleware']
2026-05-30 09:36:35 [scrapy.core.spidermw] WARNING: Middleware scrapy_deltafetch.middleware.DeltaFetch doesn't support asynchronous spider output, this is deprecated and will stop working in a future version of Scrapy. The middleware should be updated to support it. Please see https://docs.scrapy.org/en/latest/topics/coroutines.html#for-middleware-users for more information.
2026-05-30 09:36:35 [scrapy.core.spidermw] WARNING: Middleware science_dwh.middlewares.ScienceDwhSpiderMiddleware doesn't support asynchronous spider output, this is deprecated and will stop working in a future version of Scrapy. The middleware should be updated to support it. Please see https://docs.scrapy.org/en/latest/topics/coroutines.html#for-middleware-users for more information.
2026-05-30 09:36:35 [scrapy.middleware] INFO: Enabled item pipelines:
['science_dwh.pipelines.ScienceDwhPipeline']
2026-05-30 09:36:35 [scrapy.core.engine] INFO: Spider opened
2026-05-30 09:36:35 [scrapy.extensions.logstats] INFO: Crawled 0 pages (at 0 pages/min), scraped 0 items (at 0 items/min)
2026-05-30 09:36:35 [smse_spider] INFO: Spider opened: smse_spider
2026-05-30 09:36:35 [scrapy.extensions.telnet] INFO: Telnet console listening on 127.0.0.1:6023
2026-05-30 09:37:35 [scrapy.extensions.logstats] INFO: Crawled 40 pages (at 40 pages/min), scraped 38 items (at 38 items/min)
2026-05-30 09:37:35 [scrapy.extensions.logstats] INFO: Crawled 40 pages (at 0 pages/min), scraped 38 items (at 0 items/min)
2026-05-30 09:37:35 [scrapy.extensions.logstats] INFO: Crawled 40 pages (at 0 pages/min), scraped 38 items (at 0 items/min)
2026-05-30 09:37:35 [scrapy.extensions.logstats] INFO: Crawled 40 pages (at 0 pages/min), scraped 38 items (at 0 items/min)
2026-05-30 09:37:35 [scrapy.extensions.logstats] INFO: Crawled 40 pages (at 0 pages/min), scraped 38 items (at 0 items/min)
2026-05-30 09:37:35 [scrapy.extensions.logstats] INFO: Crawled 40 pages (at 0 pages/min), scraped 38 items (at 0 items/min)
2026-05-30 09:37:35 [scrapy.extensions.logstats] INFO: Crawled 40 pages (at 0 pages/min), scraped 38 items (at 0 items/min)
2026-05-30 09:37:35 [scrapy.extensions.logstats] INFO: Crawled 40 pages (at 0 pages/min), scraped 38 items (at 0 items/min)
2026-05-30 09:37:35 [scrapy.extensions.logstats] INFO: Crawled 40 pages (at 0 pages/min), scraped 38 items (at 0 items/min)
2026-05-30 09:37:35 [scrapy.extensions.logstats] INFO: Crawled 40 pages (at 0 pages/min), scraped 38 items (at 0 items/min)
2026-05-30 09:37:35 [scrapy.extensions.logstats] INFO: Crawled 40 pages (at 0 pages/min), scraped 38 items (at 0 items/min)
2026-05-30 09:37:35 [scrapy.extensions.logstats] INFO: Crawled 40 pages (at 0 pages/min), scraped 38 items (at 0 items/min)
2026-05-30 09:37:35 [scrapy.extensions.logstats] INFO: Crawled 40 pages (at 0 pages/min), scraped 38 items (at 0 items/min)
2026-05-30 09:37:35 [scrapy.extensions.logstats] INFO: Crawled 40 pages (at 0 pages/min), scraped 38 items (at 0 items/min)
2026-05-30 09:37:35 [scrapy.extensions.logstats] INFO: Crawled 40 pages (at 0 pages/min), scraped 38 items (at 0 items/min)
2026-05-30 09:37:35 [scrapy.extensions.logstats] INFO: Crawled 40 pages (at 0 pages/min), scraped 38 items (at 0 items/min)
2026-05-30 09:37:35 [scrapy.extensions.logstats] INFO: Crawled 40 pages (at 0 pages/min), scraped 38 items (at 0 items/min)
2026-05-30 09:37:35 [scrapy.extensions.logstats] INFO: Crawled 40 pages (at 0 pages/min), scraped 38 items (at 0 items/min)
2026-05-30 09:37:35 [scrapy.extensions.logstats] INFO: Crawled 40 pages (at 0 pages/min), scraped 38 items (at 0 items/min)
2026-05-30 09:37:35 [scrapy.extensions.logstats] INFO: Crawled 40 pages (at 0 pages/min), scraped 38 items (at 0 items/min)
2026-05-30 09:37:35 [scrapy.extensions.logstats] INFO: Crawled 40 pages (at 0 pages/min), scraped 38 items (at 0 items/min)
2026-05-30 09:37:35 [scrapy.extensions.logstats] INFO: Crawled 40 pages (at 0 pages/min), scraped 38 items (at 0 items/min)
2026-05-30 09:37:35 [scrapy.extensions.logstats] INFO: Crawled 40 pages (at 0 pages/min), scraped 38 items (at 0 items/min)
2026-05-30 09:37:35 [scrapy.extensions.logstats] INFO: Crawled 40 pages (at 0 pages/min), scraped 38 items (at 0 items/min)
2026-05-30 09:37:35 [scrapy.extensions.logstats] INFO: Crawled 40 pages (at 0 pages/min), scraped 38 items (at 0 items/min)
2026-05-30 09:37:35 [scrapy.extensions.logstats] INFO: Crawled 40 pages (at 0 pages/min), scraped 38 items (at 0 items/min)
2026-05-30 09:37:35 [scrapy.extensions.logstats] INFO: Crawled 40 pages (at 0 pages/min), scraped 38 items (at 0 items/min)
2026-05-30 09:37:35 [scrapy.extensions.logstats] INFO: Crawled 40 pages (at 0 pages/min), scraped 38 items (at 0 items/min)
2026-05-30 09:37:35 [scrapy.extensions.logstats] INFO: Crawled 40 pages (at 0 pages/min), scraped 38 items (at 0 items/min)
2026-05-30 09:37:35 [scrapy.extensions.logstats] INFO: Crawled 40 pages (at 0 pages/min), scraped 38 items (at 0 items/min)
2026-05-30 09:37:35 [scrapy.extensions.logstats] INFO: Crawled 40 pages (at 0 pages/min), scraped 38 items (at 0 items/min)
2026-05-30 09:38:35 [scrapy.extensions.logstats] INFO: Crawled 80 pages (at 40 pages/min), scraped 78 items (at 40 items/min)
2026-05-30 09:39:35 [scrapy.extensions.logstats] INFO: Crawled 120 pages (at 40 pages/min), scraped 118 items (at 40 items/min)
2026-05-30 09:39:57 [scrapy.core.engine] INFO: Closing spider (finished)
2026-05-30 09:39:57 [scrapy.extensions.feedexport] INFO: Stored jsonlines feed (134 items) in: f:/science_data_warehouse_repo/output/hust/smse/raw_data\smse.jsonl
2026-05-30 09:39:57 [scrapy.statscollectors] INFO: Dumping Scrapy stats:
{'deltafetch/stored': 134,
 'downloader/request_bytes': 123501,
 'downloader/request_count': 161,
 'downloader/request_method_count/GET': 161,
 'downloader/response_bytes': 2127156,
 'downloader/response_count': 161,
 'downloader/response_status_count/200': 136,
 'downloader/response_status_count/429': 25,
 'elapsed_time_seconds': 201.735769,
 'feedexport/success_count/FileFeedStorage': 1,
 'finish_reason': 'finished',
 'finish_time': datetime.datetime(2026, 5, 30, 2, 39, 57, 636631, tzinfo=datetime.timezone.utc),
 'httpcompression/response_bytes': 9549372,
 'httpcompression/response_count': 161,
 'item_scraped_count': 134,
 'items_per_minute': 40.0,
 'log_count/INFO': 37,
 'request_depth_max': 1,
 'response_received_count': 136,
 'responses_per_minute': 40.59701492537313,
 'retry/count': 25,
 'retry/reason_count/429 Unknown Status': 25,
 'robotstxt/request_count': 1,
 'robotstxt/response_count': 1,
 'robotstxt/response_status_count/200': 1,
 'scheduler/dequeued': 160,
 'scheduler/dequeued/memory': 160,
 'scheduler/enqueued': 160,
 'scheduler/enqueued/memory': 160,
 'start_time': datetime.datetime(2026, 5, 30, 2, 36, 35, 900862, tzinfo=datetime.timezone.utc)}
2026-05-30 09:39:57 [scrapy.core.engine] INFO: Spider closed (finished)
