30/05/2026 21:43:28 Đọc được 151 slugs
30/05/2026 21:43:28 Bắt đầu scrape 151 giảng viên
30/05/2026 21:43:29 [1/151] Đang scrape: halh
30/05/2026 21:43:30 OK: TS. Lê Hải Hà
30/05/2026 21:43:31 [2/151] Đang scrape: namvt
30/05/2026 21:43:33 OK: TS. Vũ Thành Nam
30/05/2026 21:43:33 [3/151] Đang scrape: ngoclc
30/05/2026 21:43:35 OK: PGS. TS. Lê Chí Ngọc
30/05/2026 21:43:35 [4/151] Đang scrape: thangtn
30/05/2026 21:43:37 OK: TS. Trần Ngọc Thăng
30/05/2026 21:43:38 [5/151] Đang scrape: truongnh
30/05/2026 21:43:39 OK: TS. Nguyễn Huy Trường
30/05/2026 21:43:40 [6/151] Đang scrape: hoan.nq
30/05/2026 21:43:42 OK: TS. Ngô Quốc Hoàn
30/05/2026 21:43:42 [7/151] Đang scrape: tund
30/05/2026 21:43:44 OK: ThS. Nguyễn Danh Tú
30/05/2026 21:43:44 [8/151] Đang scrape: hoalq
30/05/2026 21:43:46 OK: ThS. Lê Quang Hòa
30/05/2026 21:43:46 [9/151] Đang scrape: hannd
30/05/2026 21:43:48 OK: PGS. TS. Nguyễn Đình Hân
30/05/2026 21:43:49 [10/151] Đang scrape: huyenntt
30/05/2026 21:43:50 OK: TS. Nguyễn Thị Thanh Huyền
30/05/2026 21:43:51 [11/151] Đang scrape: dungnt
30/05/2026 21:43:52 OK: ThS. Nguyễn Tuấn Dũng
30/05/2026 21:43:53 [12/151] Đang scrape: thulk
30/05/2026 21:43:54 OK: TS. Lê Kim Thư
30/05/2026 21:43:55 [13/151] Đang scrape: hiennt
30/05/2026 21:43:56 OK: TS. Ngô Thị Hiền
30/05/2026 21:43:57 [14/151] Đang scrape: phuongvm
30/05/2026 21:43:58 OK: TS. Vương Mai Phương
30/05/2026 21:43:59 [15/151] Đang scrape: trungdd
30/05/2026 21:44:01 OK: TS. Đoàn Duy Trung
30/05/2026 21:44:01 [16/151] Đang scrape: linhph
30/05/2026 21:44:03 OK: TS. Phạm Huyền Linh
30/05/2026 21:44:03 [17/151] Đang scrape: maittt
30/05/2026 21:44:05 OK: TS. Tạ Thị Thanh Mai
30/05/2026 21:44:06 [18/151] Đang scrape: thuandd
30/05/2026 21:44:07 OK: PGS. TS. Đỗ Đức Thuận
30/05/2026 21:44:08 [19/151] Đang scrape: namnc
30/05/2026 21:44:09 OK: TS. Nguyễn Cảnh Nam
30/05/2026 21:44:10 [20/151] Đang scrape: haitn
30/05/2026 21:44:12 OK: PGS. TS. Trịnh Ngọc Hải
30/05/2026 21:44:12 [21/151] Đang scrape: hoaipt
30/05/2026 21:44:14 OK: TS. Phạm Thị Hoài
30/05/2026 21:44:14 [22/151] Đang scrape: tamdd
30/05/2026 21:44:16 OK: TS. Đỗ Đức Tâm
30/05/2026 21:44:17 [23/151] Đang scrape: sonta
30/05/2026 21:44:19 OK: TS. Tạ Anh Sơn
30/05/2026 21:44:19 [24/151] Đang scrape: yenhtn
30/05/2026 21:44:21 OK: TS. Hà Thị Ngọc Yến
30/05/2026 21:44:21 [25/151] Đang scrape: congdd
30/05/2026 21:44:23 OK: TS. Đặng Đình Công
30/05/2026 21:44:24 [26/151] Đang scrape: thuynp
30/05/2026 21:44:25 OK: TS. Nguyễn Phương Thùy
30/05/2026 21:44:26 [27/151] Đang scrape: tuan.duonganh
30/05/2026 21:44:28 OK: PGS. TS. Dương Anh Tuấn
30/05/2026 21:44:29 [28/151] Đang scrape: thanh.nt
30/05/2026 21:44:30 OK: PGS. TS. Nguyễn Trường Thanh
30/05/2026 21:44:31 [29/151] Đang scrape: dungnt2
30/05/2026 21:44:32 OK: TS. Nguyễn Trung Dũng
30/05/2026 21:44:33 [30/151] Đang scrape: tu.danghuu
30/05/2026 21:44:35 OK: TS. Đặng Hữu Tú
30/05/2026 21:44:36 [31/151] Đang scrape: hanh.nguyenvan
30/05/2026 21:44:38 OK: TS. Nguyễn Văn Hạnh
30/05/2026 21:44:38 [32/151] Đang scrape: thuyntt
30/05/2026 21:44:40 OK: PGS. TS. Nguyễn Thị Thu Thủy
30/05/2026 21:44:41 [33/151] Đang scrape: lylx
30/05/2026 21:44:42 OK: ThS. Lê Xuân Lý
30/05/2026 21:44:43 [34/151] Đang scrape: du.nguyenhuu
30/05/2026 21:44:44 OK: TS. Nguyễn Hữu Du
30/05/2026 21:44:45 [35/151] Đang scrape: anhntn
30/05/2026 21:44:46 OK: PGS. TS. Nguyễn Thị Ngọc Anh
30/05/2026 21:44:47 [36/151] Đang scrape: huevt
30/05/2026 21:44:48 OK: ThS. Vũ Thị Huệ
30/05/2026 21:44:49 [37/151] Đang scrape: hienntt
30/05/2026 21:44:51 OK: TS. Nguyễn Thị Thanh Hiền
30/05/2026 21:44:51 [38/151] Đang scrape: cuongdv
30/05/2026 21:44:53 OK: TS. Đỗ Văn Cường
30/05/2026 21:44:53 [39/151] Đang scrape: khue.tranngoc
30/05/2026 21:44:55 OK: TS. Trần Ngọc Khuê
30/05/2026 21:44:55 [40/151] Đang scrape: hai.khongvan
30/05/2026 21:44:57 OK: TS. Khổng Văn Hải
30/05/2026 21:44:58 [41/151] Đang scrape: dieubx
30/05/2026 21:44:59 OK: TS. Bùi Xuân Diệu
30/05/2026 21:45:00 [42/151] Đang scrape: huynt
30/05/2026 21:45:01 OK: PGS. TSKH. Nguyễn Thiệu Huy
30/05/2026 21:45:02 [43/151] Đang scrape: VuTuan
30/05/2026 21:45:03 OK: TS. Vũ Anh Tuấn
30/05/2026 21:45:04 [44/151] Đang scrape: thunv
30/05/2026 21:45:05 OK: PGS. TS. Ninh Văn Thu
30/05/2026 21:45:06 [45/151] Đang scrape: phiha
30/05/2026 21:45:07 OK: TS. Hà Phi
30/05/2026 21:45:08 [46/151] Đang scrape: oanhttk
30/05/2026 21:45:11 OK: TS. Trần Thị Kim Oanh
30/05/2026 21:45:11 [47/151] Đang scrape: huongntt
30/05/2026 21:45:13 OK: TS. Nguyễn Thị Thu Hương
30/05/2026 21:45:13 [48/151] Đang scrape: havtn
30/05/2026 21:45:15 OK: TS. Vũ Thị Ngọc Hà
30/05/2026 21:45:16 [49/151] Đang scrape: dinhdc
30/05/2026 21:45:17 OK: PGS. TS. Đoàn Công Định
30/05/2026 21:45:18 [50/151] Đang scrape: thanhpx
30/05/2026 21:45:19 OK: TS. Phan Xuân Thành
30/05/2026 21:45:20 [51/151] Đang scrape: thuylq
30/05/2026 21:45:21 OK: TS. Lê Quang Thủy
30/05/2026 21:45:22 [52/151] Đang scrape: hungnq
30/05/2026 21:45:24 OK: ThS. Nguyễn Quốc Hưng
30/05/2026 21:45:24 [53/151] Đang scrape: tulv
30/05/2026 21:45:26 OK: TS. Lê Văn Tứ
30/05/2026 21:45:26 [54/151] Đang scrape: tuyenvtb
30/05/2026 21:45:28 OK: TS. Vũ Thị Bích Tuyến
30/05/2026 21:45:28 [55/151] Đang scrape: tannd
30/05/2026 21:45:30 OK: PGS. TS. Nguyễn Duy Tân
30/05/2026 21:45:30 [56/151] Đang scrape: minhnc
30/05/2026 21:45:32 OK: PGS. TS. Nguyễn Công Minh
30/05/2026 21:45:32 [57/151] Đang scrape: namld
30/05/2026 21:45:34 OK: TS. Lê Đình Nam
30/05/2026 21:45:35 [58/151] Đang scrape: anhdt
30/05/2026 21:45:36 OK: PGS. TS. Đào Tuấn Anh
30/05/2026 21:45:37 [59/151] Đang scrape: haipv
30/05/2026 21:45:39 OK: TS. Phạm Việt Hải
30/05/2026 21:45:39 [60/151] Đang scrape: hoangdt
30/05/2026 21:45:41 OK: PGS. TS. Đỗ Trọng Hoàng
30/05/2026 21:45:42 [61/151] Đang scrape: toannt
30/05/2026 21:45:43 OK: PGS. TS. Nguyễn Thị Toàn
30/05/2026 21:45:44 [62/151] Đang scrape: sonnh
30/05/2026 21:45:45 OK: PGS. TS. Nguyễn Hải Sơn
30/05/2026 21:45:46 [63/151] Đang scrape: nguyenxuantho
30/05/2026 21:45:47 OK: TS. Nguyễn Xuân Thọ
30/05/2026 21:45:48 [64/151] Đang scrape: ha.trieuthu
30/05/2026 21:45:50 OK: TS. Triệu Thu Hà
30/05/2026 21:45:51 [65/151] Đang scrape: hung.nd
30/05/2026 21:45:52 OK: ThS. Nguyễn Đức Hùng
30/05/2026 21:45:53 [66/151] Đang scrape: huy.nq
30/05/2026 21:45:54 OK: ThS. Nguyễn Quang Huy
30/05/2026 21:45:54 [67/151] Đang scrape: anh.nguyenduc
30/05/2026 21:45:56 OK: ThS. Nguyễn Đức Anh
30/05/2026 21:45:57 [68/151] Đang scrape: hungle
30/05/2026 21:45:58 OK: Lê Quang Hưng
30/05/2026 21:45:59 [69/151] Đang scrape: phuongcuc
30/05/2026 21:46:00 OK: ThS. Hoàng Phương Cúc
30/05/2026 21:46:01 [70/151] Đang scrape: dodieuthao
30/05/2026 21:46:03 OK: Đỗ Diệu Thảo
30/05/2026 21:46:04 [71/151] Đang scrape: bao.buiquoc
30/05/2026 21:46:05 OK: ThS. Bùi Quốc Bảo
30/05/2026 21:46:06 [72/151] Đang scrape: vu.phamle
30/05/2026 21:46:07 OK: ThS. Phạm Lê Vũ
30/05/2026 21:46:08 [73/151] Đang scrape: chaudothithanh
30/05/2026 21:46:09 OK: ThS. Đỗ Thị Thanh Châu
30/05/2026 21:46:10 [74/151] Đang scrape: thuong.doanchi
30/05/2026 21:46:11 OK: Doãn Chí Thường
30/05/2026 21:46:12 [75/151] Đang scrape: binht
30/05/2026 21:46:13 OK: Trần Bình
30/05/2026 21:46:14 [76/151] Đang scrape: cuongk
30/05/2026 21:46:16 OK: PGS. TS. Kim Cương
30/05/2026 21:46:16 [77/151] Đang scrape: ngocbtb
30/05/2026 21:46:19 OK: TS. Bùi Tăng Bảo Ngọc
30/05/2026 21:46:20 [78/151] Đang scrape: anltt
30/05/2026 21:46:22 OK: TS. Lê Thị Thanh An
30/05/2026 21:46:22 [79/151] Đang scrape: hoangtm
30/05/2026 21:46:24 OK: ThS. Trần Minh Hoàng
30/05/2026 21:46:24 [80/151] Đang scrape: doanhnn
30/05/2026 21:46:26 OK: TS. Nguyễn Ngọc Doanh
30/05/2026 21:46:26 [81/151] Đang scrape: nhannt
30/05/2026 21:46:29 OK: Nguyễn Thị Nhạn
30/05/2026 21:46:30 [82/151] Đang scrape: trangnt
30/05/2026 21:46:31 OK: Nguyễn Thu Trang
30/05/2026 21:46:32 [83/151] Đang scrape: dambk
30/05/2026 21:46:33 OK: PGS. TS. Bùi Khởi Đàm
30/05/2026 21:46:34 [84/151] Đang scrape: minhhb
30/05/2026 21:46:35 OK: TS. Hà Bình Minh
30/05/2026 21:46:36 [85/151] Đang scrape: quangnx
30/05/2026 21:46:37 OK: ThS. Nguyễn Xuân Quang
30/05/2026 21:46:38 [86/151] Đang scrape: baotq
30/05/2026 21:46:40 OK: TS. Tăng Quốc Bảo
30/05/2026 21:46:40 [87/151] Đang scrape: binhnd
30/05/2026 21:46:42 OK: ThS. Nguyễn Doanh Bình
30/05/2026 21:46:42 [88/151] Đang scrape: dinhtv
30/05/2026 21:46:44 OK: GS. TS. Tạ Văn Đĩnh
30/05/2026 21:46:44 [89/151] Đang scrape: huypt
30/05/2026 21:46:46 OK: PGS. TS. Phan Trung Huy
30/05/2026 21:46:46 [90/151] Đang scrape: hungng
30/05/2026 21:46:48 OK: Nguyễn Gia Hùng
30/05/2026 21:46:48 [91/151] Đang scrape: sampt
30/05/2026 21:46:50 OK: Phạm Thị Sâm
30/05/2026 21:46:50 [92/151] Đang scrape: tiennh
30/05/2026 21:46:52 OK: TS. Nguyễn Hữu Tiến
30/05/2026 21:46:52 [93/151] Đang scrape: sonlh
30/05/2026 21:46:54 OK: GS. TSKH. Lê Hùng Sơn
30/05/2026 21:46:54 [94/151] Đang scrape: lanvt
30/05/2026 21:46:56 OK: Nguyễn Viết Thu La
30/05/2026 21:46:56 [95/151] Đang scrape: tukv
30/05/2026 21:46:59 OK: Kông Văn Tụ
30/05/2026 21:46:59 [96/151] Đang scrape: hienht
30/05/2026 21:47:01 OK: Hoàng Thị Hiền
30/05/2026 21:47:01 [97/151] Đang scrape: sanph
30/05/2026 21:47:03 OK: TS. Phan Hữu Sắn
30/05/2026 21:47:03 [98/151] Đang scrape: thanhndiem
30/05/2026 21:47:05 OK: Ngô Diễm Thanh
30/05/2026 21:47:06 [99/151] Đang scrape: yenntp
30/05/2026 21:47:07 OK: Nguyễn Thị Phi Yến
30/05/2026 21:47:08 [100/151] Đang scrape: hant
30/05/2026 21:47:09 OK: Nguyễn Thị Hà
30/05/2026 21:47:09 [101/151] Đang scrape: tribm
30/05/2026 21:47:11 OK: PGS. TS. Bùi Minh Trí
30/05/2026 21:47:11 [102/151] Đang scrape: admin
30/05/2026 21:47:13 OK: Nguyễn Thái Bình
30/05/2026 21:47:13 [103/151] Đang scrape: quynhlt
30/05/2026 21:47:15 OK: Lê Trọng Quỳnh
30/05/2026 21:47:15 [104/151] Đang scrape: nuqv
30/05/2026 21:47:17 OK: TS. Quản Việt Nữ
30/05/2026 21:47:17 [105/151] Đang scrape: khanhnt
30/05/2026 21:47:19 OK: Ngô Thế Khánh
30/05/2026 21:47:19 [106/151] Đang scrape: khangbt
30/05/2026 21:47:21 OK: Bùi Tuấn Khang
30/05/2026 21:47:21 [107/151] Đang scrape: dannd
30/05/2026 21:47:23 OK: Nguyễn Đình Đàn
30/05/2026 21:47:24 [108/151] Đang scrape: bongdp
30/05/2026 21:47:25 OK: TS. Đinh Phú Bồng
30/05/2026 21:47:26 [109/151] Đang scrape: vinhdq
30/05/2026 21:47:27 OK: Đỗ Quang Vinh
30/05/2026 21:47:28 [110/151] Đang scrape: vinhlt
30/05/2026 21:47:29 OK: PGS. TS. Lê Trọng Vinh
30/05/2026 21:47:30 [111/151] Đang scrape: vanpc
30/05/2026 21:47:31 OK: TS. Phan Chí Vân
30/05/2026 21:47:32 [112/151] Đang scrape: truongnp
30/05/2026 21:47:33 OK: Nguyễn Phú Trường
30/05/2026 21:47:34 [113/151] Đang scrape: sangdv
30/05/2026 21:47:35 OK: Đặng Văn Sảng
30/05/2026 21:47:36 [114/151] Đang scrape: maocx
30/05/2026 21:47:37 OK: TS. Cù Xuân Mão
30/05/2026 21:47:38 [115/151] Đang scrape: hientx
30/05/2026 21:47:39 OK: PGS. TS. Trần Xuân Hiển
30/05/2026 21:47:40 [116/151] Đang scrape: khanht
30/05/2026 21:47:41 OK: Tạ Khánh
30/05/2026 21:47:42 [117/151] Đang scrape: khaidv
30/05/2026 21:47:43 OK: PGS. TS. Đặng Văn Khải
30/05/2026 21:47:44 [118/151] Đang scrape: honv
30/05/2026 21:47:46 OK: PGS. TS. Nguyễn Văn Hộ
30/05/2026 21:47:46 [119/151] Đang scrape: trind
30/05/2026 21:47:48 OK: GS. TS. Nguyễn Đình Trí
30/05/2026 21:47:48 [120/151] Đang scrape: ngocpb
30/05/2026 21:47:50 OK: Phan Bá Ngọc
30/05/2026 21:47:50 [121/151] Đang scrape: thuongntm
30/05/2026 21:47:52 OK: Nguyễn Thị Mai Thương
30/05/2026 21:47:53 [122/151] Đang scrape: binhlk
30/05/2026 21:47:54 OK: Lâm Khải Bình
30/05/2026 21:47:55 [123/151] Đang scrape: vydt
30/05/2026 21:47:56 OK: PGS. TS. Dương Thùy Vỹ
30/05/2026 21:47:57 [124/151] Đang scrape: thangtm
30/05/2026 21:47:58 OK: ThS. Trần Mạnh Thắng
30/05/2026 21:47:59 [125/151] Đang scrape: thuannq
30/05/2026 21:48:00 OK: TS. Nguyễn Quang Thuận
30/05/2026 21:48:01 [126/151] Đang scrape: quynm
30/05/2026 21:48:02 OK: Nguyễn Mỹ Quý
30/05/2026 21:48:03 [127/151] Đang scrape: haont
30/05/2026 21:48:04 OK: Nguyễn Tài Hào
30/05/2026 21:48:05 [128/151] Đang scrape: tinhc
30/05/2026 21:48:06 OK: Hoàng Công Tín
30/05/2026 21:48:07 [129/151] Đang scrape: ninhpx
30/05/2026 21:48:10 OK: TS. Phạm Xuân Ninh
30/05/2026 21:48:10 [130/151] Đang scrape: langdd
30/05/2026 21:48:12 OK: ThS. Đặng Đình Lăng
30/05/2026 21:48:13 [131/151] Đang scrape: dieptt
30/05/2026 21:48:15 OK: PGS. Trần Tuấn Điệp
30/05/2026 21:48:16 [132/151] Đang scrape: binhngd
30/05/2026 21:48:17 OK: TS. Nguyễn Đình Bình
30/05/2026 21:48:18 [133/151] Đang scrape: quynhnh
30/05/2026 21:48:20 OK: PGS. Nguyễn Hồ Quỳnh
30/05/2026 21:48:21 [134/151] Đang scrape: sontt
30/05/2026 21:48:23 OK: PGS. TS. Thái Thanh Sơn
30/05/2026 21:48:24 [135/151] Đang scrape: tieptx
30/05/2026 21:48:29 OK: TS. Trần Xuân Tiếp
30/05/2026 21:48:30 [136/151] Đang scrape: thiennt
30/05/2026 21:48:31 OK: TS. Nguyễn Tuấn Thiện
30/05/2026 21:48:32 [137/151] Đang scrape: thanhnd
30/05/2026 21:48:34 OK: Nguyễn Định Thành
30/05/2026 21:48:34 [138/151] Đang scrape: thaint
30/05/2026 21:48:36 OK: Nguyễn Trọng Thái
30/05/2026 21:48:36 [139/151] Đang scrape: thanhnt
30/05/2026 21:48:38 OK: ThS. Nguyễn Tiến Thành
30/05/2026 21:48:38 [140/151] Đang scrape: hoailt
30/05/2026 21:48:40 OK: TS. Lê Thu Hoài
30/05/2026 21:48:40 [141/151] Đang scrape: cuongle
30/05/2026 21:48:42 OK: TS. Lê Cường
30/05/2026 21:48:43 [142/151] Đang scrape: ngocnt
30/05/2026 21:48:44 OK: ThS. Nguyễn Thái Ngọc
30/05/2026 21:48:45 [143/151] Đang scrape: datnt
30/05/2026 21:48:46 OK: ThS. Nguyễn Tiến Đạt
30/05/2026 21:48:47 [144/151] Đang scrape: toantm
30/05/2026 21:48:48 OK: ThS. Trần Minh Toàn
30/05/2026 21:48:49 [145/151] Đang scrape: hieunt
30/05/2026 21:48:50 OK: TS. Ngô Trung Hiếu
30/05/2026 21:48:50 [146/151] Đang scrape: binhtq
30/05/2026 21:48:52 OK: TS. Trần Quốc Bình
30/05/2026 21:48:53 [147/151] Đang scrape: dungtv
30/05/2026 21:48:54 OK: PGS. TS. Trần Việt Dũng
30/05/2026 21:48:55 [148/151] Đang scrape: tungtq
30/05/2026 21:48:56 OK: TS. Thiều Quang Tùng
30/05/2026 21:48:57 [149/151] Đang scrape: thaonx
30/05/2026 21:48:58 OK: PGS. TS. Nguyễn Xuân Thảo
30/05/2026 21:48:59 [150/151] Đang scrape: kimntb
30/05/2026 21:49:00 OK: PGS. TS. Nguyễn Thị Bạch Kim
30/05/2026 21:49:01 [151/151] Đang scrape: quytd
30/05/2026 21:49:02 OK: PGS. TS. Tống Đình Quỳ
30/05/2026 21:49:03 Hoàn thành! Kết quả lưu tại: F:\science_data_warehouse_repo\output/hust/fami/raw_data\fami.jsonl
