2026-05-28 11:00:54 [scrapy.addons] INFO: Enabled addons:
[]
2026-05-28 11:00:54 [scrapy.extensions.telnet] INFO: Telnet Password: 6e48277168fa0d34
2026-05-28 11:00:54 [scrapy.middleware] INFO: Enabled extensions:
['scrapy.extensions.corestats.CoreStats',
 'scrapy.extensions.logcount.LogCount',
 'scrapy.extensions.telnet.TelnetConsole',
 'scrapy.extensions.feedexport.FeedExporter',
 'scrapy.extensions.logstats.LogStats',
 'scrapy.extensions.throttle.AutoThrottle']
2026-05-28 11:00:54 [scrapy.crawler] INFO: Overridden settings:
{'AUTOTHROTTLE_ENABLED': True,
 'BOT_NAME': 'science_dwh',
 'CONCURRENT_REQUESTS': 500,
 'CONCURRENT_REQUESTS_PER_DOMAIN': 64,
 'DOWNLOAD_DELAY': 1,
 'FEED_EXPORT_ENCODING': 'utf-8',
 'FEED_EXPORT_FIELDS': ['url',
                        'avt_url',
                        'ho_ten',
                        'chuc_vu',
                        'chuc_danh_kiem_nhiem',
                        'don_vi',
                        'email',
                        'nhom_chuyen_mon',
                        'dai_hoc',
                        'don_vi_truc_thuoc',
                        'html_text',
                        'thong_tin_khong_cong_bo',
                        'is_extracted',
                        'is_checked'],
 'LOG_FILE': 'f:/science_data_warehouse_repo/output/hust/scls/logs/scls_20260528_110054.log',
 'LOG_LEVEL': 'INFO',
 'NEWSPIDER_MODULE': 'science_dwh.spiders',
 'RETRY_HTTP_CODES': [500, 502, 503, 504, 408, 429, 403],
 'RETRY_TIMES': 5,
 'ROBOTSTXT_OBEY': True,
 'SPIDER_MODULES': ['science_dwh.spiders']}
2026-05-28 11:00:54 [scrapy_user_agents.user_agent_picker] WARNING: [UnsupportedBrowserType] Family: Android
2026-05-28 11:00:54 [scrapy_user_agents.user_agent_picker] WARNING: [UnsupportedDeviceType] Family: Other, Brand: None, Model: None
2026-05-28 11:00:54 [scrapy_user_agents.user_agent_picker] WARNING: [UnsupportedDeviceType] Family: Other, Brand: None, Model: None
2026-05-28 11:00:55 [scrapy_user_agents.user_agent_picker] WARNING: [UnsupportedDeviceType] Family: Other, Brand: None, Model: None
2026-05-28 11:00:55 [scrapy_user_agents.user_agent_picker] WARNING: [UnsupportedDeviceType] Family: Sony BDV13, Brand: Sony, Model: BDV13
2026-05-28 11:00:55 [scrapy_user_agents.user_agent_picker] WARNING: [UnsupportedDeviceType] Family: Nintendo DSi, Brand: Nintendo, Model: DSi
2026-05-28 11:00:55 [scrapy_user_agents.user_agent_picker] WARNING: [UnsupportedDeviceType] Family: Other, Brand: None, Model: None
2026-05-28 11:00:55 [scrapy_user_agents.user_agent_picker] WARNING: [UnsupportedBrowserType] Family: Other
2026-05-28 11:00:55 [scrapy_user_agents.user_agent_picker] WARNING: [UnsupportedDeviceType] Family: LYF F90M, Brand: LYF, Model: F90M
2026-05-28 11:00:55 [scrapy_user_agents.user_agent_picker] WARNING: [UnsupportedDeviceType] Family: Sony BDV14, Brand: Sony, Model: BDV14
2026-05-28 11:00:55 [scrapy_user_agents.user_agent_picker] WARNING: [UnsupportedDeviceType] Family: LG Web0S SmartTV, Brand: LG, Model: Web0S SmartTV
2026-05-28 11:00:55 [scrapy_user_agents.user_agent_picker] WARNING: [UnsupportedDeviceType] Family: Other, Brand: None, Model: None
2026-05-28 11:00:55 [scrapy_user_agents.user_agent_picker] WARNING: [UnsupportedDeviceType] Family: Other, Brand: None, Model: None
2026-05-28 11:00:55 [scrapy_user_agents.user_agent_picker] WARNING: [UnsupportedDeviceType] Family: Other, Brand: None, Model: None
2026-05-28 11:00:55 [scrapy_user_agents.user_agent_picker] WARNING: [UnsupportedDeviceType] Family: Other, Brand: None, Model: None
2026-05-28 11:00:55 [scrapy_user_agents.user_agent_picker] WARNING: [UnsupportedDeviceType] Family: Other, Brand: None, Model: None
2026-05-28 11:00:55 [scrapy_user_agents.user_agent_picker] WARNING: [UnsupportedDeviceType] Family: Other, Brand: None, Model: None
2026-05-28 11:00:55 [scrapy_user_agents.user_agent_picker] WARNING: [UnsupportedDeviceType] Family: Other, Brand: None, Model: None
2026-05-28 11:00:55 [scrapy_user_agents.user_agent_picker] WARNING: [UnsupportedDeviceType] Family: Sony BDV11, Brand: Sony, Model: BDV11
2026-05-28 11:00:55 [scrapy_user_agents.user_agent_picker] WARNING: [UnsupportedDeviceType] Family: Other, Brand: None, Model: None
2026-05-28 11:00:55 [scrapy_user_agents.user_agent_picker] WARNING: [UnsupportedDeviceType] Family: Other, Brand: None, Model: None
2026-05-28 11:00:55 [scrapy_user_agents.user_agent_picker] WARNING: [UnsupportedDeviceType] Family: Other, Brand: None, Model: None
2026-05-28 11:00:55 [scrapy_user_agents.user_agent_picker] WARNING: [UnsupportedDeviceType] Family: Other, Brand: None, Model: None
2026-05-28 11:00:55 [scrapy_user_agents.user_agent_picker] WARNING: [UnsupportedDeviceType] Family: Nintendo DSi, Brand: Nintendo, Model: DSi
2026-05-28 11:00:55 [scrapy_user_agents.user_agent_picker] WARNING: [UnsupportedDeviceType] Family: LYF LF-2403N, Brand: LYF, Model: LF-2403N
2026-05-28 11:00:55 [scrapy_user_agents.user_agent_picker] WARNING: [UnsupportedDeviceType] Family: LYF F90M, Brand: LYF, Model: F90M
2026-05-28 11:00:55 [scrapy_user_agents.user_agent_picker] WARNING: [UnsupportedDeviceType] Family: Other, Brand: None, Model: None
2026-05-28 11:00:55 [scrapy_user_agents.user_agent_picker] WARNING: [UnsupportedDeviceType] Family: Other, Brand: None, Model: None
2026-05-28 11:00:56 [scrapy_user_agents.user_agent_picker] WARNING: [UnsupportedBrowserType] Family: Applebot
2026-05-28 11:00:56 [scrapy_user_agents.user_agent_picker] WARNING: [UnsupportedDeviceType] Family: Other, Brand: None, Model: None
2026-05-28 11:00:56 [scrapy_user_agents.user_agent_picker] WARNING: [UnsupportedBrowserType] Family: Applebot
2026-05-28 11:00:56 [scrapy_user_agents.user_agent_picker] WARNING: [UnsupportedBrowserType] Family: Other
2026-05-28 11:00:56 [scrapy_user_agents.user_agent_picker] WARNING: [UnsupportedBrowserType] Family: Other
2026-05-28 11:00:56 [scrapy_user_agents.user_agent_picker] WARNING: [UnsupportedBrowserType] Family: PhantomJS
2026-05-28 11:00:56 [scrapy_user_agents.user_agent_picker] WARNING: [UnsupportedBrowserType] Family: SMTBot
2026-05-28 11:00:56 [scrapy_user_agents.user_agent_picker] WARNING: [UnsupportedBrowserType] Family: PhantomJS
2026-05-28 11:00:56 [scrapy_user_agents.user_agent_picker] WARNING: [UnsupportedBrowserType] Family: PhantomJS
2026-05-28 11:00:56 [scrapy_user_agents.user_agent_picker] WARNING: [UnsupportedBrowserType] Family: WebKit Nightly
2026-05-28 11:00:56 [scrapy_user_agents.user_agent_picker] WARNING: [UnsupportedBrowserType] Family: PhantomJS
2026-05-28 11:00:56 [scrapy_user_agents.user_agent_picker] WARNING: [UnsupportedDeviceType] Family: Other, Brand: None, Model: None
2026-05-28 11:00:56 [scrapy_user_agents.user_agent_picker] WARNING: [UnsupportedBrowserType] Family: PhantomJS
2026-05-28 11:00:56 [scrapy_user_agents.user_agent_picker] WARNING: [UnsupportedBrowserType] Family: PhantomJS
2026-05-28 11:00:56 [scrapy_user_agents.user_agent_picker] WARNING: [UnsupportedBrowserType] Family: Robot
2026-05-28 11:00:56 [scrapy_user_agents.user_agent_picker] WARNING: [UnsupportedDeviceType] Family: Other, Brand: None, Model: None
2026-05-28 11:00:56 [scrapy_user_agents.user_agent_picker] WARNING: [UnsupportedBrowserType] Family: Zune
2026-05-28 11:00:56 [scrapy.middleware] INFO: Enabled downloader middlewares:
['scrapy.downloadermiddlewares.offsite.OffsiteMiddleware',
 'scrapy.downloadermiddlewares.robotstxt.RobotsTxtMiddleware',
 'scrapy.downloadermiddlewares.httpauth.HttpAuthMiddleware',
 'scrapy.downloadermiddlewares.downloadtimeout.DownloadTimeoutMiddleware',
 'scrapy.downloadermiddlewares.defaultheaders.DefaultHeadersMiddleware',
 'scrapy_user_agents.middlewares.RandomUserAgentMiddleware',
 'scrapy.downloadermiddlewares.retry.RetryMiddleware',
 'scrapy.downloadermiddlewares.redirect.MetaRefreshMiddleware',
 'scrapy.downloadermiddlewares.httpcompression.HttpCompressionMiddleware',
 'scrapy.downloadermiddlewares.redirect.RedirectMiddleware',
 'scrapy.downloadermiddlewares.cookies.CookiesMiddleware',
 'scrapy.downloadermiddlewares.httpproxy.HttpProxyMiddleware',
 'scrapy.downloadermiddlewares.stats.DownloaderStats']
2026-05-28 11:00:56 [scrapy.middleware] INFO: Enabled spider middlewares:
['scrapy.spidermiddlewares.start.StartSpiderMiddleware',
 'scrapy.spidermiddlewares.httperror.HttpErrorMiddleware',
 'scrapy_deltafetch.DeltaFetch',
 'science_dwh.middlewares.ScienceDwhSpiderMiddleware',
 'scrapy.spidermiddlewares.referer.RefererMiddleware',
 'scrapy.spidermiddlewares.urllength.UrlLengthMiddleware',
 'scrapy.spidermiddlewares.depth.DepthMiddleware']
2026-05-28 11:00:56 [scrapy.core.spidermw] WARNING: Middleware scrapy_deltafetch.middleware.DeltaFetch doesn't support asynchronous spider output, this is deprecated and will stop working in a future version of Scrapy. The middleware should be updated to support it. Please see https://docs.scrapy.org/en/latest/topics/coroutines.html#for-middleware-users for more information.
2026-05-28 11:00:56 [scrapy.core.spidermw] WARNING: Middleware science_dwh.middlewares.ScienceDwhSpiderMiddleware doesn't support asynchronous spider output, this is deprecated and will stop working in a future version of Scrapy. The middleware should be updated to support it. Please see https://docs.scrapy.org/en/latest/topics/coroutines.html#for-middleware-users for more information.
2026-05-28 11:00:56 [scrapy.middleware] INFO: Enabled item pipelines:
['science_dwh.pipelines.ScienceDwhPipeline']
2026-05-28 11:00:56 [scrapy.core.engine] INFO: Spider opened
2026-05-28 11:00:56 [scrapy.extensions.logstats] INFO: Crawled 0 pages (at 0 pages/min), scraped 0 items (at 0 items/min)
2026-05-28 11:00:56 [scls_spider] INFO: Spider opened: scls_spider
2026-05-28 11:00:56 [scrapy.extensions.telnet] INFO: Telnet console listening on 127.0.0.1:6023
2026-05-28 11:01:03 [scrapy_deltafetch.middleware] INFO: Ignoring already visited: <GET https://scls.hust.edu.vn/vi/organs/person/Ban-Giam-hieu-1/PGS-TS-Chu-Ky-Son-2/>
2026-05-28 11:01:03 [scrapy_deltafetch.middleware] INFO: Ignoring already visited: <GET https://scls.hust.edu.vn/vi/organs/person/Ban-Giam-hieu-1/PGS-TS-La-The-Vinh-1/>
2026-05-28 11:01:03 [scrapy_deltafetch.middleware] INFO: Ignoring already visited: <GET https://scls.hust.edu.vn/vi/organs/person/Ban-Giam-hieu-1/PGS-TS-Nguyen-Thi-Anh-Tuyet-4/>
2026-05-28 11:01:03 [scrapy_deltafetch.middleware] INFO: Ignoring already visited: <GET https://scls.hust.edu.vn/vi/organs/person/Ban-Giam-hieu-1/PGS-TS-Nguyen-Hong-Lien-3/>
2026-05-28 11:01:03 [scrapy_deltafetch.middleware] INFO: Ignoring already visited: <GET https://scls.hust.edu.vn/vi/organs/person/Khoa-Hoa-hoc-17/PGS-TS-Nguyen-Xuan-Truong-15/>
2026-05-28 11:01:03 [scrapy_deltafetch.middleware] INFO: Ignoring already visited: <GET https://scls.hust.edu.vn/vi/organs/person/Khoa-Hoa-hoc-17/PGS-TS-Vu-Anh-Tuan-26/>
2026-05-28 11:01:03 [scrapy_deltafetch.middleware] INFO: Ignoring already visited: <GET https://scls.hust.edu.vn/vi/organs/person/Khoa-Hoa-hoc-17/PGS-TS-Tran-Thi-Minh-30/>
2026-05-28 11:01:03 [scrapy_deltafetch.middleware] INFO: Ignoring already visited: <GET https://scls.hust.edu.vn/vi/organs/person/Khoa-Hoa-hoc-17/PGS-TS-Nguyen-Ngoc-Tue-175/>
2026-05-28 11:01:03 [scrapy_deltafetch.middleware] INFO: Ignoring already visited: <GET https://scls.hust.edu.vn/vi/organs/person/Khoa-Hoa-hoc-17/PGS-TS-Trinh-Xuan-Anh-218/>
2026-05-28 11:01:03 [scrapy_deltafetch.middleware] INFO: Ignoring already visited: <GET https://scls.hust.edu.vn/vi/organs/person/Khoa-Hoa-hoc-17/PGS-TS-Nguyen-Trong-Nghia-214/>
2026-05-28 11:01:03 [scrapy_deltafetch.middleware] INFO: Ignoring already visited: <GET https://scls.hust.edu.vn/vi/organs/person/Khoa-Hoa-hoc-17/TS-Truong-Duc-Duc-217/>
2026-05-28 11:01:03 [scrapy_deltafetch.middleware] INFO: Ignoring already visited: <GET https://scls.hust.edu.vn/vi/organs/person/Khoa-Hoa-hoc-17/TS-Nguyen-Van-Nghia-215/>
2026-05-28 11:01:03 [scrapy_deltafetch.middleware] INFO: Ignoring already visited: <GET https://scls.hust.edu.vn/vi/organs/person/Khoa-Hoa-hoc-17/PGS-TS-Nghiem-Thi-Thuong-24/>
2026-05-28 11:01:03 [scrapy_deltafetch.middleware] INFO: Ignoring already visited: <GET https://scls.hust.edu.vn/vi/organs/person/Khoa-Hoa-hoc-17/TS-Tran-Quang-Tung-25/>
2026-05-28 11:01:03 [scrapy_deltafetch.middleware] INFO: Ignoring already visited: <GET https://scls.hust.edu.vn/vi/organs/person/Khoa-Hoa-hoc-17/PGS-TS-Pham-Van-Tien-21/>
2026-05-28 11:01:03 [scrapy_deltafetch.middleware] INFO: Ignoring already visited: <GET https://scls.hust.edu.vn/vi/organs/person/Khoa-Hoa-hoc-17/TS-Le-Dieu-Thu-27/>
2026-05-28 11:01:03 [scrapy_deltafetch.middleware] INFO: Ignoring already visited: <GET https://scls.hust.edu.vn/vi/organs/person/Khoa-Hoa-hoc-17/TS-Phan-Van-Hoa-28/>
2026-05-28 11:01:03 [scrapy_deltafetch.middleware] INFO: Ignoring already visited: <GET https://scls.hust.edu.vn/vi/organs/person/Khoa-Hoa-hoc-17/PGS-TS-Phan-Trung-Nghia-29/>
2026-05-28 11:01:03 [scrapy_deltafetch.middleware] INFO: Ignoring already visited: <GET https://scls.hust.edu.vn/vi/organs/person/Khoa-Hoa-hoc-17/PGS-TS-Nguyen-Thi-Tuyet-Mai-22/>
2026-05-28 11:01:03 [scrapy_deltafetch.middleware] INFO: Ignoring already visited: <GET https://scls.hust.edu.vn/vi/organs/person/Khoa-Hoa-hoc-17/PGS-TS-Tran-Thuong-Quang-31/>
2026-05-28 11:01:03 [scrapy_deltafetch.middleware] INFO: Ignoring already visited: <GET https://scls.hust.edu.vn/vi/organs/person/Khoa-Hoa-hoc-17/PGS-TS-Tran-Thu-Huong-153/>
2026-05-28 11:01:03 [scrapy_deltafetch.middleware] INFO: Ignoring already visited: <GET https://scls.hust.edu.vn/vi/organs/person/Khoa-Hoa-hoc-17/TS-DS-Nguyen-Van-Thong-154/>
2026-05-28 11:01:03 [scrapy_deltafetch.middleware] INFO: Ignoring already visited: <GET https://scls.hust.edu.vn/vi/organs/person/Khoa-Hoa-hoc-17/TS-Le-Van-Duong-155/>
2026-05-28 11:01:03 [scrapy_deltafetch.middleware] INFO: Ignoring already visited: <GET https://scls.hust.edu.vn/vi/organs/person/Khoa-Hoa-hoc-17/TS-Le-Huyen-Tram-156/>
2026-05-28 11:01:03 [scrapy_deltafetch.middleware] INFO: Ignoring already visited: <GET https://scls.hust.edu.vn/vi/organs/person/Khoa-Hoa-hoc-17/TS-Nguyen-Thi-Lan-158/>
2026-05-28 11:01:03 [scrapy_deltafetch.middleware] INFO: Ignoring already visited: <GET https://scls.hust.edu.vn/vi/organs/person/Khoa-Hoa-hoc-17/PGS-TS-Tran-Thi-Luyen-159/>
2026-05-28 11:01:03 [scrapy_deltafetch.middleware] INFO: Ignoring already visited: <GET https://scls.hust.edu.vn/vi/organs/person/Khoa-Hoa-hoc-17/TS-Tran-Thi-Thu-Huyen-160/>
2026-05-28 11:01:03 [scrapy_deltafetch.middleware] INFO: Ignoring already visited: <GET https://scls.hust.edu.vn/vi/organs/person/Khoa-Hoa-hoc-17/TS-Nguyen-Ngoc-Thinh-161/>
2026-05-28 11:01:03 [scrapy_deltafetch.middleware] INFO: Ignoring already visited: <GET https://scls.hust.edu.vn/vi/organs/person/Khoa-Hoa-hoc-17/PGS-TS-Tran-Vinh-Hoang-162/>
2026-05-28 11:01:03 [scrapy_deltafetch.middleware] INFO: Ignoring already visited: <GET https://scls.hust.edu.vn/vi/organs/person/Khoa-Hoa-hoc-17/PGS-TS-Nguyen-Thu-Ha-23/>
2026-05-28 11:01:03 [scrapy_deltafetch.middleware] INFO: Ignoring already visited: <GET https://scls.hust.edu.vn/vi/organs/person/Khoa-Hoa-hoc-17/TS-Nguyen-Duc-Trung-178/>
2026-05-28 11:01:03 [scrapy_deltafetch.middleware] INFO: Ignoring already visited: <GET https://scls.hust.edu.vn/vi/organs/person/Khoa-Hoa-hoc-17/GS-TS-Nguyen-Kim-Nga-179/>
2026-05-28 11:01:03 [scrapy_deltafetch.middleware] INFO: Ignoring already visited: <GET https://scls.hust.edu.vn/vi/organs/person/Khoa-Hoa-hoc-17/TS-Dang-Thanh-Tung-180/>
2026-05-28 11:01:03 [scrapy_deltafetch.middleware] INFO: Ignoring already visited: <GET https://scls.hust.edu.vn/vi/organs/person/Khoa-Hoa-hoc-17/PGS-TS-Tran-Thi-Thuy-181/>
2026-05-28 11:01:03 [scrapy_deltafetch.middleware] INFO: Ignoring already visited: <GET https://scls.hust.edu.vn/vi/organs/person/Khoa-Hoa-hoc-17/TS-Giang-Thi-Phuong-Ly-182/>
2026-05-28 11:01:03 [scrapy_deltafetch.middleware] INFO: Ignoring already visited: <GET https://scls.hust.edu.vn/vi/organs/person/Khoa-Hoa-hoc-17/TS-Cao-Hong-Ha-183/>
2026-05-28 11:01:03 [scrapy_deltafetch.middleware] INFO: Ignoring already visited: <GET https://scls.hust.edu.vn/vi/organs/person/Khoa-Hoa-hoc-17/PGS-TS-Nguyen-Thi-Viet-Thanh-216/>
2026-05-28 11:01:03 [scrapy_deltafetch.middleware] INFO: Ignoring already visited: <GET https://scls.hust.edu.vn/vi/organs/person/Khoa-Hoa-hoc-17/ThS-Bui-Thi-Thanh-Binh-219/>
2026-05-28 11:01:03 [scrapy_deltafetch.middleware] INFO: Ignoring already visited: <GET https://scls.hust.edu.vn/vi/organs/person/Khoa-Hoa-hoc-17/PGS-TS-Nguyen-Van-Anh-222/>
2026-05-28 11:01:03 [scrapy_deltafetch.middleware] INFO: Ignoring already visited: <GET https://scls.hust.edu.vn/vi/organs/person/Khoa-Hoa-hoc-17/TS-Tran-Van-Anh-223/>
2026-05-28 11:01:03 [scrapy_deltafetch.middleware] INFO: Ignoring already visited: <GET https://scls.hust.edu.vn/vi/organs/person/Khoa-Hoa-hoc-17/TS-Nguyen-Thi-Ha-224/>
2026-05-28 11:01:03 [scrapy_deltafetch.middleware] INFO: Ignoring already visited: <GET https://scls.hust.edu.vn/vi/organs/person/Khoa-Hoa-hoc-17/TS-Le-Trong-Huyen-225/>
2026-05-28 11:01:03 [scrapy_deltafetch.middleware] INFO: Ignoring already visited: <GET https://scls.hust.edu.vn/vi/organs/person/Khoa-Hoa-hoc-17/ThS-Tran-Thu-Quynh-226/>
2026-05-28 11:01:03 [scrapy_deltafetch.middleware] INFO: Ignoring already visited: <GET https://scls.hust.edu.vn/vi/organs/person/Khoa-Hoa-hoc-17/PGS-TS-Huynh-Dang-Chinh-227/>
2026-05-28 11:01:03 [scrapy_deltafetch.middleware] INFO: Ignoring already visited: <GET https://scls.hust.edu.vn/vi/organs/person/Khoa-Hoa-hoc-17/PGS-TS-Luong-Xuan-Dien-228/>
2026-05-28 11:01:03 [scrapy_deltafetch.middleware] INFO: Ignoring already visited: <GET https://scls.hust.edu.vn/vi/organs/person/Khoa-Hoa-hoc-17/TS-Dang-Thi-Minh-Hue-229/>
2026-05-28 11:01:03 [scrapy_deltafetch.middleware] INFO: Ignoring already visited: <GET https://scls.hust.edu.vn/vi/organs/person/Khoa-Hoa-hoc-17/TS-Nguyen-Thi-Thuy-Nga-230/>
2026-05-28 11:01:03 [scrapy_deltafetch.middleware] INFO: Ignoring already visited: <GET https://scls.hust.edu.vn/vi/organs/person/Khoa-Hoa-hoc-17/PGS-TS-Chu-Dinh-Binh-245/>
2026-05-28 11:01:03 [scrapy_deltafetch.middleware] INFO: Ignoring already visited: <GET https://scls.hust.edu.vn/vi/organs/person/Khoa-Hoa-hoc-17/PGS-TS-Nguyen-Thi-Thu-Ha-252/>
2026-05-28 11:01:03 [scrapy_deltafetch.middleware] INFO: Ignoring already visited: <GET https://scls.hust.edu.vn/vi/organs/person/Khoa-Ky-thuat-Hoa-hoc-16/PGS-TS-Dang-Trung-Dung-13/>
2026-05-28 11:01:03 [scrapy_deltafetch.middleware] INFO: Ignoring already visited: <GET https://scls.hust.edu.vn/vi/organs/person/Khoa-Ky-thuat-Hoa-hoc-16/PGS-TS-Phan-Thi-To-Nga-38/>
2026-05-28 11:01:03 [scrapy_deltafetch.middleware] INFO: Ignoring already visited: <GET https://scls.hust.edu.vn/vi/organs/person/Khoa-Ky-thuat-Hoa-hoc-16/TS-Nguyen-Dang-Binh-Thanh-67/>
2026-05-28 11:01:03 [scrapy_deltafetch.middleware] INFO: Ignoring already visited: <GET https://scls.hust.edu.vn/vi/organs/person/Khoa-Ky-thuat-Hoa-hoc-16/TS-Nguyen-Duong-Dinh-73/>
2026-05-28 11:01:03 [scrapy_deltafetch.middleware] INFO: Ignoring already visited: <GET https://scls.hust.edu.vn/vi/organs/person/Khoa-Ky-thuat-Hoa-hoc-16/TS-Ho-Duc-Cuong-45/>
2026-05-28 11:01:03 [scrapy_deltafetch.middleware] INFO: Ignoring already visited: <GET https://scls.hust.edu.vn/vi/organs/person/Khoa-Ky-thuat-Hoa-hoc-16/PGS-TS-Le-Thi-Thu-Hang-35/>
2026-05-28 11:01:03 [scrapy_deltafetch.middleware] INFO: Ignoring already visited: <GET https://scls.hust.edu.vn/vi/organs/person/Khoa-Ky-thuat-Hoa-hoc-16/PGS-TS-Pham-Thanh-Huyen-40/>
2026-05-28 11:01:03 [scrapy_deltafetch.middleware] INFO: Ignoring already visited: <GET https://scls.hust.edu.vn/vi/organs/person/Khoa-Ky-thuat-Hoa-hoc-16/TS-Nguyen-Anh-Vu-39/>
2026-05-28 11:01:03 [scrapy_deltafetch.middleware] INFO: Ignoring already visited: <GET https://scls.hust.edu.vn/vi/organs/person/Khoa-Ky-thuat-Hoa-hoc-16/TS-Nguyen-Thi-Thu-Huyen-34/>
2026-05-28 11:01:03 [scrapy_deltafetch.middleware] INFO: Ignoring already visited: <GET https://scls.hust.edu.vn/vi/organs/person/Khoa-Ky-thuat-Hoa-hoc-16/ThS-Dang-Viet-Anh-Dung-41/>
2026-05-28 11:01:03 [scrapy_deltafetch.middleware] INFO: Ignoring already visited: <GET https://scls.hust.edu.vn/vi/organs/person/Khoa-Ky-thuat-Hoa-hoc-16/TS-Chu-Thi-Hai-Nam-42/>
2026-05-28 11:01:03 [scrapy_deltafetch.middleware] INFO: Ignoring already visited: <GET https://scls.hust.edu.vn/vi/organs/person/Khoa-Ky-thuat-Hoa-hoc-16/PGS-TS-Van-Dinh-Son-Tho-43/>
2026-05-28 11:01:03 [scrapy_deltafetch.middleware] INFO: Ignoring already visited: <GET https://scls.hust.edu.vn/vi/organs/person/Khoa-Ky-thuat-Hoa-hoc-16/PGS-TS-Hoang-Thi-Bich-Thuy-37/>
2026-05-28 11:01:03 [scrapy_deltafetch.middleware] INFO: Ignoring already visited: <GET https://scls.hust.edu.vn/vi/organs/person/Khoa-Ky-thuat-Hoa-hoc-16/TS-Le-Thi-Anh-36/>
2026-05-28 11:01:03 [scrapy_deltafetch.middleware] INFO: Ignoring already visited: <GET https://scls.hust.edu.vn/vi/organs/person/Khoa-Ky-thuat-Hoa-hoc-16/PGS-TS-Tran-Khac-Vu-46/>
2026-05-28 11:01:03 [scrapy_deltafetch.middleware] INFO: Ignoring already visited: <GET https://scls.hust.edu.vn/vi/organs/person/Khoa-Ky-thuat-Hoa-hoc-16/TS-Dinh-Thi-Phuong-Anh-47/>
2026-05-28 11:01:03 [scrapy_deltafetch.middleware] INFO: Ignoring already visited: <GET https://scls.hust.edu.vn/vi/organs/person/Khoa-Ky-thuat-Hoa-hoc-16/TS-Le-Thi-Thuy-48/>
2026-05-28 11:01:03 [scrapy_deltafetch.middleware] INFO: Ignoring already visited: <GET https://scls.hust.edu.vn/vi/organs/person/Khoa-Ky-thuat-Hoa-hoc-16/TS-Nguyen-Thi-Thuy-My-49/>
2026-05-28 11:01:03 [scrapy_deltafetch.middleware] INFO: Ignoring already visited: <GET https://scls.hust.edu.vn/vi/organs/person/Khoa-Ky-thuat-Hoa-hoc-16/TS-Nguyen-Tuan-Anh-50/>
2026-05-28 11:01:03 [scrapy_deltafetch.middleware] INFO: Ignoring already visited: <GET https://scls.hust.edu.vn/vi/organs/person/Khoa-Ky-thuat-Hoa-hoc-16/TS-Nguyen-Thi-Minh-Phuong-51/>
2026-05-28 11:01:03 [scrapy_deltafetch.middleware] INFO: Ignoring already visited: <GET https://scls.hust.edu.vn/vi/organs/person/Khoa-Ky-thuat-Hoa-hoc-16/PGS-TS-Le-Quang-Dien-52/>
2026-05-28 11:01:03 [scrapy_deltafetch.middleware] INFO: Ignoring already visited: <GET https://scls.hust.edu.vn/vi/organs/person/Khoa-Ky-thuat-Hoa-hoc-16/TS-Thai-Dinh-Cuong-53/>
2026-05-28 11:01:03 [scrapy_deltafetch.middleware] INFO: Ignoring already visited: <GET https://scls.hust.edu.vn/vi/organs/person/Khoa-Ky-thuat-Hoa-hoc-16/TS-Nguyen-Hoang-Chung-54/>
2026-05-28 11:01:03 [scrapy_deltafetch.middleware] INFO: Ignoring already visited: <GET https://scls.hust.edu.vn/vi/organs/person/Khoa-Ky-thuat-Hoa-hoc-16/PGS-TS-Dang-Viet-Hung-55/>
2026-05-28 11:01:03 [scrapy_deltafetch.middleware] INFO: Ignoring already visited: <GET https://scls.hust.edu.vn/vi/organs/person/Khoa-Ky-thuat-Hoa-hoc-16/PGS-TS-Phan-Huy-Hoang-56/>
2026-05-28 11:01:03 [scrapy_deltafetch.middleware] INFO: Ignoring already visited: <GET https://scls.hust.edu.vn/vi/organs/person/Khoa-Ky-thuat-Hoa-hoc-16/TS-Cao-Thi-Mai-Duyen-57/>
2026-05-28 11:01:03 [scrapy_deltafetch.middleware] INFO: Ignoring already visited: <GET https://scls.hust.edu.vn/vi/organs/person/Khoa-Ky-thuat-Hoa-hoc-16/TS-Dang-Thi-Tuyet-Ngan-58/>
2026-05-28 11:01:03 [scrapy_deltafetch.middleware] INFO: Ignoring already visited: <GET https://scls.hust.edu.vn/vi/organs/person/Khoa-Ky-thuat-Hoa-hoc-16/PGS-TS-Do-Xuan-Truong-59/>
2026-05-28 11:01:03 [scrapy_deltafetch.middleware] INFO: Ignoring already visited: <GET https://scls.hust.edu.vn/vi/organs/person/Khoa-Ky-thuat-Hoa-hoc-16/PGS-TS-Tran-Trung-Kien-60/>
2026-05-28 11:01:03 [scrapy_deltafetch.middleware] INFO: Ignoring already visited: <GET https://scls.hust.edu.vn/vi/organs/person/Khoa-Ky-thuat-Hoa-hoc-16/TS-Tran-Vu-Tung-Lam-61/>
2026-05-28 11:01:03 [scrapy_deltafetch.middleware] INFO: Ignoring already visited: <GET https://scls.hust.edu.vn/vi/organs/person/Khoa-Ky-thuat-Hoa-hoc-16/TS-Nghiem-Xuan-Son-62/>
2026-05-28 11:01:03 [scrapy_deltafetch.middleware] INFO: Ignoring already visited: <GET https://scls.hust.edu.vn/vi/organs/person/Khoa-Ky-thuat-Hoa-hoc-16/PGS-TS-Nguyen-Minh-Tan-63/>
2026-05-28 11:01:03 [scrapy_deltafetch.middleware] INFO: Ignoring already visited: <GET https://scls.hust.edu.vn/vi/organs/person/Khoa-Ky-thuat-Hoa-hoc-16/TS-Nguyen-Thi-Thu-Huyen-64/>
2026-05-28 11:01:03 [scrapy_deltafetch.middleware] INFO: Ignoring already visited: <GET https://scls.hust.edu.vn/vi/organs/person/Khoa-Ky-thuat-Hoa-hoc-16/TS-Nguyen-Van-Xa-65/>
2026-05-28 11:01:03 [scrapy_deltafetch.middleware] INFO: Ignoring already visited: <GET https://scls.hust.edu.vn/vi/organs/person/Khoa-Ky-thuat-Hoa-hoc-16/TS-Phung-Lan-Huong-66/>
2026-05-28 11:01:03 [scrapy_deltafetch.middleware] INFO: Ignoring already visited: <GET https://scls.hust.edu.vn/vi/organs/person/Khoa-Ky-thuat-Hoa-hoc-16/PGS-TS-Nguyen-Hong-Lien-44/>
2026-05-28 11:01:03 [scrapy_deltafetch.middleware] INFO: Ignoring already visited: <GET https://scls.hust.edu.vn/vi/organs/person/Khoa-Ky-thuat-Hoa-hoc-16/TS-Nguyen-Ngoc-Mai-68/>
2026-05-28 11:01:03 [scrapy_deltafetch.middleware] INFO: Ignoring already visited: <GET https://scls.hust.edu.vn/vi/organs/person/Khoa-Ky-thuat-Hoa-hoc-16/TS-Nguyen-Trung-Dung-69/>
2026-05-28 11:01:03 [scrapy_deltafetch.middleware] INFO: Ignoring already visited: <GET https://scls.hust.edu.vn/vi/organs/person/Khoa-Ky-thuat-Hoa-hoc-16/TS-KTS-Phan-Viet-Toan-70/>
2026-05-28 11:01:03 [scrapy_deltafetch.middleware] INFO: Ignoring already visited: <GET https://scls.hust.edu.vn/vi/organs/person/Khoa-Ky-thuat-Hoa-hoc-16/TS-Nguyen-Cong-Bang-71/>
2026-05-28 11:01:03 [scrapy_deltafetch.middleware] INFO: Ignoring already visited: <GET https://scls.hust.edu.vn/vi/organs/person/Khoa-Ky-thuat-Hoa-hoc-16/TS-Nguyen-Thanh-Dong-72/>
2026-05-28 11:01:03 [scrapy_deltafetch.middleware] INFO: Ignoring already visited: <GET https://scls.hust.edu.vn/vi/organs/person/Khoa-Ky-thuat-Hoa-hoc-16/TS-Dao-Huy-Toan-7/>
2026-05-28 11:01:03 [scrapy_deltafetch.middleware] INFO: Ignoring already visited: <GET https://scls.hust.edu.vn/vi/organs/person/Khoa-Ky-thuat-Hoa-hoc-16/ThS-Quach-Thi-Phuong-74/>
2026-05-28 11:01:03 [scrapy_deltafetch.middleware] INFO: Ignoring already visited: <GET https://scls.hust.edu.vn/vi/organs/person/Khoa-Ky-thuat-Hoa-hoc-16/Nguyen-Quang-Bac-75/>
2026-05-28 11:01:03 [scrapy_deltafetch.middleware] INFO: Ignoring already visited: <GET https://scls.hust.edu.vn/vi/organs/person/Khoa-Ky-thuat-Hoa-hoc-16/TS-Bui-Thi-Van-Anh-76/>
2026-05-28 11:01:03 [scrapy_deltafetch.middleware] INFO: Ignoring already visited: <GET https://scls.hust.edu.vn/vi/organs/person/Khoa-Ky-thuat-Hoa-hoc-16/TS-Vu-Thi-Tan-77/>
2026-05-28 11:01:03 [scrapy_deltafetch.middleware] INFO: Ignoring already visited: <GET https://scls.hust.edu.vn/vi/organs/person/Khoa-Ky-thuat-Hoa-hoc-16/PGS-TS-Vu-Hong-Thai-220/>
2026-05-28 11:01:03 [scrapy_deltafetch.middleware] INFO: Ignoring already visited: <GET https://scls.hust.edu.vn/vi/organs/person/Khoa-Ky-thuat-Hoa-hoc-16/GS-TS-Le-Minh-Thang-221/>
2026-05-28 11:01:03 [scrapy_deltafetch.middleware] INFO: Ignoring already visited: <GET https://scls.hust.edu.vn/vi/organs/person/Khoa-Ky-thuat-Hoa-hoc-16/GS-TS-Mai-Thanh-Tung-231/>
2026-05-28 11:01:03 [scrapy_deltafetch.middleware] INFO: Ignoring already visited: <GET https://scls.hust.edu.vn/vi/organs/person/Khoa-Ky-thuat-Hoa-hoc-16/ThS-Nguyen-Tien-Thanh-232/>
2026-05-28 11:01:03 [scrapy_deltafetch.middleware] INFO: Ignoring already visited: <GET https://scls.hust.edu.vn/vi/organs/person/Khoa-Ky-thuat-Hoa-hoc-16/PGS-TS-Dao-Quoc-Tuy-233/>
2026-05-28 11:01:03 [scrapy_deltafetch.middleware] INFO: Ignoring already visited: <GET https://scls.hust.edu.vn/vi/organs/person/Khoa-Ky-thuat-Hoa-hoc-16/PGS-TS-Ta-Ngoc-Dung-234/>
2026-05-28 11:01:03 [scrapy_deltafetch.middleware] INFO: Ignoring already visited: <GET https://scls.hust.edu.vn/vi/organs/person/Khoa-Ky-thuat-Hoa-hoc-16/TS-Vu-Thi-Ngoc-Minh-235/>
2026-05-28 11:01:03 [scrapy_deltafetch.middleware] INFO: Ignoring already visited: <GET https://scls.hust.edu.vn/vi/organs/person/Khoa-Ky-thuat-Hoa-hoc-16/PGS-TS-Vu-Hoang-Tung-236/>
2026-05-28 11:01:03 [scrapy_deltafetch.middleware] INFO: Ignoring already visited: <GET https://scls.hust.edu.vn/vi/organs/person/Khoa-Ky-thuat-Hoa-hoc-16/TS-Nguyen-Thi-Hong-Phuong-237/>
2026-05-28 11:01:03 [scrapy_deltafetch.middleware] INFO: Ignoring already visited: <GET https://scls.hust.edu.vn/vi/organs/person/Khoa-Ky-thuat-Hoa-hoc-16/PGS-TS-Vu-Dinh-Hoang-238/>
2026-05-28 11:01:03 [scrapy_deltafetch.middleware] INFO: Ignoring already visited: <GET https://scls.hust.edu.vn/vi/organs/person/Khoa-Ky-thuat-Hoa-hoc-16/TS-Pham-Ngoc-Anh-239/>
2026-05-28 11:01:03 [scrapy_deltafetch.middleware] INFO: Ignoring already visited: <GET https://scls.hust.edu.vn/vi/organs/person/Khoa-Ky-thuat-Hoa-hoc-16/PGS-TS-Ta-Hong-Duc-240/>
2026-05-28 11:01:03 [scrapy_deltafetch.middleware] INFO: Ignoring already visited: <GET https://scls.hust.edu.vn/vi/organs/person/Khoa-Ky-thuat-Hoa-hoc-16/PGS-TS-Vu-Dinh-Tien-241/>
2026-05-28 11:01:03 [scrapy_deltafetch.middleware] INFO: Ignoring already visited: <GET https://scls.hust.edu.vn/vi/organs/person/Khoa-Ky-thuat-Hoa-hoc-16/ThS-Dang-Duc-Thuc-242/>
2026-05-28 11:01:03 [scrapy_deltafetch.middleware] INFO: Ignoring already visited: <GET https://scls.hust.edu.vn/vi/organs/person/Khoa-Ky-thuat-Hoa-hoc-16/TS-Nguyen-Thi-Ha-Hanh-243/>
2026-05-28 11:01:03 [scrapy_deltafetch.middleware] INFO: Ignoring already visited: <GET https://scls.hust.edu.vn/vi/organs/person/Khoa-Ky-thuat-Hoa-hoc-16/TS-Nguyen-Han-Long-244/>
2026-05-28 11:01:03 [scrapy_deltafetch.middleware] INFO: Ignoring already visited: <GET https://scls.hust.edu.vn/vi/organs/person/Khoa-Ky-thuat-Hoa-hoc-16/Ths-Nguyen-Thanh-Hung-247/>
2026-05-28 11:01:03 [scrapy_deltafetch.middleware] INFO: Ignoring already visited: <GET https://scls.hust.edu.vn/vi/organs/person/Khoa-KH-CN-Moi-Truong-19/PGS-TS-Hoang-Thi-Thu-Huong-16/>
2026-05-28 11:01:03 [scrapy_deltafetch.middleware] INFO: Ignoring already visited: <GET https://scls.hust.edu.vn/vi/organs/person/Khoa-KH-CN-Moi-Truong-19/PGS-TS-Do-Khac-Uan-103/>
2026-05-28 11:01:03 [scrapy_deltafetch.middleware] INFO: Ignoring already visited: <GET https://scls.hust.edu.vn/vi/organs/person/Khoa-KH-CN-Moi-Truong-19/TS-Tran-Thanh-Chi-93/>
2026-05-28 11:01:03 [scrapy_deltafetch.middleware] INFO: Ignoring already visited: <GET https://scls.hust.edu.vn/vi/organs/person/Khoa-KH-CN-Moi-Truong-19/PSG-TS-Nghiem-Trung-Dung-80/>
2026-05-28 11:01:03 [scrapy_deltafetch.middleware] INFO: Ignoring already visited: <GET https://scls.hust.edu.vn/vi/organs/person/Khoa-KH-CN-Moi-Truong-19/TS-Nguyen-Pham-Hong-Lien-81/>
2026-05-28 11:01:03 [scrapy_deltafetch.middleware] INFO: Ignoring already visited: <GET https://scls.hust.edu.vn/vi/organs/person/Khoa-KH-CN-Moi-Truong-19/KS-Nguyen-Le-Hang-107/>
2026-05-28 11:01:03 [scrapy_deltafetch.middleware] INFO: Ignoring already visited: <GET https://scls.hust.edu.vn/vi/organs/person/Khoa-KH-CN-Moi-Truong-19/TS-Nguyen-Thi-Lan-Phuong-83/>
2026-05-28 11:01:03 [scrapy_deltafetch.middleware] INFO: Ignoring already visited: <GET https://scls.hust.edu.vn/vi/organs/person/Khoa-KH-CN-Moi-Truong-19/TS-Nguyen-Thi-Thu-Huong-85/>
2026-05-28 11:01:03 [scrapy_deltafetch.middleware] INFO: Ignoring already visited: <GET https://scls.hust.edu.vn/vi/organs/person/Khoa-KH-CN-Moi-Truong-19/TS-Nguyen-Thuy-Chung-86/>
2026-05-28 11:01:03 [scrapy_deltafetch.middleware] INFO: Ignoring already visited: <GET https://scls.hust.edu.vn/vi/organs/person/Khoa-KH-CN-Moi-Truong-19/ThS-Nguyen-Thuy-Nga-87/>
2026-05-28 11:01:03 [scrapy_deltafetch.middleware] INFO: Ignoring already visited: <GET https://scls.hust.edu.vn/vi/organs/person/Khoa-KH-CN-Moi-Truong-19/ThS-Pham-Thu-Phuong-88/>
2026-05-28 11:01:03 [scrapy_deltafetch.middleware] INFO: Ignoring already visited: <GET https://scls.hust.edu.vn/vi/organs/person/Khoa-KH-CN-Moi-Truong-19/ThS-Ton-Thu-Giang-89/>
2026-05-28 11:01:03 [scrapy_deltafetch.middleware] INFO: Ignoring already visited: <GET https://scls.hust.edu.vn/vi/organs/person/Khoa-KH-CN-Moi-Truong-19/TS-Tran-Le-Minh-90/>
2026-05-28 11:01:03 [scrapy_deltafetch.middleware] INFO: Ignoring already visited: <GET https://scls.hust.edu.vn/vi/organs/person/Khoa-KH-CN-Moi-Truong-19/ThS-Tran-Ngoc-Tan-91/>
2026-05-28 11:01:03 [scrapy_deltafetch.middleware] INFO: Ignoring already visited: <GET https://scls.hust.edu.vn/vi/organs/person/Khoa-KH-CN-Moi-Truong-19/TS-Tran-Phuong-Ha-92/>
2026-05-28 11:01:03 [scrapy_deltafetch.middleware] INFO: Ignoring already visited: <GET https://scls.hust.edu.vn/vi/organs/person/Khoa-KH-CN-Moi-Truong-19/PGS-TS-Ly-Bich-Thuy-79/>
2026-05-28 11:01:03 [scrapy_deltafetch.middleware] INFO: Ignoring already visited: <GET https://scls.hust.edu.vn/vi/organs/person/Khoa-KH-CN-Moi-Truong-19/PSG-TS-Van-Dieu-Anh-94/>
2026-05-28 11:01:03 [scrapy_deltafetch.middleware] INFO: Ignoring already visited: <GET https://scls.hust.edu.vn/vi/organs/person/Khoa-KH-CN-Moi-Truong-19/TS-Vo-Thi-Le-Ha-95/>
2026-05-28 11:01:03 [scrapy_deltafetch.middleware] INFO: Ignoring already visited: <GET https://scls.hust.edu.vn/vi/organs/person/Khoa-KH-CN-Moi-Truong-19/TS-Vu-Kiem-Thuy-96/>
2026-05-28 11:01:03 [scrapy_deltafetch.middleware] INFO: Ignoring already visited: <GET https://scls.hust.edu.vn/vi/organs/person/Khoa-KH-CN-Moi-Truong-19/ThS-Vu-Minh-Trang-97/>
2026-05-28 11:01:03 [scrapy_deltafetch.middleware] INFO: Ignoring already visited: <GET https://scls.hust.edu.vn/vi/organs/person/Khoa-KH-CN-Moi-Truong-19/TS-Vu-Ngoc-Thuy-98/>
2026-05-28 11:01:03 [scrapy_deltafetch.middleware] INFO: Ignoring already visited: <GET https://scls.hust.edu.vn/vi/organs/person/Khoa-KH-CN-Moi-Truong-19/TS-Dang-Minh-Hang-99/>
2026-05-28 11:01:03 [scrapy_deltafetch.middleware] INFO: Ignoring already visited: <GET https://scls.hust.edu.vn/vi/organs/person/Khoa-KH-CN-Moi-Truong-19/PGS-TS-Dang-Xuan-Hien-100/>
2026-05-28 11:01:03 [scrapy_deltafetch.middleware] INFO: Ignoring already visited: <GET https://scls.hust.edu.vn/vi/organs/person/Khoa-KH-CN-Moi-Truong-19/ThS-Dao-Duy-Nam-101/>
2026-05-28 11:01:03 [scrapy_deltafetch.middleware] INFO: Ignoring already visited: <GET https://scls.hust.edu.vn/vi/organs/person/Khoa-KH-CN-Moi-Truong-19/TS-Dinh-Quang-Hung-102/>
2026-05-28 11:01:03 [scrapy_deltafetch.middleware] INFO: Ignoring already visited: <GET https://scls.hust.edu.vn/vi/organs/person/Khoa-KH-CN-Moi-Truong-19/TS-Ha-Vinh-Hung-78/>
2026-05-28 11:01:03 [scrapy_deltafetch.middleware] INFO: Ignoring already visited: <GET https://scls.hust.edu.vn/vi/organs/person/Khoa-KH-CN-Moi-Truong-19/PGS-TS-Doan-Thi-Thai-Yen-104/>
2026-05-28 11:01:03 [scrapy_deltafetch.middleware] INFO: Ignoring already visited: <GET https://scls.hust.edu.vn/vi/organs/person/Khoa-KH-CN-Moi-Truong-19/PGS-TS-Nguyen-Duc-Quang-105/>
2026-05-28 11:01:03 [scrapy_deltafetch.middleware] INFO: Ignoring already visited: <GET https://scls.hust.edu.vn/vi/organs/person/Khoa-KH-CN-Moi-Truong-19/TS-Nguyen-Thi-Thu-Hien-246/>
2026-05-28 11:01:03 [scrapy_deltafetch.middleware] INFO: Ignoring already visited: <GET https://scls.hust.edu.vn/vi/organs/person/Khoa-KH-CN-Moi-Truong-19/TS-Nguyen-Duc-Viet-250/>
2026-05-28 11:01:03 [scrapy_deltafetch.middleware] INFO: Ignoring already visited: <GET https://scls.hust.edu.vn/vi/organs/person/Khoa-Ky-thuat-Thuc-Pham-18/PGS-TS-Nguyen-Thi-Minh-Tu-19/>
2026-05-28 11:01:03 [scrapy_deltafetch.middleware] INFO: Ignoring already visited: <GET https://scls.hust.edu.vn/vi/organs/person/Khoa-Ky-thuat-Thuc-Pham-18/TS-Nguyen-Tien-Cuong-121/>
2026-05-28 11:01:03 [scrapy_deltafetch.middleware] INFO: Ignoring already visited: <GET https://scls.hust.edu.vn/vi/organs/person/Khoa-Ky-thuat-Thuc-Pham-18/PGS-TS-Vu-Thu-Trang-122/>
2026-05-28 11:01:03 [scrapy_deltafetch.middleware] INFO: Ignoring already visited: <GET https://scls.hust.edu.vn/vi/organs/person/Khoa-Ky-thuat-Thuc-Pham-18/PGS-TS-Ho-Phu-Ha-123/>
2026-05-28 11:01:03 [scrapy_deltafetch.middleware] INFO: Ignoring already visited: <GET https://scls.hust.edu.vn/vi/organs/person/Khoa-Ky-thuat-Thuc-Pham-18/PGS-TS-Nguyen-Thi-Hanh-124/>
2026-05-28 11:01:03 [scrapy_deltafetch.middleware] INFO: Ignoring already visited: <GET https://scls.hust.edu.vn/vi/organs/person/Khoa-Ky-thuat-Thuc-Pham-18/TS-Nguyen-Van-Hung-125/>
2026-05-28 11:01:03 [scrapy_deltafetch.middleware] INFO: Ignoring already visited: <GET https://scls.hust.edu.vn/vi/organs/person/Khoa-Ky-thuat-Thuc-Pham-18/PGS-TS-Luong-Hong-Nga-126/>
2026-05-28 11:01:03 [scrapy_deltafetch.middleware] INFO: Ignoring already visited: <GET https://scls.hust.edu.vn/vi/organs/person/Khoa-Ky-thuat-Thuc-Pham-18/TS-Nguyen-Chinh-Nghia-127/>
2026-05-28 11:01:03 [scrapy_deltafetch.middleware] INFO: Ignoring already visited: <GET https://scls.hust.edu.vn/vi/organs/person/Khoa-Ky-thuat-Thuc-Pham-18/PGS-TS-Phan-Thanh-Tam-128/>
2026-05-28 11:01:03 [scrapy_deltafetch.middleware] INFO: Ignoring already visited: <GET https://scls.hust.edu.vn/vi/organs/person/Khoa-Ky-thuat-Thuc-Pham-18/TS-Nguyen-Hai-Van-129/>
2026-05-28 11:01:03 [scrapy_deltafetch.middleware] INFO: Ignoring already visited: <GET https://scls.hust.edu.vn/vi/organs/person/Khoa-Ky-thuat-Thuc-Pham-18/ThS-Le-Ngoc-Cuong-130/>
2026-05-28 11:01:03 [scrapy_deltafetch.middleware] INFO: Ignoring already visited: <GET https://scls.hust.edu.vn/vi/organs/person/Khoa-Ky-thuat-Thuc-Pham-18/TS-Nguyen-Ngoc-Hoang-131/>
2026-05-28 11:01:03 [scrapy_deltafetch.middleware] INFO: Ignoring already visited: <GET https://scls.hust.edu.vn/vi/organs/person/Khoa-Ky-thuat-Thuc-Pham-18/ThS-Pham-Thanh-Huong-132/>
2026-05-28 11:01:03 [scrapy_deltafetch.middleware] INFO: Ignoring already visited: <GET https://scls.hust.edu.vn/vi/organs/person/Khoa-Ky-thuat-Thuc-Pham-18/ThS-Phan-Minh-Thuy-133/>
2026-05-28 11:01:03 [scrapy_deltafetch.middleware] INFO: Ignoring already visited: <GET https://scls.hust.edu.vn/vi/organs/person/Khoa-Ky-thuat-Thuc-Pham-18/PGS-TS-Cung-Thi-To-Quynh-134/>
2026-05-28 11:01:03 [scrapy_deltafetch.middleware] INFO: Ignoring already visited: <GET https://scls.hust.edu.vn/vi/organs/person/Khoa-Ky-thuat-Thuc-Pham-18/TS-Vu-Hong-Son-135/>
2026-05-28 11:01:03 [scrapy_deltafetch.middleware] INFO: Ignoring already visited: <GET https://scls.hust.edu.vn/vi/organs/person/Khoa-Ky-thuat-Thuc-Pham-18/PGS-TS-Nguyen-Thi-Thao-136/>
2026-05-28 11:01:03 [scrapy_deltafetch.middleware] INFO: Ignoring already visited: <GET https://scls.hust.edu.vn/vi/organs/person/Khoa-Ky-thuat-Thuc-Pham-18/TS-Hoang-Quoc-Tuan-137/>
2026-05-28 11:01:03 [scrapy_deltafetch.middleware] INFO: Ignoring already visited: <GET https://scls.hust.edu.vn/vi/organs/person/Khoa-Ky-thuat-Thuc-Pham-18/TS-Do-Thi-Yen-138/>
2026-05-28 11:01:03 [scrapy_deltafetch.middleware] INFO: Ignoring already visited: <GET https://scls.hust.edu.vn/vi/organs/person/Khoa-Ky-thuat-Thuc-Pham-18/ThS-Le-Tuan-Phuc-163/>
2026-05-28 11:01:03 [scrapy_deltafetch.middleware] INFO: Ignoring already visited: <GET https://scls.hust.edu.vn/vi/organs/person/Khoa-Ky-thuat-Thuc-Pham-18/PGS-TS-Chu-Ky-Son-251/>
2026-05-28 11:01:03 [scrapy_deltafetch.middleware] INFO: Ignoring already visited: <GET https://scls.hust.edu.vn/vi/organs/person/Khoa-Ky-thuat-Sinh-hoc-15/PGS-TS-Nguyen-Lan-Huong-109/>
2026-05-28 11:01:03 [scrapy_deltafetch.middleware] INFO: Ignoring already visited: <GET https://scls.hust.edu.vn/vi/organs/person/Khoa-Ky-thuat-Sinh-hoc-15/PGS-TS-Pham-Tuan-Anh-110/>
2026-05-28 11:01:03 [scrapy_deltafetch.middleware] INFO: Ignoring already visited: <GET https://scls.hust.edu.vn/vi/organs/person/Khoa-Ky-thuat-Sinh-hoc-15/TS-Nguyen-Tien-Thanh-120/>
2026-05-28 11:01:03 [scrapy_deltafetch.middleware] INFO: Ignoring already visited: <GET https://scls.hust.edu.vn/vi/organs/person/Khoa-Ky-thuat-Sinh-hoc-15/PGS-TS-Truong-Quoc-Phong-14/>
2026-05-28 11:01:03 [scrapy_deltafetch.middleware] INFO: Ignoring already visited: <GET https://scls.hust.edu.vn/vi/organs/person/Khoa-Ky-thuat-Sinh-hoc-15/TS-Do-Bien-Cuong-115/>
2026-05-28 11:01:03 [scrapy_deltafetch.middleware] INFO: Ignoring already visited: <GET https://scls.hust.edu.vn/vi/organs/person/Khoa-Ky-thuat-Sinh-hoc-15/TS-Le-Tuan-113/>
2026-05-28 11:01:03 [scrapy_deltafetch.middleware] INFO: Ignoring already visited: <GET https://scls.hust.edu.vn/vi/organs/person/Khoa-Ky-thuat-Sinh-hoc-15/PGS-TS-Le-Thanh-Ha-112/>
2026-05-28 11:01:03 [scrapy_deltafetch.middleware] INFO: Ignoring already visited: <GET https://scls.hust.edu.vn/vi/organs/person/Khoa-Ky-thuat-Sinh-hoc-15/TS-Nguyen-Truong-Giang-111/>
2026-05-28 11:01:03 [scrapy_deltafetch.middleware] INFO: Ignoring already visited: <GET https://scls.hust.edu.vn/vi/organs/person/Khoa-Ky-thuat-Sinh-hoc-15/TS-Le-Quang-Hoa-119/>
2026-05-28 11:01:03 [scrapy_deltafetch.middleware] INFO: Ignoring already visited: <GET https://scls.hust.edu.vn/vi/organs/person/Khoa-Ky-thuat-Sinh-hoc-15/TS-Nguyen-Thanh-Hoa-118/>
2026-05-28 11:01:03 [scrapy_deltafetch.middleware] INFO: Ignoring already visited: <GET https://scls.hust.edu.vn/vi/organs/person/Khoa-Ky-thuat-Sinh-hoc-15/TS-Dam-Thuy-Hang-117/>
2026-05-28 11:01:03 [scrapy_deltafetch.middleware] INFO: Ignoring already visited: <GET https://scls.hust.edu.vn/vi/organs/person/Khoa-Ky-thuat-Sinh-hoc-15/TS-Tran-Phuong-Thao-248/>
2026-05-28 11:01:03 [scrapy_deltafetch.middleware] INFO: Ignoring already visited: <GET https://scls.hust.edu.vn/vi/organs/person/Khoa-Ky-thuat-Sinh-hoc-15/TS-Sai-Duc-Loc-249/>
2026-05-28 11:01:03 [scrapy_deltafetch.middleware] INFO: Ignoring already visited: <GET https://scls.hust.edu.vn/vi/organs/person/Trung-tam-Ky-thuat-20/TS-Nguyen-Anh-Vu-20/>
2026-05-28 11:01:03 [scrapy_deltafetch.middleware] INFO: Ignoring already visited: <GET https://scls.hust.edu.vn/vi/organs/person/Trung-tam-Ky-thuat-20/TS-Nguyen-Thi-Thu-Hien-84/>
2026-05-28 11:01:03 [scrapy_deltafetch.middleware] INFO: Ignoring already visited: <GET https://scls.hust.edu.vn/vi/organs/person/Trung-tam-Ky-thuat-20/GVC-TS-Nguyen-Duc-Trung-139/>
2026-05-28 11:01:03 [scrapy_deltafetch.middleware] INFO: Ignoring already visited: <GET https://scls.hust.edu.vn/vi/organs/person/Trung-tam-Ky-thuat-20/KS-Nguyen-Thi-Hoang-Mai-141/>
2026-05-28 11:01:03 [scrapy_deltafetch.middleware] INFO: Ignoring already visited: <GET https://scls.hust.edu.vn/vi/organs/person/Trung-tam-Ky-thuat-20/TS-Phung-Thi-Thuy-142/>
2026-05-28 11:01:03 [scrapy_deltafetch.middleware] INFO: Ignoring already visited: <GET https://scls.hust.edu.vn/vi/organs/person/Trung-tam-Ky-thuat-20/ThS-Le-Thi-Lan-Chi-143/>
2026-05-28 11:01:03 [scrapy_deltafetch.middleware] INFO: Ignoring already visited: <GET https://scls.hust.edu.vn/vi/organs/person/Trung-tam-Ky-thuat-20/Th-S-La-Thi-Quynh-Nhu-144/>
2026-05-28 11:01:03 [scrapy_deltafetch.middleware] INFO: Ignoring already visited: <GET https://scls.hust.edu.vn/vi/organs/person/Trung-tam-Ky-thuat-20/ThS-Le-Thi-Huyen-140/>
2026-05-28 11:01:03 [scrapy_deltafetch.middleware] INFO: Ignoring already visited: <GET https://scls.hust.edu.vn/vi/organs/person/Trung-tam-Ky-thuat-20/ThS-Bui-Uyen-Diem-145/>
2026-05-28 11:01:03 [scrapy_deltafetch.middleware] INFO: Ignoring already visited: <GET https://scls.hust.edu.vn/vi/organs/person/Trung-tam-Ky-thuat-20/CN-Nguyen-Ngoc-Vien-146/>
2026-05-28 11:01:03 [scrapy_deltafetch.middleware] INFO: Ignoring already visited: <GET https://scls.hust.edu.vn/vi/organs/person/Trung-tam-Ky-thuat-20/ThS-Pham-Thi-Quynh-147/>
2026-05-28 11:01:03 [scrapy_deltafetch.middleware] INFO: Ignoring already visited: <GET https://scls.hust.edu.vn/vi/organs/person/Trung-tam-Ky-thuat-20/ThS-Mai-Van-Vo-177/>
2026-05-28 11:01:03 [scrapy_deltafetch.middleware] INFO: Ignoring already visited: <GET https://scls.hust.edu.vn/vi/organs/person/Trung-tam-Ky-thuat-20/ThS-Nguyen-Tuan-Anh-184/>
2026-05-28 11:01:03 [scrapy_deltafetch.middleware] INFO: Ignoring already visited: <GET https://scls.hust.edu.vn/vi/organs/person/Trung-tam-Ky-thuat-20/Nguyen-The-Duong-185/>
2026-05-28 11:01:03 [scrapy_deltafetch.middleware] INFO: Ignoring already visited: <GET https://scls.hust.edu.vn/vi/organs/person/Trung-tam-Ky-thuat-20/Huynh-Thu-Suong-186/>
2026-05-28 11:01:03 [scrapy_deltafetch.middleware] INFO: Ignoring already visited: <GET https://scls.hust.edu.vn/vi/organs/person/Trung-tam-Ky-thuat-20/ThS-Doan-Thi-Hien-187/>
2026-05-28 11:01:03 [scrapy_deltafetch.middleware] INFO: Ignoring already visited: <GET https://scls.hust.edu.vn/vi/organs/person/Trung-tam-Ky-thuat-20/ThS-Dinh-Thi-Thu-Hien-188/>
2026-05-28 11:01:03 [scrapy_deltafetch.middleware] INFO: Ignoring already visited: <GET https://scls.hust.edu.vn/vi/organs/person/Trung-tam-Ky-thuat-20/ThS-Ninh-Thi-Phuong-189/>
2026-05-28 11:01:03 [scrapy_deltafetch.middleware] INFO: Ignoring already visited: <GET https://scls.hust.edu.vn/vi/organs/person/Trung-tam-Ky-thuat-20/ThS-Nguyen-Thi-Minh-Thu-190/>
2026-05-28 11:01:03 [scrapy_deltafetch.middleware] INFO: Ignoring already visited: <GET https://scls.hust.edu.vn/vi/organs/person/Trung-tam-Ky-thuat-20/Ths-Vuong-thi-Bich-Hien-191/>
2026-05-28 11:01:03 [scrapy_deltafetch.middleware] INFO: Ignoring already visited: <GET https://scls.hust.edu.vn/vi/organs/person/Trung-tam-Ky-thuat-20/TS-Tran-Thanh-Hoai-192/>
2026-05-28 11:01:03 [scrapy_deltafetch.middleware] INFO: Ignoring already visited: <GET https://scls.hust.edu.vn/vi/organs/person/Trung-tam-Ky-thuat-20/ThS-Vu-Thi-Hong-An-193/>
2026-05-28 11:01:03 [scrapy_deltafetch.middleware] INFO: Ignoring already visited: <GET https://scls.hust.edu.vn/vi/organs/person/Trung-tam-Ky-thuat-20/ThS-Nguyen-Ngoc-Hung-194/>
2026-05-28 11:01:03 [scrapy_deltafetch.middleware] INFO: Ignoring already visited: <GET https://scls.hust.edu.vn/vi/organs/person/Trung-tam-Ky-thuat-20/ThS-Nguyen-Le-Huy-195/>
2026-05-28 11:01:03 [scrapy_deltafetch.middleware] INFO: Ignoring already visited: <GET https://scls.hust.edu.vn/vi/organs/person/Trung-tam-Ky-thuat-20/Do-Hong-Quan-196/>
2026-05-28 11:01:03 [scrapy_deltafetch.middleware] INFO: Ignoring already visited: <GET https://scls.hust.edu.vn/vi/organs/person/Trung-tam-Ky-thuat-20/Phi-Thi-Thuy-Hong-197/>
2026-05-28 11:01:03 [scrapy_deltafetch.middleware] INFO: Ignoring already visited: <GET https://scls.hust.edu.vn/vi/organs/person/Trung-tam-Ky-thuat-20/Bui-Doan-Huan-198/>
2026-05-28 11:01:03 [scrapy_deltafetch.middleware] INFO: Ignoring already visited: <GET https://scls.hust.edu.vn/vi/organs/person/Trung-tam-Ky-thuat-20/CN-Tran-Thi-Thu-Huyen-199/>
2026-05-28 11:01:03 [scrapy_deltafetch.middleware] INFO: Ignoring already visited: <GET https://scls.hust.edu.vn/vi/organs/person/Trung-tam-Ky-thuat-20/TS-Nguyen-Thi-Tuyet-Mai-200/>
2026-05-28 11:01:03 [scrapy_deltafetch.middleware] INFO: Ignoring already visited: <GET https://scls.hust.edu.vn/vi/organs/person/Trung-tam-Ky-thuat-20/ThS-Tong-Thi-Hoang-Duong-201/>
2026-05-28 11:01:03 [scrapy_deltafetch.middleware] INFO: Ignoring already visited: <GET https://scls.hust.edu.vn/vi/organs/person/Trung-tam-Ky-thuat-20/Nguyen-Thi-Mai-Hoa-202/>
2026-05-28 11:01:03 [scrapy_deltafetch.middleware] INFO: Ignoring already visited: <GET https://scls.hust.edu.vn/vi/organs/person/Trung-tam-Ky-thuat-20/TS-Phung-Thi-Anh-Minh-203/>
2026-05-28 11:01:03 [scrapy_deltafetch.middleware] INFO: Ignoring already visited: <GET https://scls.hust.edu.vn/vi/organs/person/Trung-tam-Ky-thuat-20/ThS-Hoang-Huu-Hiep-204/>
2026-05-28 11:01:03 [scrapy_deltafetch.middleware] INFO: Ignoring already visited: <GET https://scls.hust.edu.vn/vi/organs/person/Trung-tam-Ky-thuat-20/ThS-Tran-Ngoc-Hung-205/>
2026-05-28 11:01:03 [scrapy_deltafetch.middleware] INFO: Ignoring already visited: <GET https://scls.hust.edu.vn/vi/organs/person/Trung-tam-Ky-thuat-20/ThS-Duong-Thi-Thuy-Linh-206/>
2026-05-28 11:01:03 [scrapy_deltafetch.middleware] INFO: Ignoring already visited: <GET https://scls.hust.edu.vn/vi/organs/person/Trung-tam-Ky-thuat-20/KS-Nguyen-Hong-Nhung-207/>
2026-05-28 11:01:03 [scrapy_deltafetch.middleware] INFO: Ignoring already visited: <GET https://scls.hust.edu.vn/vi/organs/person/Trung-tam-Ky-thuat-20/ThS-Pham-Thi-Tuyet-Nhung-208/>
2026-05-28 11:01:03 [scrapy_deltafetch.middleware] INFO: Ignoring already visited: <GET https://scls.hust.edu.vn/vi/organs/person/Trung-tam-Ky-thuat-20/Ths-To-Le-Thu-209/>
2026-05-28 11:01:03 [scrapy_deltafetch.middleware] INFO: Ignoring already visited: <GET https://scls.hust.edu.vn/vi/organs/person/Trung-tam-Ky-thuat-20/Th-S-Nguyen-Thi-Hoai-Duc-210/>
2026-05-28 11:01:03 [scrapy_deltafetch.middleware] INFO: Ignoring already visited: <GET https://scls.hust.edu.vn/vi/organs/person/Trung-tam-Ky-thuat-20/ThS-Nguyen-Tuan-Linh-211/>
2026-05-28 11:01:03 [scrapy_deltafetch.middleware] INFO: Ignoring already visited: <GET https://scls.hust.edu.vn/vi/organs/person/Trung-tam-Ky-thuat-20/ThS-Nguyen-Thi-Lan-Anh-212/>
2026-05-28 11:01:03 [scrapy_deltafetch.middleware] INFO: Ignoring already visited: <GET https://scls.hust.edu.vn/vi/organs/person/Trung-tam-Ky-thuat-20/ThS-Nguyen-Tien-Huy-213/>
2026-05-28 11:01:03 [scrapy_deltafetch.middleware] INFO: Ignoring already visited: <GET https://scls.hust.edu.vn/vi/organs/person/Van-phong-Truong-11/TS-Pham-Ngoc-Hung-108/>
2026-05-28 11:01:03 [scrapy_deltafetch.middleware] INFO: Ignoring already visited: <GET https://scls.hust.edu.vn/vi/organs/person/Van-phong-Truong-11/TS-Dinh-Quang-Hung-6/>
2026-05-28 11:01:03 [scrapy_deltafetch.middleware] INFO: Ignoring already visited: <GET https://scls.hust.edu.vn/vi/organs/person/Van-phong-Truong-11/TS-Dao-Huy-Toan-164/>
2026-05-28 11:01:03 [scrapy_deltafetch.middleware] INFO: Ignoring already visited: <GET https://scls.hust.edu.vn/vi/organs/person/Van-phong-Truong-11/ThS-Cao-Thi-Thanh-Binh-167/>
2026-05-28 11:01:03 [scrapy_deltafetch.middleware] INFO: Ignoring already visited: <GET https://scls.hust.edu.vn/vi/organs/person/Van-phong-Truong-11/Cao-Thi-Minh-Hai-171/>
2026-05-28 11:01:03 [scrapy_deltafetch.middleware] INFO: Ignoring already visited: <GET https://scls.hust.edu.vn/vi/organs/person/Van-phong-Truong-11/ThS-Nguyen-Thi-Ngan-Ha-168/>
2026-05-28 11:01:03 [scrapy_deltafetch.middleware] INFO: Ignoring already visited: <GET https://scls.hust.edu.vn/vi/organs/person/Van-phong-Truong-11/KS-Dam-Thuy-Hang-172/>
2026-05-28 11:01:03 [scrapy_deltafetch.middleware] INFO: Ignoring already visited: <GET https://scls.hust.edu.vn/vi/organs/person/Van-phong-Truong-11/Nguyen-Thuong-Hoai-170/>
2026-05-28 11:01:03 [scrapy_deltafetch.middleware] INFO: Ignoring already visited: <GET https://scls.hust.edu.vn/vi/organs/person/Van-phong-Truong-11/Nguyen-Thi-Anh-Hong-17/>
2026-05-28 11:01:03 [scrapy_deltafetch.middleware] INFO: Ignoring already visited: <GET https://scls.hust.edu.vn/vi/organs/person/Van-phong-Truong-11/ThS-Nguyen-Thi-Linh-169/>
2026-05-28 11:01:03 [scrapy_deltafetch.middleware] INFO: Ignoring already visited: <GET https://scls.hust.edu.vn/vi/organs/person/Van-phong-Truong-11/Tran-Thi-Ly-166/>
2026-05-28 11:01:03 [scrapy_deltafetch.middleware] INFO: Ignoring already visited: <GET https://scls.hust.edu.vn/vi/organs/person/Van-phong-Truong-11/Nguyen-Thi-Hoang-Oanh-173/>
2026-05-28 11:01:03 [scrapy_deltafetch.middleware] INFO: Ignoring already visited: <GET https://scls.hust.edu.vn/vi/organs/person/Van-phong-Truong-11/Pham-Thi-Thu-Thuy-165/>
2026-05-28 11:01:03 [scrapy_deltafetch.middleware] INFO: Ignoring already visited: <GET https://scls.hust.edu.vn/vi/organs/person/Van-phong-Truong-11/Le-Thi-Minh-Trang-174/>
2026-05-28 11:01:03 [scrapy_deltafetch.middleware] INFO: Ignoring already visited: <GET https://scls.hust.edu.vn/vi/organs/person/Van-phong-Truong-11/Pham-Thi-Thu-Trang-18/>
2026-05-28 11:01:03 [scrapy.core.engine] INFO: Closing spider (finished)
2026-05-28 11:01:03 [scrapy.extensions.feedexport] INFO: Stored jsonlines feed (0 items) in: f:/science_data_warehouse_repo/output/hust/scls/raw_data/scls.jsonl
2026-05-28 11:01:03 [scrapy.statscollectors] INFO: Dumping Scrapy stats:
{'coverage_percent': 0.0,
 'deltafetch/skipped': 233,
 'downloader/request_bytes': 963,
 'downloader/request_count': 2,
 'downloader/request_method_count/GET': 2,
 'downloader/response_bytes': 33420,
 'downloader/response_count': 2,
 'downloader/response_status_count/200': 2,
 'elapsed_time_seconds': 6.616254,
 'feedexport/success_count/FileFeedStorage': 1,
 'finish_reason': 'finished',
 'finish_time': datetime.datetime(2026, 5, 28, 4, 1, 3, 593863, tzinfo=datetime.timezone.utc),
 'httpcompression/response_bytes': 310708,
 'httpcompression/response_count': 2,
 'items_per_minute': 0.0,
 'log_count/INFO': 237,
 'request_depth_max': 1,
 'response_received_count': 2,
 'responses_per_minute': 20.0,
 'robotstxt/request_count': 1,
 'robotstxt/response_count': 1,
 'robotstxt/response_status_count/200': 1,
 'scheduler/dequeued': 1,
 'scheduler/dequeued/memory': 1,
 'scheduler/enqueued': 1,
 'scheduler/enqueued/memory': 1,
 'start_time': datetime.datetime(2026, 5, 28, 4, 0, 56, 977609, tzinfo=datetime.timezone.utc)}
2026-05-28 11:01:03 [scrapy.core.engine] INFO: Spider closed (finished)
