2026-05-16 22:34:02 [scrapy.addons] INFO: Enabled addons:
[]
2026-05-16 22:34:02 [scrapy.extensions.telnet] INFO: Telnet Password: c946ae9dd1aaa4e7
2026-05-16 22:34:02 [scrapy.middleware] INFO: Enabled extensions:
['scrapy.extensions.corestats.CoreStats',
 'scrapy.extensions.logcount.LogCount',
 'scrapy.extensions.telnet.TelnetConsole',
 'scrapy.extensions.feedexport.FeedExporter',
 'scrapy.extensions.logstats.LogStats',
 'scrapy.extensions.throttle.AutoThrottle']
2026-05-16 22:34:02 [scrapy.crawler] INFO: Overridden settings:
{'AUTOTHROTTLE_ENABLED': True,
 'BOT_NAME': 'science_dwh',
 'DOWNLOAD_DELAY': 1,
 'FEED_EXPORT_ENCODING': 'utf-8',
 'FEED_EXPORT_FIELDS': ['ho_ten',
                        'chuc_vu',
                        'don_vi',
                        'email',
                        'dien_thoai',
                        'nhom_chuyen_mon',
                        'dao_tao',
                        'cong_tac',
                        'giang_day',
                        'linh_vuc_nghien_cuu',
                        'dt_chu_nhiem',
                        'dt_tham_gia',
                        'dt_giai_thuong',
                        'dt_sang_che_shtt',
                        'ct_tap_chi_khoa_hoc',
                        'ct_chuong_sach',
                        'thanh_vien',
                        'to_chuc',
                        'dai_hoc',
                        'don_vi_truc_thuoc'],
 'LOG_FILE': 'f:/science_data_warehouse_repo/output/hust/scls/logs/scls_20260516_223402.log',
 'LOG_LEVEL': 'INFO',
 'NEWSPIDER_MODULE': 'science_dwh.spiders',
 'RETRY_HTTP_CODES': [500, 502, 503, 504, 408, 429, 403],
 'RETRY_TIMES': 5,
 'ROBOTSTXT_OBEY': True,
 'SPIDER_MODULES': ['science_dwh.spiders']}
2026-05-16 22:34:03 [scrapy_user_agents.user_agent_picker] WARNING: [UnsupportedBrowserType] Family: Android
2026-05-16 22:34:03 [scrapy_user_agents.user_agent_picker] WARNING: [UnsupportedDeviceType] Family: Other, Brand: None, Model: None
2026-05-16 22:34:03 [scrapy_user_agents.user_agent_picker] WARNING: [UnsupportedDeviceType] Family: Other, Brand: None, Model: None
2026-05-16 22:34:03 [scrapy_user_agents.user_agent_picker] WARNING: [UnsupportedDeviceType] Family: Other, Brand: None, Model: None
2026-05-16 22:34:03 [scrapy_user_agents.user_agent_picker] WARNING: [UnsupportedDeviceType] Family: Sony BDV13, Brand: Sony, Model: BDV13
2026-05-16 22:34:03 [scrapy_user_agents.user_agent_picker] WARNING: [UnsupportedDeviceType] Family: Nintendo DSi, Brand: Nintendo, Model: DSi
2026-05-16 22:34:03 [scrapy_user_agents.user_agent_picker] WARNING: [UnsupportedDeviceType] Family: Other, Brand: None, Model: None
2026-05-16 22:34:03 [scrapy_user_agents.user_agent_picker] WARNING: [UnsupportedBrowserType] Family: Other
2026-05-16 22:34:03 [scrapy_user_agents.user_agent_picker] WARNING: [UnsupportedDeviceType] Family: LYF F90M, Brand: LYF, Model: F90M
2026-05-16 22:34:03 [scrapy_user_agents.user_agent_picker] WARNING: [UnsupportedDeviceType] Family: Sony BDV14, Brand: Sony, Model: BDV14
2026-05-16 22:34:03 [scrapy_user_agents.user_agent_picker] WARNING: [UnsupportedDeviceType] Family: LG Web0S SmartTV, Brand: LG, Model: Web0S SmartTV
2026-05-16 22:34:03 [scrapy_user_agents.user_agent_picker] WARNING: [UnsupportedDeviceType] Family: Other, Brand: None, Model: None
2026-05-16 22:34:03 [scrapy_user_agents.user_agent_picker] WARNING: [UnsupportedDeviceType] Family: Other, Brand: None, Model: None
2026-05-16 22:34:03 [scrapy_user_agents.user_agent_picker] WARNING: [UnsupportedDeviceType] Family: Other, Brand: None, Model: None
2026-05-16 22:34:03 [scrapy_user_agents.user_agent_picker] WARNING: [UnsupportedDeviceType] Family: Other, Brand: None, Model: None
2026-05-16 22:34:03 [scrapy_user_agents.user_agent_picker] WARNING: [UnsupportedDeviceType] Family: Other, Brand: None, Model: None
2026-05-16 22:34:03 [scrapy_user_agents.user_agent_picker] WARNING: [UnsupportedDeviceType] Family: Other, Brand: None, Model: None
2026-05-16 22:34:03 [scrapy_user_agents.user_agent_picker] WARNING: [UnsupportedDeviceType] Family: Other, Brand: None, Model: None
2026-05-16 22:34:03 [scrapy_user_agents.user_agent_picker] WARNING: [UnsupportedDeviceType] Family: Sony BDV11, Brand: Sony, Model: BDV11
2026-05-16 22:34:03 [scrapy_user_agents.user_agent_picker] WARNING: [UnsupportedDeviceType] Family: Other, Brand: None, Model: None
2026-05-16 22:34:03 [scrapy_user_agents.user_agent_picker] WARNING: [UnsupportedDeviceType] Family: Other, Brand: None, Model: None
2026-05-16 22:34:03 [scrapy_user_agents.user_agent_picker] WARNING: [UnsupportedDeviceType] Family: Other, Brand: None, Model: None
2026-05-16 22:34:04 [scrapy_user_agents.user_agent_picker] WARNING: [UnsupportedDeviceType] Family: Other, Brand: None, Model: None
2026-05-16 22:34:04 [scrapy_user_agents.user_agent_picker] WARNING: [UnsupportedDeviceType] Family: Nintendo DSi, Brand: Nintendo, Model: DSi
2026-05-16 22:34:04 [scrapy_user_agents.user_agent_picker] WARNING: [UnsupportedDeviceType] Family: LYF LF-2403N, Brand: LYF, Model: LF-2403N
2026-05-16 22:34:04 [scrapy_user_agents.user_agent_picker] WARNING: [UnsupportedDeviceType] Family: LYF F90M, Brand: LYF, Model: F90M
2026-05-16 22:34:04 [scrapy_user_agents.user_agent_picker] WARNING: [UnsupportedDeviceType] Family: Other, Brand: None, Model: None
2026-05-16 22:34:04 [scrapy_user_agents.user_agent_picker] WARNING: [UnsupportedDeviceType] Family: Other, Brand: None, Model: None
2026-05-16 22:34:04 [scrapy_user_agents.user_agent_picker] WARNING: [UnsupportedBrowserType] Family: Applebot
2026-05-16 22:34:04 [scrapy_user_agents.user_agent_picker] WARNING: [UnsupportedDeviceType] Family: Other, Brand: None, Model: None
2026-05-16 22:34:04 [scrapy_user_agents.user_agent_picker] WARNING: [UnsupportedBrowserType] Family: Applebot
2026-05-16 22:34:04 [scrapy_user_agents.user_agent_picker] WARNING: [UnsupportedBrowserType] Family: Other
2026-05-16 22:34:04 [scrapy_user_agents.user_agent_picker] WARNING: [UnsupportedBrowserType] Family: Other
2026-05-16 22:34:04 [scrapy_user_agents.user_agent_picker] WARNING: [UnsupportedBrowserType] Family: PhantomJS
2026-05-16 22:34:04 [scrapy_user_agents.user_agent_picker] WARNING: [UnsupportedBrowserType] Family: SMTBot
2026-05-16 22:34:04 [scrapy_user_agents.user_agent_picker] WARNING: [UnsupportedBrowserType] Family: PhantomJS
2026-05-16 22:34:04 [scrapy_user_agents.user_agent_picker] WARNING: [UnsupportedBrowserType] Family: PhantomJS
2026-05-16 22:34:04 [scrapy_user_agents.user_agent_picker] WARNING: [UnsupportedBrowserType] Family: WebKit Nightly
2026-05-16 22:34:04 [scrapy_user_agents.user_agent_picker] WARNING: [UnsupportedBrowserType] Family: PhantomJS
2026-05-16 22:34:04 [scrapy_user_agents.user_agent_picker] WARNING: [UnsupportedDeviceType] Family: Other, Brand: None, Model: None
2026-05-16 22:34:04 [scrapy_user_agents.user_agent_picker] WARNING: [UnsupportedBrowserType] Family: PhantomJS
2026-05-16 22:34:04 [scrapy_user_agents.user_agent_picker] WARNING: [UnsupportedBrowserType] Family: PhantomJS
2026-05-16 22:34:04 [scrapy_user_agents.user_agent_picker] WARNING: [UnsupportedBrowserType] Family: Robot
2026-05-16 22:34:04 [scrapy_user_agents.user_agent_picker] WARNING: [UnsupportedDeviceType] Family: Other, Brand: None, Model: None
2026-05-16 22:34:04 [scrapy_user_agents.user_agent_picker] WARNING: [UnsupportedBrowserType] Family: Zune
2026-05-16 22:34:05 [scrapy.middleware] INFO: Enabled downloader middlewares:
['scrapy.downloadermiddlewares.offsite.OffsiteMiddleware',
 'scrapy.downloadermiddlewares.robotstxt.RobotsTxtMiddleware',
 'scrapy.downloadermiddlewares.httpauth.HttpAuthMiddleware',
 'scrapy.downloadermiddlewares.downloadtimeout.DownloadTimeoutMiddleware',
 'scrapy.downloadermiddlewares.defaultheaders.DefaultHeadersMiddleware',
 'scrapy_user_agents.middlewares.RandomUserAgentMiddleware',
 'scrapy.downloadermiddlewares.redirect.MetaRefreshMiddleware',
 'scrapy.downloadermiddlewares.httpcompression.HttpCompressionMiddleware',
 'scrapy.downloadermiddlewares.redirect.RedirectMiddleware',
 'scrapy.downloadermiddlewares.cookies.CookiesMiddleware',
 'scrapy.downloadermiddlewares.httpproxy.HttpProxyMiddleware',
 'scrapy.downloadermiddlewares.stats.DownloaderStats']
2026-05-16 22:34:05 [py.warnings] WARNING: F:\science_data_warehouse_repo\huyle_scrapy_shell\venv\Lib\site-packages\scrapy\core\downloader\middleware.py:46: ScrapyDeprecationWarning: RandomUserAgentMiddleware.process_request() requires a spider argument, this is deprecated and the argument will not be passed in future Scrapy versions. If you need to access the spider instance you can save the crawler instance passed to from_crawler() and use its spider attribute.
  self._check_mw_method_spider_arg(mw.process_request)

2026-05-16 22:34:05 [scrapy.middleware] INFO: Enabled spider middlewares:
['scrapy.spidermiddlewares.start.StartSpiderMiddleware',
 'scrapy.spidermiddlewares.httperror.HttpErrorMiddleware',
 'scrapy_deltafetch.DeltaFetch',
 'science_dwh.middlewares.ScienceDwhSpiderMiddleware',
 'scrapy.spidermiddlewares.referer.RefererMiddleware',
 'scrapy.spidermiddlewares.urllength.UrlLengthMiddleware',
 'scrapy.spidermiddlewares.depth.DepthMiddleware']
2026-05-16 22:34:05 [scrapy.core.spidermw] WARNING: Middleware scrapy_deltafetch.middleware.DeltaFetch doesn't support asynchronous spider output, this is deprecated and will stop working in a future version of Scrapy. The middleware should be updated to support it. Please see https://docs.scrapy.org/en/latest/topics/coroutines.html#for-middleware-users for more information.
2026-05-16 22:34:05 [py.warnings] WARNING: F:\science_data_warehouse_repo\huyle_scrapy_shell\venv\Lib\site-packages\scrapy\core\spidermw.py:138: ScrapyDeprecationWarning: DeltaFetch.process_spider_output() requires a spider argument, this is deprecated and the argument will not be passed in future Scrapy versions. If you need to access the spider instance you can save the crawler instance passed to from_crawler() and use its spider attribute.
  self._check_mw_method_spider_arg(process_spider_output)

2026-05-16 22:34:05 [py.warnings] WARNING: F:\science_data_warehouse_repo\huyle_scrapy_shell\venv\Lib\site-packages\scrapy\core\spidermw.py:125: ScrapyDeprecationWarning: ScienceDwhSpiderMiddleware.process_spider_input() requires a spider argument, this is deprecated and the argument will not be passed in future Scrapy versions. If you need to access the spider instance you can save the crawler instance passed to from_crawler() and use its spider attribute.
  self._check_mw_method_spider_arg(mw.process_spider_input)

2026-05-16 22:34:05 [scrapy.core.spidermw] WARNING: Middleware science_dwh.middlewares.ScienceDwhSpiderMiddleware doesn't support asynchronous spider output, this is deprecated and will stop working in a future version of Scrapy. The middleware should be updated to support it. Please see https://docs.scrapy.org/en/latest/topics/coroutines.html#for-middleware-users for more information.
2026-05-16 22:34:05 [py.warnings] WARNING: F:\science_data_warehouse_repo\huyle_scrapy_shell\venv\Lib\site-packages\scrapy\core\spidermw.py:138: ScrapyDeprecationWarning: ScienceDwhSpiderMiddleware.process_spider_output() requires a spider argument, this is deprecated and the argument will not be passed in future Scrapy versions. If you need to access the spider instance you can save the crawler instance passed to from_crawler() and use its spider attribute.
  self._check_mw_method_spider_arg(process_spider_output)

2026-05-16 22:34:05 [py.warnings] WARNING: F:\science_data_warehouse_repo\huyle_scrapy_shell\venv\Lib\site-packages\scrapy\core\spidermw.py:146: ScrapyDeprecationWarning: ScienceDwhSpiderMiddleware.process_spider_exception() requires a spider argument, this is deprecated and the argument will not be passed in future Scrapy versions. If you need to access the spider instance you can save the crawler instance passed to from_crawler() and use its spider attribute.
  self._check_mw_method_spider_arg(process_spider_exception)

2026-05-16 22:34:05 [scrapy.middleware] INFO: Enabled item pipelines:
['science_dwh.pipelines.ScienceDwhPipeline']
2026-05-16 22:34:05 [py.warnings] WARNING: F:\science_data_warehouse_repo\huyle_scrapy_shell\venv\Lib\site-packages\scrapy\pipelines\__init__.py:49: ScrapyDeprecationWarning: ScienceDwhPipeline.process_item() requires a spider argument, this is deprecated and the argument will not be passed in future Scrapy versions. If you need to access the spider instance you can save the crawler instance passed to from_crawler() and use its spider attribute.
  self._check_mw_method_spider_arg(pipe.process_item)

2026-05-16 22:34:05 [scrapy.core.engine] INFO: Spider opened
2026-05-16 22:34:05 [scrapy.extensions.logstats] INFO: Crawled 0 pages (at 0 pages/min), scraped 0 items (at 0 items/min)
2026-05-16 22:34:05 [scls_spider] INFO: Spider opened: scls_spider
2026-05-16 22:34:05 [scrapy.extensions.telnet] INFO: Telnet console listening on 127.0.0.1:6023
2026-05-16 22:34:10 [py.warnings] WARNING: F:\science_data_warehouse_repo\huyle_scrapy_shell\venv\Lib\site-packages\scrapy_deltafetch\middleware.py:85: ScrapyDeprecationWarning: Passing a 'spider' argument to StatsCollector.inc_value() is deprecated and the argument will be removed in a future Scrapy version.
  self.stats.inc_value("deltafetch/stored", spider=spider)

2026-05-16 22:34:11 [py.warnings] WARNING: F:\science_data_warehouse_repo\huyle_scrapy_shell\venv\Lib\site-packages\scrapy_deltafetch\middleware.py:85: ScrapyDeprecationWarning: Passing a 'spider' argument to StatsCollector.inc_value() is deprecated and the argument will be removed in a future Scrapy version.
  self.stats.inc_value("deltafetch/stored", spider=spider)

2026-05-16 22:34:12 [py.warnings] WARNING: F:\science_data_warehouse_repo\huyle_scrapy_shell\venv\Lib\site-packages\scrapy_deltafetch\middleware.py:85: ScrapyDeprecationWarning: Passing a 'spider' argument to StatsCollector.inc_value() is deprecated and the argument will be removed in a future Scrapy version.
  self.stats.inc_value("deltafetch/stored", spider=spider)

2026-05-16 22:34:14 [py.warnings] WARNING: F:\science_data_warehouse_repo\huyle_scrapy_shell\venv\Lib\site-packages\scrapy_deltafetch\middleware.py:85: ScrapyDeprecationWarning: Passing a 'spider' argument to StatsCollector.inc_value() is deprecated and the argument will be removed in a future Scrapy version.
  self.stats.inc_value("deltafetch/stored", spider=spider)

2026-05-16 22:34:15 [py.warnings] WARNING: F:\science_data_warehouse_repo\huyle_scrapy_shell\venv\Lib\site-packages\scrapy_deltafetch\middleware.py:85: ScrapyDeprecationWarning: Passing a 'spider' argument to StatsCollector.inc_value() is deprecated and the argument will be removed in a future Scrapy version.
  self.stats.inc_value("deltafetch/stored", spider=spider)

2026-05-16 22:34:16 [py.warnings] WARNING: F:\science_data_warehouse_repo\huyle_scrapy_shell\venv\Lib\site-packages\scrapy_deltafetch\middleware.py:85: ScrapyDeprecationWarning: Passing a 'spider' argument to StatsCollector.inc_value() is deprecated and the argument will be removed in a future Scrapy version.
  self.stats.inc_value("deltafetch/stored", spider=spider)

2026-05-16 22:34:18 [py.warnings] WARNING: F:\science_data_warehouse_repo\huyle_scrapy_shell\venv\Lib\site-packages\scrapy_deltafetch\middleware.py:85: ScrapyDeprecationWarning: Passing a 'spider' argument to StatsCollector.inc_value() is deprecated and the argument will be removed in a future Scrapy version.
  self.stats.inc_value("deltafetch/stored", spider=spider)

2026-05-16 22:34:19 [py.warnings] WARNING: F:\science_data_warehouse_repo\huyle_scrapy_shell\venv\Lib\site-packages\scrapy_deltafetch\middleware.py:85: ScrapyDeprecationWarning: Passing a 'spider' argument to StatsCollector.inc_value() is deprecated and the argument will be removed in a future Scrapy version.
  self.stats.inc_value("deltafetch/stored", spider=spider)

2026-05-16 22:34:20 [py.warnings] WARNING: F:\science_data_warehouse_repo\huyle_scrapy_shell\venv\Lib\site-packages\scrapy_deltafetch\middleware.py:85: ScrapyDeprecationWarning: Passing a 'spider' argument to StatsCollector.inc_value() is deprecated and the argument will be removed in a future Scrapy version.
  self.stats.inc_value("deltafetch/stored", spider=spider)

2026-05-16 22:34:21 [py.warnings] WARNING: F:\science_data_warehouse_repo\huyle_scrapy_shell\venv\Lib\site-packages\scrapy_deltafetch\middleware.py:85: ScrapyDeprecationWarning: Passing a 'spider' argument to StatsCollector.inc_value() is deprecated and the argument will be removed in a future Scrapy version.
  self.stats.inc_value("deltafetch/stored", spider=spider)

2026-05-16 22:34:23 [py.warnings] WARNING: F:\science_data_warehouse_repo\huyle_scrapy_shell\venv\Lib\site-packages\scrapy_deltafetch\middleware.py:85: ScrapyDeprecationWarning: Passing a 'spider' argument to StatsCollector.inc_value() is deprecated and the argument will be removed in a future Scrapy version.
  self.stats.inc_value("deltafetch/stored", spider=spider)

2026-05-16 22:34:24 [py.warnings] WARNING: F:\science_data_warehouse_repo\huyle_scrapy_shell\venv\Lib\site-packages\scrapy_deltafetch\middleware.py:85: ScrapyDeprecationWarning: Passing a 'spider' argument to StatsCollector.inc_value() is deprecated and the argument will be removed in a future Scrapy version.
  self.stats.inc_value("deltafetch/stored", spider=spider)

2026-05-16 22:34:25 [py.warnings] WARNING: F:\science_data_warehouse_repo\huyle_scrapy_shell\venv\Lib\site-packages\scrapy_deltafetch\middleware.py:85: ScrapyDeprecationWarning: Passing a 'spider' argument to StatsCollector.inc_value() is deprecated and the argument will be removed in a future Scrapy version.
  self.stats.inc_value("deltafetch/stored", spider=spider)

2026-05-16 22:34:26 [py.warnings] WARNING: F:\science_data_warehouse_repo\huyle_scrapy_shell\venv\Lib\site-packages\scrapy_deltafetch\middleware.py:85: ScrapyDeprecationWarning: Passing a 'spider' argument to StatsCollector.inc_value() is deprecated and the argument will be removed in a future Scrapy version.
  self.stats.inc_value("deltafetch/stored", spider=spider)

2026-05-16 22:34:28 [py.warnings] WARNING: F:\science_data_warehouse_repo\huyle_scrapy_shell\venv\Lib\site-packages\scrapy_deltafetch\middleware.py:85: ScrapyDeprecationWarning: Passing a 'spider' argument to StatsCollector.inc_value() is deprecated and the argument will be removed in a future Scrapy version.
  self.stats.inc_value("deltafetch/stored", spider=spider)

2026-05-16 22:34:29 [py.warnings] WARNING: F:\science_data_warehouse_repo\huyle_scrapy_shell\venv\Lib\site-packages\scrapy_deltafetch\middleware.py:85: ScrapyDeprecationWarning: Passing a 'spider' argument to StatsCollector.inc_value() is deprecated and the argument will be removed in a future Scrapy version.
  self.stats.inc_value("deltafetch/stored", spider=spider)

2026-05-16 22:34:30 [py.warnings] WARNING: F:\science_data_warehouse_repo\huyle_scrapy_shell\venv\Lib\site-packages\scrapy_deltafetch\middleware.py:85: ScrapyDeprecationWarning: Passing a 'spider' argument to StatsCollector.inc_value() is deprecated and the argument will be removed in a future Scrapy version.
  self.stats.inc_value("deltafetch/stored", spider=spider)

2026-05-16 22:34:32 [py.warnings] WARNING: F:\science_data_warehouse_repo\huyle_scrapy_shell\venv\Lib\site-packages\scrapy_deltafetch\middleware.py:85: ScrapyDeprecationWarning: Passing a 'spider' argument to StatsCollector.inc_value() is deprecated and the argument will be removed in a future Scrapy version.
  self.stats.inc_value("deltafetch/stored", spider=spider)

2026-05-16 22:34:33 [py.warnings] WARNING: F:\science_data_warehouse_repo\huyle_scrapy_shell\venv\Lib\site-packages\scrapy_deltafetch\middleware.py:85: ScrapyDeprecationWarning: Passing a 'spider' argument to StatsCollector.inc_value() is deprecated and the argument will be removed in a future Scrapy version.
  self.stats.inc_value("deltafetch/stored", spider=spider)

2026-05-16 22:34:34 [py.warnings] WARNING: F:\science_data_warehouse_repo\huyle_scrapy_shell\venv\Lib\site-packages\scrapy_deltafetch\middleware.py:85: ScrapyDeprecationWarning: Passing a 'spider' argument to StatsCollector.inc_value() is deprecated and the argument will be removed in a future Scrapy version.
  self.stats.inc_value("deltafetch/stored", spider=spider)

2026-05-16 22:34:36 [py.warnings] WARNING: F:\science_data_warehouse_repo\huyle_scrapy_shell\venv\Lib\site-packages\scrapy_deltafetch\middleware.py:85: ScrapyDeprecationWarning: Passing a 'spider' argument to StatsCollector.inc_value() is deprecated and the argument will be removed in a future Scrapy version.
  self.stats.inc_value("deltafetch/stored", spider=spider)

2026-05-16 22:34:37 [py.warnings] WARNING: F:\science_data_warehouse_repo\huyle_scrapy_shell\venv\Lib\site-packages\scrapy_deltafetch\middleware.py:85: ScrapyDeprecationWarning: Passing a 'spider' argument to StatsCollector.inc_value() is deprecated and the argument will be removed in a future Scrapy version.
  self.stats.inc_value("deltafetch/stored", spider=spider)

2026-05-16 22:34:39 [py.warnings] WARNING: F:\science_data_warehouse_repo\huyle_scrapy_shell\venv\Lib\site-packages\scrapy_deltafetch\middleware.py:85: ScrapyDeprecationWarning: Passing a 'spider' argument to StatsCollector.inc_value() is deprecated and the argument will be removed in a future Scrapy version.
  self.stats.inc_value("deltafetch/stored", spider=spider)

2026-05-16 22:34:39 [py.warnings] WARNING: F:\science_data_warehouse_repo\huyle_scrapy_shell\venv\Lib\site-packages\scrapy_deltafetch\middleware.py:85: ScrapyDeprecationWarning: Passing a 'spider' argument to StatsCollector.inc_value() is deprecated and the argument will be removed in a future Scrapy version.
  self.stats.inc_value("deltafetch/stored", spider=spider)

2026-05-16 22:34:41 [py.warnings] WARNING: F:\science_data_warehouse_repo\huyle_scrapy_shell\venv\Lib\site-packages\scrapy_deltafetch\middleware.py:85: ScrapyDeprecationWarning: Passing a 'spider' argument to StatsCollector.inc_value() is deprecated and the argument will be removed in a future Scrapy version.
  self.stats.inc_value("deltafetch/stored", spider=spider)

2026-05-16 22:34:42 [py.warnings] WARNING: F:\science_data_warehouse_repo\huyle_scrapy_shell\venv\Lib\site-packages\scrapy_deltafetch\middleware.py:85: ScrapyDeprecationWarning: Passing a 'spider' argument to StatsCollector.inc_value() is deprecated and the argument will be removed in a future Scrapy version.
  self.stats.inc_value("deltafetch/stored", spider=spider)

2026-05-16 22:34:43 [py.warnings] WARNING: F:\science_data_warehouse_repo\huyle_scrapy_shell\venv\Lib\site-packages\scrapy_deltafetch\middleware.py:85: ScrapyDeprecationWarning: Passing a 'spider' argument to StatsCollector.inc_value() is deprecated and the argument will be removed in a future Scrapy version.
  self.stats.inc_value("deltafetch/stored", spider=spider)

2026-05-16 22:34:44 [py.warnings] WARNING: F:\science_data_warehouse_repo\huyle_scrapy_shell\venv\Lib\site-packages\scrapy_deltafetch\middleware.py:85: ScrapyDeprecationWarning: Passing a 'spider' argument to StatsCollector.inc_value() is deprecated and the argument will be removed in a future Scrapy version.
  self.stats.inc_value("deltafetch/stored", spider=spider)

2026-05-16 22:34:45 [py.warnings] WARNING: F:\science_data_warehouse_repo\huyle_scrapy_shell\venv\Lib\site-packages\scrapy_deltafetch\middleware.py:85: ScrapyDeprecationWarning: Passing a 'spider' argument to StatsCollector.inc_value() is deprecated and the argument will be removed in a future Scrapy version.
  self.stats.inc_value("deltafetch/stored", spider=spider)

2026-05-16 22:34:46 [py.warnings] WARNING: F:\science_data_warehouse_repo\huyle_scrapy_shell\venv\Lib\site-packages\scrapy_deltafetch\middleware.py:85: ScrapyDeprecationWarning: Passing a 'spider' argument to StatsCollector.inc_value() is deprecated and the argument will be removed in a future Scrapy version.
  self.stats.inc_value("deltafetch/stored", spider=spider)

2026-05-16 22:34:47 [py.warnings] WARNING: F:\science_data_warehouse_repo\huyle_scrapy_shell\venv\Lib\site-packages\scrapy_deltafetch\middleware.py:85: ScrapyDeprecationWarning: Passing a 'spider' argument to StatsCollector.inc_value() is deprecated and the argument will be removed in a future Scrapy version.
  self.stats.inc_value("deltafetch/stored", spider=spider)

2026-05-16 22:34:48 [py.warnings] WARNING: F:\science_data_warehouse_repo\huyle_scrapy_shell\venv\Lib\site-packages\scrapy_deltafetch\middleware.py:85: ScrapyDeprecationWarning: Passing a 'spider' argument to StatsCollector.inc_value() is deprecated and the argument will be removed in a future Scrapy version.
  self.stats.inc_value("deltafetch/stored", spider=spider)

2026-05-16 22:34:50 [py.warnings] WARNING: F:\science_data_warehouse_repo\huyle_scrapy_shell\venv\Lib\site-packages\scrapy_deltafetch\middleware.py:85: ScrapyDeprecationWarning: Passing a 'spider' argument to StatsCollector.inc_value() is deprecated and the argument will be removed in a future Scrapy version.
  self.stats.inc_value("deltafetch/stored", spider=spider)

2026-05-16 22:34:51 [py.warnings] WARNING: F:\science_data_warehouse_repo\huyle_scrapy_shell\venv\Lib\site-packages\scrapy_deltafetch\middleware.py:85: ScrapyDeprecationWarning: Passing a 'spider' argument to StatsCollector.inc_value() is deprecated and the argument will be removed in a future Scrapy version.
  self.stats.inc_value("deltafetch/stored", spider=spider)

2026-05-16 22:34:52 [py.warnings] WARNING: F:\science_data_warehouse_repo\huyle_scrapy_shell\venv\Lib\site-packages\scrapy_deltafetch\middleware.py:85: ScrapyDeprecationWarning: Passing a 'spider' argument to StatsCollector.inc_value() is deprecated and the argument will be removed in a future Scrapy version.
  self.stats.inc_value("deltafetch/stored", spider=spider)

2026-05-16 22:34:53 [py.warnings] WARNING: F:\science_data_warehouse_repo\huyle_scrapy_shell\venv\Lib\site-packages\scrapy_deltafetch\middleware.py:85: ScrapyDeprecationWarning: Passing a 'spider' argument to StatsCollector.inc_value() is deprecated and the argument will be removed in a future Scrapy version.
  self.stats.inc_value("deltafetch/stored", spider=spider)

2026-05-16 22:34:55 [py.warnings] WARNING: F:\science_data_warehouse_repo\huyle_scrapy_shell\venv\Lib\site-packages\scrapy_deltafetch\middleware.py:85: ScrapyDeprecationWarning: Passing a 'spider' argument to StatsCollector.inc_value() is deprecated and the argument will be removed in a future Scrapy version.
  self.stats.inc_value("deltafetch/stored", spider=spider)

2026-05-16 22:34:56 [py.warnings] WARNING: F:\science_data_warehouse_repo\huyle_scrapy_shell\venv\Lib\site-packages\scrapy_deltafetch\middleware.py:85: ScrapyDeprecationWarning: Passing a 'spider' argument to StatsCollector.inc_value() is deprecated and the argument will be removed in a future Scrapy version.
  self.stats.inc_value("deltafetch/stored", spider=spider)

2026-05-16 22:34:57 [scrapy.spidermiddlewares.httperror] INFO: Ignoring response <429 https://scls.hust.edu.vn/vi/organs/person/Trung-tam-Ky-thuat-20/ThS-Duong-Thi-Thuy-Linh-206/>: HTTP status code is not handled or not allowed
2026-05-16 22:34:58 [scrapy.spidermiddlewares.httperror] INFO: Ignoring response <429 https://scls.hust.edu.vn/vi/organs/person/Trung-tam-Ky-thuat-20/ThS-Tran-Ngoc-Hung-205/>: HTTP status code is not handled or not allowed
2026-05-16 22:34:59 [scrapy.spidermiddlewares.httperror] INFO: Ignoring response <429 https://scls.hust.edu.vn/vi/organs/person/Trung-tam-Ky-thuat-20/ThS-Hoang-Huu-Hiep-204/>: HTTP status code is not handled or not allowed
2026-05-16 22:35:00 [scrapy.spidermiddlewares.httperror] INFO: Ignoring response <429 https://scls.hust.edu.vn/vi/organs/person/Trung-tam-Ky-thuat-20/TS-Phung-Thi-Anh-Minh-203/>: HTTP status code is not handled or not allowed
2026-05-16 22:35:01 [scrapy.spidermiddlewares.httperror] INFO: Ignoring response <429 https://scls.hust.edu.vn/vi/organs/person/Trung-tam-Ky-thuat-20/Nguyen-Thi-Mai-Hoa-202/>: HTTP status code is not handled or not allowed
2026-05-16 22:35:03 [scrapy.spidermiddlewares.httperror] INFO: Ignoring response <429 https://scls.hust.edu.vn/vi/organs/person/Trung-tam-Ky-thuat-20/ThS-Tong-Thi-Hoang-Duong-201/>: HTTP status code is not handled or not allowed
2026-05-16 22:35:04 [scrapy.spidermiddlewares.httperror] INFO: Ignoring response <429 https://scls.hust.edu.vn/vi/organs/person/Trung-tam-Ky-thuat-20/TS-Nguyen-Thi-Tuyet-Mai-200/>: HTTP status code is not handled or not allowed
2026-05-16 22:35:05 [scrapy.extensions.logstats] INFO: Crawled 47 pages (at 47 pages/min), scraped 38 items (at 38 items/min)
2026-05-16 22:35:05 [scrapy.extensions.logstats] INFO: Crawled 47 pages (at 0 pages/min), scraped 38 items (at 0 items/min)
2026-05-16 22:35:05 [scrapy.spidermiddlewares.httperror] INFO: Ignoring response <429 https://scls.hust.edu.vn/vi/organs/person/Trung-tam-Ky-thuat-20/CN-Tran-Thi-Thu-Huyen-199/>: HTTP status code is not handled or not allowed
2026-05-16 22:35:06 [py.warnings] WARNING: F:\science_data_warehouse_repo\huyle_scrapy_shell\venv\Lib\site-packages\scrapy_deltafetch\middleware.py:85: ScrapyDeprecationWarning: Passing a 'spider' argument to StatsCollector.inc_value() is deprecated and the argument will be removed in a future Scrapy version.
  self.stats.inc_value("deltafetch/stored", spider=spider)

2026-05-16 22:35:08 [py.warnings] WARNING: F:\science_data_warehouse_repo\huyle_scrapy_shell\venv\Lib\site-packages\scrapy_deltafetch\middleware.py:85: ScrapyDeprecationWarning: Passing a 'spider' argument to StatsCollector.inc_value() is deprecated and the argument will be removed in a future Scrapy version.
  self.stats.inc_value("deltafetch/stored", spider=spider)

2026-05-16 22:35:09 [py.warnings] WARNING: F:\science_data_warehouse_repo\huyle_scrapy_shell\venv\Lib\site-packages\scrapy_deltafetch\middleware.py:85: ScrapyDeprecationWarning: Passing a 'spider' argument to StatsCollector.inc_value() is deprecated and the argument will be removed in a future Scrapy version.
  self.stats.inc_value("deltafetch/stored", spider=spider)

2026-05-16 22:35:10 [py.warnings] WARNING: F:\science_data_warehouse_repo\huyle_scrapy_shell\venv\Lib\site-packages\scrapy_deltafetch\middleware.py:85: ScrapyDeprecationWarning: Passing a 'spider' argument to StatsCollector.inc_value() is deprecated and the argument will be removed in a future Scrapy version.
  self.stats.inc_value("deltafetch/stored", spider=spider)

2026-05-16 22:35:11 [py.warnings] WARNING: F:\science_data_warehouse_repo\huyle_scrapy_shell\venv\Lib\site-packages\scrapy_deltafetch\middleware.py:85: ScrapyDeprecationWarning: Passing a 'spider' argument to StatsCollector.inc_value() is deprecated and the argument will be removed in a future Scrapy version.
  self.stats.inc_value("deltafetch/stored", spider=spider)

2026-05-16 22:35:13 [py.warnings] WARNING: F:\science_data_warehouse_repo\huyle_scrapy_shell\venv\Lib\site-packages\scrapy_deltafetch\middleware.py:85: ScrapyDeprecationWarning: Passing a 'spider' argument to StatsCollector.inc_value() is deprecated and the argument will be removed in a future Scrapy version.
  self.stats.inc_value("deltafetch/stored", spider=spider)

2026-05-16 22:35:14 [py.warnings] WARNING: F:\science_data_warehouse_repo\huyle_scrapy_shell\venv\Lib\site-packages\scrapy_deltafetch\middleware.py:85: ScrapyDeprecationWarning: Passing a 'spider' argument to StatsCollector.inc_value() is deprecated and the argument will be removed in a future Scrapy version.
  self.stats.inc_value("deltafetch/stored", spider=spider)

2026-05-16 22:35:15 [py.warnings] WARNING: F:\science_data_warehouse_repo\huyle_scrapy_shell\venv\Lib\site-packages\scrapy_deltafetch\middleware.py:85: ScrapyDeprecationWarning: Passing a 'spider' argument to StatsCollector.inc_value() is deprecated and the argument will be removed in a future Scrapy version.
  self.stats.inc_value("deltafetch/stored", spider=spider)

2026-05-16 22:35:17 [py.warnings] WARNING: F:\science_data_warehouse_repo\huyle_scrapy_shell\venv\Lib\site-packages\scrapy_deltafetch\middleware.py:85: ScrapyDeprecationWarning: Passing a 'spider' argument to StatsCollector.inc_value() is deprecated and the argument will be removed in a future Scrapy version.
  self.stats.inc_value("deltafetch/stored", spider=spider)

2026-05-16 22:35:18 [py.warnings] WARNING: F:\science_data_warehouse_repo\huyle_scrapy_shell\venv\Lib\site-packages\scrapy_deltafetch\middleware.py:85: ScrapyDeprecationWarning: Passing a 'spider' argument to StatsCollector.inc_value() is deprecated and the argument will be removed in a future Scrapy version.
  self.stats.inc_value("deltafetch/stored", spider=spider)

2026-05-16 22:35:19 [py.warnings] WARNING: F:\science_data_warehouse_repo\huyle_scrapy_shell\venv\Lib\site-packages\scrapy_deltafetch\middleware.py:85: ScrapyDeprecationWarning: Passing a 'spider' argument to StatsCollector.inc_value() is deprecated and the argument will be removed in a future Scrapy version.
  self.stats.inc_value("deltafetch/stored", spider=spider)

2026-05-16 22:35:21 [py.warnings] WARNING: F:\science_data_warehouse_repo\huyle_scrapy_shell\venv\Lib\site-packages\scrapy_deltafetch\middleware.py:85: ScrapyDeprecationWarning: Passing a 'spider' argument to StatsCollector.inc_value() is deprecated and the argument will be removed in a future Scrapy version.
  self.stats.inc_value("deltafetch/stored", spider=spider)

2026-05-16 22:35:22 [py.warnings] WARNING: F:\science_data_warehouse_repo\huyle_scrapy_shell\venv\Lib\site-packages\scrapy_deltafetch\middleware.py:85: ScrapyDeprecationWarning: Passing a 'spider' argument to StatsCollector.inc_value() is deprecated and the argument will be removed in a future Scrapy version.
  self.stats.inc_value("deltafetch/stored", spider=spider)

2026-05-16 22:35:23 [py.warnings] WARNING: F:\science_data_warehouse_repo\huyle_scrapy_shell\venv\Lib\site-packages\scrapy_deltafetch\middleware.py:85: ScrapyDeprecationWarning: Passing a 'spider' argument to StatsCollector.inc_value() is deprecated and the argument will be removed in a future Scrapy version.
  self.stats.inc_value("deltafetch/stored", spider=spider)

2026-05-16 22:35:25 [py.warnings] WARNING: F:\science_data_warehouse_repo\huyle_scrapy_shell\venv\Lib\site-packages\scrapy_deltafetch\middleware.py:85: ScrapyDeprecationWarning: Passing a 'spider' argument to StatsCollector.inc_value() is deprecated and the argument will be removed in a future Scrapy version.
  self.stats.inc_value("deltafetch/stored", spider=spider)

2026-05-16 22:35:25 [py.warnings] WARNING: F:\science_data_warehouse_repo\huyle_scrapy_shell\venv\Lib\site-packages\scrapy_deltafetch\middleware.py:85: ScrapyDeprecationWarning: Passing a 'spider' argument to StatsCollector.inc_value() is deprecated and the argument will be removed in a future Scrapy version.
  self.stats.inc_value("deltafetch/stored", spider=spider)

2026-05-16 22:35:26 [py.warnings] WARNING: F:\science_data_warehouse_repo\huyle_scrapy_shell\venv\Lib\site-packages\scrapy_deltafetch\middleware.py:85: ScrapyDeprecationWarning: Passing a 'spider' argument to StatsCollector.inc_value() is deprecated and the argument will be removed in a future Scrapy version.
  self.stats.inc_value("deltafetch/stored", spider=spider)

2026-05-16 22:35:28 [py.warnings] WARNING: F:\science_data_warehouse_repo\huyle_scrapy_shell\venv\Lib\site-packages\scrapy_deltafetch\middleware.py:85: ScrapyDeprecationWarning: Passing a 'spider' argument to StatsCollector.inc_value() is deprecated and the argument will be removed in a future Scrapy version.
  self.stats.inc_value("deltafetch/stored", spider=spider)

2026-05-16 22:35:29 [py.warnings] WARNING: F:\science_data_warehouse_repo\huyle_scrapy_shell\venv\Lib\site-packages\scrapy_deltafetch\middleware.py:85: ScrapyDeprecationWarning: Passing a 'spider' argument to StatsCollector.inc_value() is deprecated and the argument will be removed in a future Scrapy version.
  self.stats.inc_value("deltafetch/stored", spider=spider)

2026-05-16 22:35:30 [py.warnings] WARNING: F:\science_data_warehouse_repo\huyle_scrapy_shell\venv\Lib\site-packages\scrapy_deltafetch\middleware.py:85: ScrapyDeprecationWarning: Passing a 'spider' argument to StatsCollector.inc_value() is deprecated and the argument will be removed in a future Scrapy version.
  self.stats.inc_value("deltafetch/stored", spider=spider)

2026-05-16 22:35:31 [py.warnings] WARNING: F:\science_data_warehouse_repo\huyle_scrapy_shell\venv\Lib\site-packages\scrapy_deltafetch\middleware.py:85: ScrapyDeprecationWarning: Passing a 'spider' argument to StatsCollector.inc_value() is deprecated and the argument will be removed in a future Scrapy version.
  self.stats.inc_value("deltafetch/stored", spider=spider)

2026-05-16 22:35:32 [py.warnings] WARNING: F:\science_data_warehouse_repo\huyle_scrapy_shell\venv\Lib\site-packages\scrapy_deltafetch\middleware.py:85: ScrapyDeprecationWarning: Passing a 'spider' argument to StatsCollector.inc_value() is deprecated and the argument will be removed in a future Scrapy version.
  self.stats.inc_value("deltafetch/stored", spider=spider)

2026-05-16 22:35:34 [py.warnings] WARNING: F:\science_data_warehouse_repo\huyle_scrapy_shell\venv\Lib\site-packages\scrapy_deltafetch\middleware.py:85: ScrapyDeprecationWarning: Passing a 'spider' argument to StatsCollector.inc_value() is deprecated and the argument will be removed in a future Scrapy version.
  self.stats.inc_value("deltafetch/stored", spider=spider)

2026-05-16 22:35:35 [py.warnings] WARNING: F:\science_data_warehouse_repo\huyle_scrapy_shell\venv\Lib\site-packages\scrapy_deltafetch\middleware.py:85: ScrapyDeprecationWarning: Passing a 'spider' argument to StatsCollector.inc_value() is deprecated and the argument will be removed in a future Scrapy version.
  self.stats.inc_value("deltafetch/stored", spider=spider)

2026-05-16 22:35:37 [py.warnings] WARNING: F:\science_data_warehouse_repo\huyle_scrapy_shell\venv\Lib\site-packages\scrapy_deltafetch\middleware.py:85: ScrapyDeprecationWarning: Passing a 'spider' argument to StatsCollector.inc_value() is deprecated and the argument will be removed in a future Scrapy version.
  self.stats.inc_value("deltafetch/stored", spider=spider)

2026-05-16 22:35:38 [py.warnings] WARNING: F:\science_data_warehouse_repo\huyle_scrapy_shell\venv\Lib\site-packages\scrapy_deltafetch\middleware.py:85: ScrapyDeprecationWarning: Passing a 'spider' argument to StatsCollector.inc_value() is deprecated and the argument will be removed in a future Scrapy version.
  self.stats.inc_value("deltafetch/stored", spider=spider)

2026-05-16 22:35:39 [py.warnings] WARNING: F:\science_data_warehouse_repo\huyle_scrapy_shell\venv\Lib\site-packages\scrapy_deltafetch\middleware.py:85: ScrapyDeprecationWarning: Passing a 'spider' argument to StatsCollector.inc_value() is deprecated and the argument will be removed in a future Scrapy version.
  self.stats.inc_value("deltafetch/stored", spider=spider)

2026-05-16 22:35:40 [py.warnings] WARNING: F:\science_data_warehouse_repo\huyle_scrapy_shell\venv\Lib\site-packages\scrapy_deltafetch\middleware.py:85: ScrapyDeprecationWarning: Passing a 'spider' argument to StatsCollector.inc_value() is deprecated and the argument will be removed in a future Scrapy version.
  self.stats.inc_value("deltafetch/stored", spider=spider)

2026-05-16 22:35:41 [py.warnings] WARNING: F:\science_data_warehouse_repo\huyle_scrapy_shell\venv\Lib\site-packages\scrapy_deltafetch\middleware.py:85: ScrapyDeprecationWarning: Passing a 'spider' argument to StatsCollector.inc_value() is deprecated and the argument will be removed in a future Scrapy version.
  self.stats.inc_value("deltafetch/stored", spider=spider)

2026-05-16 22:35:43 [py.warnings] WARNING: F:\science_data_warehouse_repo\huyle_scrapy_shell\venv\Lib\site-packages\scrapy_deltafetch\middleware.py:85: ScrapyDeprecationWarning: Passing a 'spider' argument to StatsCollector.inc_value() is deprecated and the argument will be removed in a future Scrapy version.
  self.stats.inc_value("deltafetch/stored", spider=spider)

2026-05-16 22:35:44 [py.warnings] WARNING: F:\science_data_warehouse_repo\huyle_scrapy_shell\venv\Lib\site-packages\scrapy_deltafetch\middleware.py:85: ScrapyDeprecationWarning: Passing a 'spider' argument to StatsCollector.inc_value() is deprecated and the argument will be removed in a future Scrapy version.
  self.stats.inc_value("deltafetch/stored", spider=spider)

2026-05-16 22:35:44 [py.warnings] WARNING: F:\science_data_warehouse_repo\huyle_scrapy_shell\venv\Lib\site-packages\scrapy_deltafetch\middleware.py:85: ScrapyDeprecationWarning: Passing a 'spider' argument to StatsCollector.inc_value() is deprecated and the argument will be removed in a future Scrapy version.
  self.stats.inc_value("deltafetch/stored", spider=spider)

2026-05-16 22:35:45 [py.warnings] WARNING: F:\science_data_warehouse_repo\huyle_scrapy_shell\venv\Lib\site-packages\scrapy_deltafetch\middleware.py:85: ScrapyDeprecationWarning: Passing a 'spider' argument to StatsCollector.inc_value() is deprecated and the argument will be removed in a future Scrapy version.
  self.stats.inc_value("deltafetch/stored", spider=spider)

2026-05-16 22:35:47 [py.warnings] WARNING: F:\science_data_warehouse_repo\huyle_scrapy_shell\venv\Lib\site-packages\scrapy_deltafetch\middleware.py:85: ScrapyDeprecationWarning: Passing a 'spider' argument to StatsCollector.inc_value() is deprecated and the argument will be removed in a future Scrapy version.
  self.stats.inc_value("deltafetch/stored", spider=spider)

2026-05-16 22:35:48 [py.warnings] WARNING: F:\science_data_warehouse_repo\huyle_scrapy_shell\venv\Lib\site-packages\scrapy_deltafetch\middleware.py:85: ScrapyDeprecationWarning: Passing a 'spider' argument to StatsCollector.inc_value() is deprecated and the argument will be removed in a future Scrapy version.
  self.stats.inc_value("deltafetch/stored", spider=spider)

2026-05-16 22:35:49 [py.warnings] WARNING: F:\science_data_warehouse_repo\huyle_scrapy_shell\venv\Lib\site-packages\scrapy_deltafetch\middleware.py:85: ScrapyDeprecationWarning: Passing a 'spider' argument to StatsCollector.inc_value() is deprecated and the argument will be removed in a future Scrapy version.
  self.stats.inc_value("deltafetch/stored", spider=spider)

2026-05-16 22:35:50 [py.warnings] WARNING: F:\science_data_warehouse_repo\huyle_scrapy_shell\venv\Lib\site-packages\scrapy_deltafetch\middleware.py:85: ScrapyDeprecationWarning: Passing a 'spider' argument to StatsCollector.inc_value() is deprecated and the argument will be removed in a future Scrapy version.
  self.stats.inc_value("deltafetch/stored", spider=spider)

2026-05-16 22:35:51 [py.warnings] WARNING: F:\science_data_warehouse_repo\huyle_scrapy_shell\venv\Lib\site-packages\scrapy_deltafetch\middleware.py:85: ScrapyDeprecationWarning: Passing a 'spider' argument to StatsCollector.inc_value() is deprecated and the argument will be removed in a future Scrapy version.
  self.stats.inc_value("deltafetch/stored", spider=spider)

2026-05-16 22:35:52 [py.warnings] WARNING: F:\science_data_warehouse_repo\huyle_scrapy_shell\venv\Lib\site-packages\scrapy_deltafetch\middleware.py:85: ScrapyDeprecationWarning: Passing a 'spider' argument to StatsCollector.inc_value() is deprecated and the argument will be removed in a future Scrapy version.
  self.stats.inc_value("deltafetch/stored", spider=spider)

2026-05-16 22:35:54 [py.warnings] WARNING: F:\science_data_warehouse_repo\huyle_scrapy_shell\venv\Lib\site-packages\scrapy_deltafetch\middleware.py:85: ScrapyDeprecationWarning: Passing a 'spider' argument to StatsCollector.inc_value() is deprecated and the argument will be removed in a future Scrapy version.
  self.stats.inc_value("deltafetch/stored", spider=spider)

2026-05-16 22:35:55 [scrapy.spidermiddlewares.httperror] INFO: Ignoring response <429 https://scls.hust.edu.vn/vi/organs/person/Khoa-Ky-thuat-Thuc-Pham-18/PGS-TS-Nguyen-Thi-Hanh-124/>: HTTP status code is not handled or not allowed
2026-05-16 22:35:56 [scrapy.spidermiddlewares.httperror] INFO: Ignoring response <429 https://scls.hust.edu.vn/vi/organs/person/Khoa-Ky-thuat-Thuc-Pham-18/PGS-TS-Ho-Phu-Ha-123/>: HTTP status code is not handled or not allowed
2026-05-16 22:35:58 [scrapy.spidermiddlewares.httperror] INFO: Ignoring response <429 https://scls.hust.edu.vn/vi/organs/person/Khoa-Ky-thuat-Thuc-Pham-18/PGS-TS-Vu-Thu-Trang-122/>: HTTP status code is not handled or not allowed
2026-05-16 22:35:59 [scrapy.spidermiddlewares.httperror] INFO: Ignoring response <429 https://scls.hust.edu.vn/vi/organs/person/Khoa-Ky-thuat-Thuc-Pham-18/TS-Nguyen-Tien-Cuong-121/>: HTTP status code is not handled or not allowed
2026-05-16 22:36:00 [scrapy.spidermiddlewares.httperror] INFO: Ignoring response <429 https://scls.hust.edu.vn/vi/organs/person/Khoa-Ky-thuat-Thuc-Pham-18/PGS-TS-Nguyen-Thi-Minh-Tu-19/>: HTTP status code is not handled or not allowed
2026-05-16 22:36:01 [scrapy.spidermiddlewares.httperror] INFO: Ignoring response <429 https://scls.hust.edu.vn/vi/organs/person/Khoa-KH-CN-Moi-Truong-19/TS-Nguyen-Duc-Viet-250/>: HTTP status code is not handled or not allowed
2026-05-16 22:36:03 [scrapy.spidermiddlewares.httperror] INFO: Ignoring response <429 https://scls.hust.edu.vn/vi/organs/person/Khoa-KH-CN-Moi-Truong-19/TS-Nguyen-Thi-Thu-Hien-246/>: HTTP status code is not handled or not allowed
2026-05-16 22:36:04 [scrapy.spidermiddlewares.httperror] INFO: Ignoring response <429 https://scls.hust.edu.vn/vi/organs/person/Khoa-KH-CN-Moi-Truong-19/PGS-TS-Nguyen-Duc-Quang-105/>: HTTP status code is not handled or not allowed
2026-05-16 22:36:05 [scrapy.extensions.logstats] INFO: Crawled 96 pages (at 49 pages/min), scraped 78 items (at 40 items/min)
2026-05-16 22:36:05 [scrapy.spidermiddlewares.httperror] INFO: Ignoring response <429 https://scls.hust.edu.vn/vi/organs/person/Khoa-KH-CN-Moi-Truong-19/PGS-TS-Doan-Thi-Thai-Yen-104/>: HTTP status code is not handled or not allowed
2026-05-16 22:36:06 [scrapy.spidermiddlewares.httperror] INFO: Ignoring response <429 https://scls.hust.edu.vn/vi/organs/person/Khoa-KH-CN-Moi-Truong-19/TS-Ha-Vinh-Hung-78/>: HTTP status code is not handled or not allowed
2026-05-16 22:36:07 [py.warnings] WARNING: F:\science_data_warehouse_repo\huyle_scrapy_shell\venv\Lib\site-packages\scrapy_deltafetch\middleware.py:85: ScrapyDeprecationWarning: Passing a 'spider' argument to StatsCollector.inc_value() is deprecated and the argument will be removed in a future Scrapy version.
  self.stats.inc_value("deltafetch/stored", spider=spider)

2026-05-16 22:36:09 [py.warnings] WARNING: F:\science_data_warehouse_repo\huyle_scrapy_shell\venv\Lib\site-packages\scrapy_deltafetch\middleware.py:85: ScrapyDeprecationWarning: Passing a 'spider' argument to StatsCollector.inc_value() is deprecated and the argument will be removed in a future Scrapy version.
  self.stats.inc_value("deltafetch/stored", spider=spider)

2026-05-16 22:36:10 [py.warnings] WARNING: F:\science_data_warehouse_repo\huyle_scrapy_shell\venv\Lib\site-packages\scrapy_deltafetch\middleware.py:85: ScrapyDeprecationWarning: Passing a 'spider' argument to StatsCollector.inc_value() is deprecated and the argument will be removed in a future Scrapy version.
  self.stats.inc_value("deltafetch/stored", spider=spider)

2026-05-16 22:36:11 [py.warnings] WARNING: F:\science_data_warehouse_repo\huyle_scrapy_shell\venv\Lib\site-packages\scrapy_deltafetch\middleware.py:85: ScrapyDeprecationWarning: Passing a 'spider' argument to StatsCollector.inc_value() is deprecated and the argument will be removed in a future Scrapy version.
  self.stats.inc_value("deltafetch/stored", spider=spider)

2026-05-16 22:36:12 [py.warnings] WARNING: F:\science_data_warehouse_repo\huyle_scrapy_shell\venv\Lib\site-packages\scrapy_deltafetch\middleware.py:85: ScrapyDeprecationWarning: Passing a 'spider' argument to StatsCollector.inc_value() is deprecated and the argument will be removed in a future Scrapy version.
  self.stats.inc_value("deltafetch/stored", spider=spider)

2026-05-16 22:36:14 [py.warnings] WARNING: F:\science_data_warehouse_repo\huyle_scrapy_shell\venv\Lib\site-packages\scrapy_deltafetch\middleware.py:85: ScrapyDeprecationWarning: Passing a 'spider' argument to StatsCollector.inc_value() is deprecated and the argument will be removed in a future Scrapy version.
  self.stats.inc_value("deltafetch/stored", spider=spider)

2026-05-16 22:36:15 [py.warnings] WARNING: F:\science_data_warehouse_repo\huyle_scrapy_shell\venv\Lib\site-packages\scrapy_deltafetch\middleware.py:85: ScrapyDeprecationWarning: Passing a 'spider' argument to StatsCollector.inc_value() is deprecated and the argument will be removed in a future Scrapy version.
  self.stats.inc_value("deltafetch/stored", spider=spider)

2026-05-16 22:36:17 [py.warnings] WARNING: F:\science_data_warehouse_repo\huyle_scrapy_shell\venv\Lib\site-packages\scrapy_deltafetch\middleware.py:85: ScrapyDeprecationWarning: Passing a 'spider' argument to StatsCollector.inc_value() is deprecated and the argument will be removed in a future Scrapy version.
  self.stats.inc_value("deltafetch/stored", spider=spider)

2026-05-16 22:36:18 [py.warnings] WARNING: F:\science_data_warehouse_repo\huyle_scrapy_shell\venv\Lib\site-packages\scrapy_deltafetch\middleware.py:85: ScrapyDeprecationWarning: Passing a 'spider' argument to StatsCollector.inc_value() is deprecated and the argument will be removed in a future Scrapy version.
  self.stats.inc_value("deltafetch/stored", spider=spider)

2026-05-16 22:36:19 [py.warnings] WARNING: F:\science_data_warehouse_repo\huyle_scrapy_shell\venv\Lib\site-packages\scrapy_deltafetch\middleware.py:85: ScrapyDeprecationWarning: Passing a 'spider' argument to StatsCollector.inc_value() is deprecated and the argument will be removed in a future Scrapy version.
  self.stats.inc_value("deltafetch/stored", spider=spider)

2026-05-16 22:36:21 [py.warnings] WARNING: F:\science_data_warehouse_repo\huyle_scrapy_shell\venv\Lib\site-packages\scrapy_deltafetch\middleware.py:85: ScrapyDeprecationWarning: Passing a 'spider' argument to StatsCollector.inc_value() is deprecated and the argument will be removed in a future Scrapy version.
  self.stats.inc_value("deltafetch/stored", spider=spider)

2026-05-16 22:36:22 [py.warnings] WARNING: F:\science_data_warehouse_repo\huyle_scrapy_shell\venv\Lib\site-packages\scrapy_deltafetch\middleware.py:85: ScrapyDeprecationWarning: Passing a 'spider' argument to StatsCollector.inc_value() is deprecated and the argument will be removed in a future Scrapy version.
  self.stats.inc_value("deltafetch/stored", spider=spider)

2026-05-16 22:36:23 [py.warnings] WARNING: F:\science_data_warehouse_repo\huyle_scrapy_shell\venv\Lib\site-packages\scrapy_deltafetch\middleware.py:85: ScrapyDeprecationWarning: Passing a 'spider' argument to StatsCollector.inc_value() is deprecated and the argument will be removed in a future Scrapy version.
  self.stats.inc_value("deltafetch/stored", spider=spider)

2026-05-16 22:36:24 [py.warnings] WARNING: F:\science_data_warehouse_repo\huyle_scrapy_shell\venv\Lib\site-packages\scrapy_deltafetch\middleware.py:85: ScrapyDeprecationWarning: Passing a 'spider' argument to StatsCollector.inc_value() is deprecated and the argument will be removed in a future Scrapy version.
  self.stats.inc_value("deltafetch/stored", spider=spider)

2026-05-16 22:36:26 [py.warnings] WARNING: F:\science_data_warehouse_repo\huyle_scrapy_shell\venv\Lib\site-packages\scrapy_deltafetch\middleware.py:85: ScrapyDeprecationWarning: Passing a 'spider' argument to StatsCollector.inc_value() is deprecated and the argument will be removed in a future Scrapy version.
  self.stats.inc_value("deltafetch/stored", spider=spider)

2026-05-16 22:36:26 [py.warnings] WARNING: F:\science_data_warehouse_repo\huyle_scrapy_shell\venv\Lib\site-packages\scrapy_deltafetch\middleware.py:85: ScrapyDeprecationWarning: Passing a 'spider' argument to StatsCollector.inc_value() is deprecated and the argument will be removed in a future Scrapy version.
  self.stats.inc_value("deltafetch/stored", spider=spider)

2026-05-16 22:36:28 [py.warnings] WARNING: F:\science_data_warehouse_repo\huyle_scrapy_shell\venv\Lib\site-packages\scrapy_deltafetch\middleware.py:85: ScrapyDeprecationWarning: Passing a 'spider' argument to StatsCollector.inc_value() is deprecated and the argument will be removed in a future Scrapy version.
  self.stats.inc_value("deltafetch/stored", spider=spider)

2026-05-16 22:36:29 [py.warnings] WARNING: F:\science_data_warehouse_repo\huyle_scrapy_shell\venv\Lib\site-packages\scrapy_deltafetch\middleware.py:85: ScrapyDeprecationWarning: Passing a 'spider' argument to StatsCollector.inc_value() is deprecated and the argument will be removed in a future Scrapy version.
  self.stats.inc_value("deltafetch/stored", spider=spider)

2026-05-16 22:36:30 [py.warnings] WARNING: F:\science_data_warehouse_repo\huyle_scrapy_shell\venv\Lib\site-packages\scrapy_deltafetch\middleware.py:85: ScrapyDeprecationWarning: Passing a 'spider' argument to StatsCollector.inc_value() is deprecated and the argument will be removed in a future Scrapy version.
  self.stats.inc_value("deltafetch/stored", spider=spider)

2026-05-16 22:36:31 [py.warnings] WARNING: F:\science_data_warehouse_repo\huyle_scrapy_shell\venv\Lib\site-packages\scrapy_deltafetch\middleware.py:85: ScrapyDeprecationWarning: Passing a 'spider' argument to StatsCollector.inc_value() is deprecated and the argument will be removed in a future Scrapy version.
  self.stats.inc_value("deltafetch/stored", spider=spider)

2026-05-16 22:36:32 [py.warnings] WARNING: F:\science_data_warehouse_repo\huyle_scrapy_shell\venv\Lib\site-packages\scrapy_deltafetch\middleware.py:85: ScrapyDeprecationWarning: Passing a 'spider' argument to StatsCollector.inc_value() is deprecated and the argument will be removed in a future Scrapy version.
  self.stats.inc_value("deltafetch/stored", spider=spider)

2026-05-16 22:36:34 [py.warnings] WARNING: F:\science_data_warehouse_repo\huyle_scrapy_shell\venv\Lib\site-packages\scrapy_deltafetch\middleware.py:85: ScrapyDeprecationWarning: Passing a 'spider' argument to StatsCollector.inc_value() is deprecated and the argument will be removed in a future Scrapy version.
  self.stats.inc_value("deltafetch/stored", spider=spider)

2026-05-16 22:36:35 [py.warnings] WARNING: F:\science_data_warehouse_repo\huyle_scrapy_shell\venv\Lib\site-packages\scrapy_deltafetch\middleware.py:85: ScrapyDeprecationWarning: Passing a 'spider' argument to StatsCollector.inc_value() is deprecated and the argument will be removed in a future Scrapy version.
  self.stats.inc_value("deltafetch/stored", spider=spider)

2026-05-16 22:36:36 [py.warnings] WARNING: F:\science_data_warehouse_repo\huyle_scrapy_shell\venv\Lib\site-packages\scrapy_deltafetch\middleware.py:85: ScrapyDeprecationWarning: Passing a 'spider' argument to StatsCollector.inc_value() is deprecated and the argument will be removed in a future Scrapy version.
  self.stats.inc_value("deltafetch/stored", spider=spider)

2026-05-16 22:36:38 [py.warnings] WARNING: F:\science_data_warehouse_repo\huyle_scrapy_shell\venv\Lib\site-packages\scrapy_deltafetch\middleware.py:85: ScrapyDeprecationWarning: Passing a 'spider' argument to StatsCollector.inc_value() is deprecated and the argument will be removed in a future Scrapy version.
  self.stats.inc_value("deltafetch/stored", spider=spider)

2026-05-16 22:36:39 [py.warnings] WARNING: F:\science_data_warehouse_repo\huyle_scrapy_shell\venv\Lib\site-packages\scrapy_deltafetch\middleware.py:85: ScrapyDeprecationWarning: Passing a 'spider' argument to StatsCollector.inc_value() is deprecated and the argument will be removed in a future Scrapy version.
  self.stats.inc_value("deltafetch/stored", spider=spider)

2026-05-16 22:36:41 [py.warnings] WARNING: F:\science_data_warehouse_repo\huyle_scrapy_shell\venv\Lib\site-packages\scrapy_deltafetch\middleware.py:85: ScrapyDeprecationWarning: Passing a 'spider' argument to StatsCollector.inc_value() is deprecated and the argument will be removed in a future Scrapy version.
  self.stats.inc_value("deltafetch/stored", spider=spider)

2026-05-16 22:36:42 [py.warnings] WARNING: F:\science_data_warehouse_repo\huyle_scrapy_shell\venv\Lib\site-packages\scrapy_deltafetch\middleware.py:85: ScrapyDeprecationWarning: Passing a 'spider' argument to StatsCollector.inc_value() is deprecated and the argument will be removed in a future Scrapy version.
  self.stats.inc_value("deltafetch/stored", spider=spider)

2026-05-16 22:36:43 [py.warnings] WARNING: F:\science_data_warehouse_repo\huyle_scrapy_shell\venv\Lib\site-packages\scrapy_deltafetch\middleware.py:85: ScrapyDeprecationWarning: Passing a 'spider' argument to StatsCollector.inc_value() is deprecated and the argument will be removed in a future Scrapy version.
  self.stats.inc_value("deltafetch/stored", spider=spider)

2026-05-16 22:36:44 [py.warnings] WARNING: F:\science_data_warehouse_repo\huyle_scrapy_shell\venv\Lib\site-packages\scrapy_deltafetch\middleware.py:85: ScrapyDeprecationWarning: Passing a 'spider' argument to StatsCollector.inc_value() is deprecated and the argument will be removed in a future Scrapy version.
  self.stats.inc_value("deltafetch/stored", spider=spider)

2026-05-16 22:36:45 [py.warnings] WARNING: F:\science_data_warehouse_repo\huyle_scrapy_shell\venv\Lib\site-packages\scrapy_deltafetch\middleware.py:85: ScrapyDeprecationWarning: Passing a 'spider' argument to StatsCollector.inc_value() is deprecated and the argument will be removed in a future Scrapy version.
  self.stats.inc_value("deltafetch/stored", spider=spider)

2026-05-16 22:36:47 [py.warnings] WARNING: F:\science_data_warehouse_repo\huyle_scrapy_shell\venv\Lib\site-packages\scrapy_deltafetch\middleware.py:85: ScrapyDeprecationWarning: Passing a 'spider' argument to StatsCollector.inc_value() is deprecated and the argument will be removed in a future Scrapy version.
  self.stats.inc_value("deltafetch/stored", spider=spider)

2026-05-16 22:36:47 [py.warnings] WARNING: F:\science_data_warehouse_repo\huyle_scrapy_shell\venv\Lib\site-packages\scrapy_deltafetch\middleware.py:85: ScrapyDeprecationWarning: Passing a 'spider' argument to StatsCollector.inc_value() is deprecated and the argument will be removed in a future Scrapy version.
  self.stats.inc_value("deltafetch/stored", spider=spider)

2026-05-16 22:36:48 [py.warnings] WARNING: F:\science_data_warehouse_repo\huyle_scrapy_shell\venv\Lib\site-packages\scrapy_deltafetch\middleware.py:85: ScrapyDeprecationWarning: Passing a 'spider' argument to StatsCollector.inc_value() is deprecated and the argument will be removed in a future Scrapy version.
  self.stats.inc_value("deltafetch/stored", spider=spider)

2026-05-16 22:36:49 [py.warnings] WARNING: F:\science_data_warehouse_repo\huyle_scrapy_shell\venv\Lib\site-packages\scrapy_deltafetch\middleware.py:85: ScrapyDeprecationWarning: Passing a 'spider' argument to StatsCollector.inc_value() is deprecated and the argument will be removed in a future Scrapy version.
  self.stats.inc_value("deltafetch/stored", spider=spider)

2026-05-16 22:36:51 [py.warnings] WARNING: F:\science_data_warehouse_repo\huyle_scrapy_shell\venv\Lib\site-packages\scrapy_deltafetch\middleware.py:85: ScrapyDeprecationWarning: Passing a 'spider' argument to StatsCollector.inc_value() is deprecated and the argument will be removed in a future Scrapy version.
  self.stats.inc_value("deltafetch/stored", spider=spider)

2026-05-16 22:36:52 [py.warnings] WARNING: F:\science_data_warehouse_repo\huyle_scrapy_shell\venv\Lib\site-packages\scrapy_deltafetch\middleware.py:85: ScrapyDeprecationWarning: Passing a 'spider' argument to StatsCollector.inc_value() is deprecated and the argument will be removed in a future Scrapy version.
  self.stats.inc_value("deltafetch/stored", spider=spider)

2026-05-16 22:36:53 [py.warnings] WARNING: F:\science_data_warehouse_repo\huyle_scrapy_shell\venv\Lib\site-packages\scrapy_deltafetch\middleware.py:85: ScrapyDeprecationWarning: Passing a 'spider' argument to StatsCollector.inc_value() is deprecated and the argument will be removed in a future Scrapy version.
  self.stats.inc_value("deltafetch/stored", spider=spider)

2026-05-16 22:36:54 [py.warnings] WARNING: F:\science_data_warehouse_repo\huyle_scrapy_shell\venv\Lib\site-packages\scrapy_deltafetch\middleware.py:85: ScrapyDeprecationWarning: Passing a 'spider' argument to StatsCollector.inc_value() is deprecated and the argument will be removed in a future Scrapy version.
  self.stats.inc_value("deltafetch/stored", spider=spider)

2026-05-16 22:36:55 [py.warnings] WARNING: F:\science_data_warehouse_repo\huyle_scrapy_shell\venv\Lib\site-packages\scrapy_deltafetch\middleware.py:85: ScrapyDeprecationWarning: Passing a 'spider' argument to StatsCollector.inc_value() is deprecated and the argument will be removed in a future Scrapy version.
  self.stats.inc_value("deltafetch/stored", spider=spider)

2026-05-16 22:36:56 [scrapy.spidermiddlewares.httperror] INFO: Ignoring response <429 https://scls.hust.edu.vn/vi/organs/person/Khoa-Ky-thuat-Hoa-hoc-16/GS-TS-Le-Minh-Thang-221/>: HTTP status code is not handled or not allowed
2026-05-16 22:36:57 [scrapy.spidermiddlewares.httperror] INFO: Ignoring response <429 https://scls.hust.edu.vn/vi/organs/person/Khoa-Ky-thuat-Hoa-hoc-16/PGS-TS-Vu-Hong-Thai-220/>: HTTP status code is not handled or not allowed
2026-05-16 22:36:58 [scrapy.spidermiddlewares.httperror] INFO: Ignoring response <429 https://scls.hust.edu.vn/vi/organs/person/Khoa-Ky-thuat-Hoa-hoc-16/TS-Vu-Thi-Tan-77/>: HTTP status code is not handled or not allowed
2026-05-16 22:37:00 [scrapy.spidermiddlewares.httperror] INFO: Ignoring response <429 https://scls.hust.edu.vn/vi/organs/person/Khoa-Ky-thuat-Hoa-hoc-16/TS-Bui-Thi-Van-Anh-76/>: HTTP status code is not handled or not allowed
2026-05-16 22:37:01 [scrapy.spidermiddlewares.httperror] INFO: Ignoring response <429 https://scls.hust.edu.vn/vi/organs/person/Khoa-Ky-thuat-Hoa-hoc-16/Nguyen-Quang-Bac-75/>: HTTP status code is not handled or not allowed
2026-05-16 22:37:03 [scrapy.spidermiddlewares.httperror] INFO: Ignoring response <429 https://scls.hust.edu.vn/vi/organs/person/Khoa-Ky-thuat-Hoa-hoc-16/ThS-Quach-Thi-Phuong-74/>: HTTP status code is not handled or not allowed
2026-05-16 22:37:04 [scrapy.spidermiddlewares.httperror] INFO: Ignoring response <429 https://scls.hust.edu.vn/vi/organs/person/Khoa-Ky-thuat-Hoa-hoc-16/TS-Dao-Huy-Toan-7/>: HTTP status code is not handled or not allowed
2026-05-16 22:37:05 [scrapy.spidermiddlewares.httperror] INFO: Ignoring response <429 https://scls.hust.edu.vn/vi/organs/person/Khoa-Ky-thuat-Hoa-hoc-16/TS-Nguyen-Thanh-Dong-72/>: HTTP status code is not handled or not allowed
2026-05-16 22:37:05 [scrapy.extensions.logstats] INFO: Crawled 146 pages (at 50 pages/min), scraped 118 items (at 40 items/min)
2026-05-16 22:37:06 [scrapy.spidermiddlewares.httperror] INFO: Ignoring response <429 https://scls.hust.edu.vn/vi/organs/person/Khoa-Ky-thuat-Hoa-hoc-16/TS-Nguyen-Cong-Bang-71/>: HTTP status code is not handled or not allowed
2026-05-16 22:37:07 [scrapy.spidermiddlewares.httperror] INFO: Ignoring response <429 https://scls.hust.edu.vn/vi/organs/person/Khoa-Ky-thuat-Hoa-hoc-16/TS-KTS-Phan-Viet-Toan-70/>: HTTP status code is not handled or not allowed
2026-05-16 22:37:09 [py.warnings] WARNING: F:\science_data_warehouse_repo\huyle_scrapy_shell\venv\Lib\site-packages\scrapy_deltafetch\middleware.py:85: ScrapyDeprecationWarning: Passing a 'spider' argument to StatsCollector.inc_value() is deprecated and the argument will be removed in a future Scrapy version.
  self.stats.inc_value("deltafetch/stored", spider=spider)

2026-05-16 22:37:10 [py.warnings] WARNING: F:\science_data_warehouse_repo\huyle_scrapy_shell\venv\Lib\site-packages\scrapy_deltafetch\middleware.py:85: ScrapyDeprecationWarning: Passing a 'spider' argument to StatsCollector.inc_value() is deprecated and the argument will be removed in a future Scrapy version.
  self.stats.inc_value("deltafetch/stored", spider=spider)

2026-05-16 22:37:11 [py.warnings] WARNING: F:\science_data_warehouse_repo\huyle_scrapy_shell\venv\Lib\site-packages\scrapy_deltafetch\middleware.py:85: ScrapyDeprecationWarning: Passing a 'spider' argument to StatsCollector.inc_value() is deprecated and the argument will be removed in a future Scrapy version.
  self.stats.inc_value("deltafetch/stored", spider=spider)

2026-05-16 22:37:12 [py.warnings] WARNING: F:\science_data_warehouse_repo\huyle_scrapy_shell\venv\Lib\site-packages\scrapy_deltafetch\middleware.py:85: ScrapyDeprecationWarning: Passing a 'spider' argument to StatsCollector.inc_value() is deprecated and the argument will be removed in a future Scrapy version.
  self.stats.inc_value("deltafetch/stored", spider=spider)

2026-05-16 22:37:13 [py.warnings] WARNING: F:\science_data_warehouse_repo\huyle_scrapy_shell\venv\Lib\site-packages\scrapy_deltafetch\middleware.py:85: ScrapyDeprecationWarning: Passing a 'spider' argument to StatsCollector.inc_value() is deprecated and the argument will be removed in a future Scrapy version.
  self.stats.inc_value("deltafetch/stored", spider=spider)

2026-05-16 22:37:15 [py.warnings] WARNING: F:\science_data_warehouse_repo\huyle_scrapy_shell\venv\Lib\site-packages\scrapy_deltafetch\middleware.py:85: ScrapyDeprecationWarning: Passing a 'spider' argument to StatsCollector.inc_value() is deprecated and the argument will be removed in a future Scrapy version.
  self.stats.inc_value("deltafetch/stored", spider=spider)

2026-05-16 22:37:16 [py.warnings] WARNING: F:\science_data_warehouse_repo\huyle_scrapy_shell\venv\Lib\site-packages\scrapy_deltafetch\middleware.py:85: ScrapyDeprecationWarning: Passing a 'spider' argument to StatsCollector.inc_value() is deprecated and the argument will be removed in a future Scrapy version.
  self.stats.inc_value("deltafetch/stored", spider=spider)

2026-05-16 22:37:17 [py.warnings] WARNING: F:\science_data_warehouse_repo\huyle_scrapy_shell\venv\Lib\site-packages\scrapy_deltafetch\middleware.py:85: ScrapyDeprecationWarning: Passing a 'spider' argument to StatsCollector.inc_value() is deprecated and the argument will be removed in a future Scrapy version.
  self.stats.inc_value("deltafetch/stored", spider=spider)

2026-05-16 22:37:19 [py.warnings] WARNING: F:\science_data_warehouse_repo\huyle_scrapy_shell\venv\Lib\site-packages\scrapy_deltafetch\middleware.py:85: ScrapyDeprecationWarning: Passing a 'spider' argument to StatsCollector.inc_value() is deprecated and the argument will be removed in a future Scrapy version.
  self.stats.inc_value("deltafetch/stored", spider=spider)

2026-05-16 22:37:20 [py.warnings] WARNING: F:\science_data_warehouse_repo\huyle_scrapy_shell\venv\Lib\site-packages\scrapy_deltafetch\middleware.py:85: ScrapyDeprecationWarning: Passing a 'spider' argument to StatsCollector.inc_value() is deprecated and the argument will be removed in a future Scrapy version.
  self.stats.inc_value("deltafetch/stored", spider=spider)

2026-05-16 22:37:22 [py.warnings] WARNING: F:\science_data_warehouse_repo\huyle_scrapy_shell\venv\Lib\site-packages\scrapy_deltafetch\middleware.py:85: ScrapyDeprecationWarning: Passing a 'spider' argument to StatsCollector.inc_value() is deprecated and the argument will be removed in a future Scrapy version.
  self.stats.inc_value("deltafetch/stored", spider=spider)

2026-05-16 22:37:23 [py.warnings] WARNING: F:\science_data_warehouse_repo\huyle_scrapy_shell\venv\Lib\site-packages\scrapy_deltafetch\middleware.py:85: ScrapyDeprecationWarning: Passing a 'spider' argument to StatsCollector.inc_value() is deprecated and the argument will be removed in a future Scrapy version.
  self.stats.inc_value("deltafetch/stored", spider=spider)

2026-05-16 22:37:24 [py.warnings] WARNING: F:\science_data_warehouse_repo\huyle_scrapy_shell\venv\Lib\site-packages\scrapy_deltafetch\middleware.py:85: ScrapyDeprecationWarning: Passing a 'spider' argument to StatsCollector.inc_value() is deprecated and the argument will be removed in a future Scrapy version.
  self.stats.inc_value("deltafetch/stored", spider=spider)

2026-05-16 22:37:25 [py.warnings] WARNING: F:\science_data_warehouse_repo\huyle_scrapy_shell\venv\Lib\site-packages\scrapy_deltafetch\middleware.py:85: ScrapyDeprecationWarning: Passing a 'spider' argument to StatsCollector.inc_value() is deprecated and the argument will be removed in a future Scrapy version.
  self.stats.inc_value("deltafetch/stored", spider=spider)

2026-05-16 22:37:26 [py.warnings] WARNING: F:\science_data_warehouse_repo\huyle_scrapy_shell\venv\Lib\site-packages\scrapy_deltafetch\middleware.py:85: ScrapyDeprecationWarning: Passing a 'spider' argument to StatsCollector.inc_value() is deprecated and the argument will be removed in a future Scrapy version.
  self.stats.inc_value("deltafetch/stored", spider=spider)

2026-05-16 22:37:28 [py.warnings] WARNING: F:\science_data_warehouse_repo\huyle_scrapy_shell\venv\Lib\site-packages\scrapy_deltafetch\middleware.py:85: ScrapyDeprecationWarning: Passing a 'spider' argument to StatsCollector.inc_value() is deprecated and the argument will be removed in a future Scrapy version.
  self.stats.inc_value("deltafetch/stored", spider=spider)

2026-05-16 22:37:29 [py.warnings] WARNING: F:\science_data_warehouse_repo\huyle_scrapy_shell\venv\Lib\site-packages\scrapy_deltafetch\middleware.py:85: ScrapyDeprecationWarning: Passing a 'spider' argument to StatsCollector.inc_value() is deprecated and the argument will be removed in a future Scrapy version.
  self.stats.inc_value("deltafetch/stored", spider=spider)

2026-05-16 22:37:30 [py.warnings] WARNING: F:\science_data_warehouse_repo\huyle_scrapy_shell\venv\Lib\site-packages\scrapy_deltafetch\middleware.py:85: ScrapyDeprecationWarning: Passing a 'spider' argument to StatsCollector.inc_value() is deprecated and the argument will be removed in a future Scrapy version.
  self.stats.inc_value("deltafetch/stored", spider=spider)

2026-05-16 22:37:31 [py.warnings] WARNING: F:\science_data_warehouse_repo\huyle_scrapy_shell\venv\Lib\site-packages\scrapy_deltafetch\middleware.py:85: ScrapyDeprecationWarning: Passing a 'spider' argument to StatsCollector.inc_value() is deprecated and the argument will be removed in a future Scrapy version.
  self.stats.inc_value("deltafetch/stored", spider=spider)

2026-05-16 22:37:32 [py.warnings] WARNING: F:\science_data_warehouse_repo\huyle_scrapy_shell\venv\Lib\site-packages\scrapy_deltafetch\middleware.py:85: ScrapyDeprecationWarning: Passing a 'spider' argument to StatsCollector.inc_value() is deprecated and the argument will be removed in a future Scrapy version.
  self.stats.inc_value("deltafetch/stored", spider=spider)

2026-05-16 22:37:34 [py.warnings] WARNING: F:\science_data_warehouse_repo\huyle_scrapy_shell\venv\Lib\site-packages\scrapy_deltafetch\middleware.py:85: ScrapyDeprecationWarning: Passing a 'spider' argument to StatsCollector.inc_value() is deprecated and the argument will be removed in a future Scrapy version.
  self.stats.inc_value("deltafetch/stored", spider=spider)

2026-05-16 22:37:35 [py.warnings] WARNING: F:\science_data_warehouse_repo\huyle_scrapy_shell\venv\Lib\site-packages\scrapy_deltafetch\middleware.py:85: ScrapyDeprecationWarning: Passing a 'spider' argument to StatsCollector.inc_value() is deprecated and the argument will be removed in a future Scrapy version.
  self.stats.inc_value("deltafetch/stored", spider=spider)

2026-05-16 22:37:36 [py.warnings] WARNING: F:\science_data_warehouse_repo\huyle_scrapy_shell\venv\Lib\site-packages\scrapy_deltafetch\middleware.py:85: ScrapyDeprecationWarning: Passing a 'spider' argument to StatsCollector.inc_value() is deprecated and the argument will be removed in a future Scrapy version.
  self.stats.inc_value("deltafetch/stored", spider=spider)

2026-05-16 22:37:38 [py.warnings] WARNING: F:\science_data_warehouse_repo\huyle_scrapy_shell\venv\Lib\site-packages\scrapy_deltafetch\middleware.py:85: ScrapyDeprecationWarning: Passing a 'spider' argument to StatsCollector.inc_value() is deprecated and the argument will be removed in a future Scrapy version.
  self.stats.inc_value("deltafetch/stored", spider=spider)

2026-05-16 22:37:39 [py.warnings] WARNING: F:\science_data_warehouse_repo\huyle_scrapy_shell\venv\Lib\site-packages\scrapy_deltafetch\middleware.py:85: ScrapyDeprecationWarning: Passing a 'spider' argument to StatsCollector.inc_value() is deprecated and the argument will be removed in a future Scrapy version.
  self.stats.inc_value("deltafetch/stored", spider=spider)

2026-05-16 22:37:40 [py.warnings] WARNING: F:\science_data_warehouse_repo\huyle_scrapy_shell\venv\Lib\site-packages\scrapy_deltafetch\middleware.py:85: ScrapyDeprecationWarning: Passing a 'spider' argument to StatsCollector.inc_value() is deprecated and the argument will be removed in a future Scrapy version.
  self.stats.inc_value("deltafetch/stored", spider=spider)

2026-05-16 22:37:41 [py.warnings] WARNING: F:\science_data_warehouse_repo\huyle_scrapy_shell\venv\Lib\site-packages\scrapy_deltafetch\middleware.py:85: ScrapyDeprecationWarning: Passing a 'spider' argument to StatsCollector.inc_value() is deprecated and the argument will be removed in a future Scrapy version.
  self.stats.inc_value("deltafetch/stored", spider=spider)

2026-05-16 22:37:42 [py.warnings] WARNING: F:\science_data_warehouse_repo\huyle_scrapy_shell\venv\Lib\site-packages\scrapy_deltafetch\middleware.py:85: ScrapyDeprecationWarning: Passing a 'spider' argument to StatsCollector.inc_value() is deprecated and the argument will be removed in a future Scrapy version.
  self.stats.inc_value("deltafetch/stored", spider=spider)

2026-05-16 22:37:44 [py.warnings] WARNING: F:\science_data_warehouse_repo\huyle_scrapy_shell\venv\Lib\site-packages\scrapy_deltafetch\middleware.py:85: ScrapyDeprecationWarning: Passing a 'spider' argument to StatsCollector.inc_value() is deprecated and the argument will be removed in a future Scrapy version.
  self.stats.inc_value("deltafetch/stored", spider=spider)

2026-05-16 22:37:45 [py.warnings] WARNING: F:\science_data_warehouse_repo\huyle_scrapy_shell\venv\Lib\site-packages\scrapy_deltafetch\middleware.py:85: ScrapyDeprecationWarning: Passing a 'spider' argument to StatsCollector.inc_value() is deprecated and the argument will be removed in a future Scrapy version.
  self.stats.inc_value("deltafetch/stored", spider=spider)

2026-05-16 22:37:46 [scrapy.spidermiddlewares.httperror] INFO: Ignoring response <429 https://scls.hust.edu.vn/vi/organs/person/Khoa-Ky-thuat-Hoa-hoc-16/TS-Nguyen-Anh-Vu-39/>: HTTP status code is not handled or not allowed
2026-05-16 22:37:47 [scrapy.spidermiddlewares.httperror] INFO: Ignoring response <429 https://scls.hust.edu.vn/vi/organs/person/Khoa-Ky-thuat-Hoa-hoc-16/PGS-TS-Pham-Thanh-Huyen-40/>: HTTP status code is not handled or not allowed
2026-05-16 22:37:48 [scrapy.spidermiddlewares.httperror] INFO: Ignoring response <429 https://scls.hust.edu.vn/vi/organs/person/Khoa-Ky-thuat-Hoa-hoc-16/PGS-TS-Le-Thi-Thu-Hang-35/>: HTTP status code is not handled or not allowed
2026-05-16 22:37:49 [scrapy.spidermiddlewares.httperror] INFO: Ignoring response <429 https://scls.hust.edu.vn/vi/organs/person/Khoa-Ky-thuat-Hoa-hoc-16/TS-Ho-Duc-Cuong-45/>: HTTP status code is not handled or not allowed
2026-05-16 22:37:50 [scrapy.spidermiddlewares.httperror] INFO: Ignoring response <429 https://scls.hust.edu.vn/vi/organs/person/Khoa-Ky-thuat-Hoa-hoc-16/TS-Nguyen-Duong-Dinh-73/>: HTTP status code is not handled or not allowed
2026-05-16 22:37:52 [scrapy.spidermiddlewares.httperror] INFO: Ignoring response <429 https://scls.hust.edu.vn/vi/organs/person/Khoa-Ky-thuat-Hoa-hoc-16/TS-Nguyen-Dang-Binh-Thanh-67/>: HTTP status code is not handled or not allowed
2026-05-16 22:37:53 [scrapy.spidermiddlewares.httperror] INFO: Ignoring response <429 https://scls.hust.edu.vn/vi/organs/person/Khoa-Ky-thuat-Hoa-hoc-16/PGS-TS-Phan-Thi-To-Nga-38/>: HTTP status code is not handled or not allowed
2026-05-16 22:37:54 [scrapy.spidermiddlewares.httperror] INFO: Ignoring response <429 https://scls.hust.edu.vn/vi/organs/person/Khoa-Ky-thuat-Hoa-hoc-16/PGS-TS-Dang-Trung-Dung-13/>: HTTP status code is not handled or not allowed
2026-05-16 22:37:56 [scrapy.spidermiddlewares.httperror] INFO: Ignoring response <429 https://scls.hust.edu.vn/vi/organs/person/Khoa-Hoa-hoc-17/PGS-TS-Nguyen-Thi-Thu-Ha-252/>: HTTP status code is not handled or not allowed
2026-05-16 22:37:57 [scrapy.spidermiddlewares.httperror] INFO: Ignoring response <429 https://scls.hust.edu.vn/vi/organs/person/Khoa-Hoa-hoc-17/PGS-TS-Chu-Dinh-Binh-245/>: HTTP status code is not handled or not allowed
2026-05-16 22:37:58 [scrapy.spidermiddlewares.httperror] INFO: Ignoring response <429 https://scls.hust.edu.vn/vi/organs/person/Khoa-Hoa-hoc-17/TS-Nguyen-Thi-Thuy-Nga-230/>: HTTP status code is not handled or not allowed
2026-05-16 22:38:00 [scrapy.spidermiddlewares.httperror] INFO: Ignoring response <429 https://scls.hust.edu.vn/vi/organs/person/Khoa-Hoa-hoc-17/TS-Dang-Thi-Minh-Hue-229/>: HTTP status code is not handled or not allowed
2026-05-16 22:38:01 [scrapy.spidermiddlewares.httperror] INFO: Ignoring response <429 https://scls.hust.edu.vn/vi/organs/person/Khoa-Hoa-hoc-17/PGS-TS-Luong-Xuan-Dien-228/>: HTTP status code is not handled or not allowed
2026-05-16 22:38:02 [scrapy.spidermiddlewares.httperror] INFO: Ignoring response <429 https://scls.hust.edu.vn/vi/organs/person/Khoa-Hoa-hoc-17/PGS-TS-Huynh-Dang-Chinh-227/>: HTTP status code is not handled or not allowed
2026-05-16 22:38:03 [scrapy.spidermiddlewares.httperror] INFO: Ignoring response <429 https://scls.hust.edu.vn/vi/organs/person/Khoa-Hoa-hoc-17/ThS-Tran-Thu-Quynh-226/>: HTTP status code is not handled or not allowed
2026-05-16 22:38:05 [scrapy.extensions.logstats] INFO: Crawled 194 pages (at 48 pages/min), scraped 148 items (at 30 items/min)
2026-05-16 22:38:05 [scrapy.extensions.logstats] INFO: Crawled 194 pages (at 0 pages/min), scraped 148 items (at 0 items/min)
2026-05-16 22:38:05 [scrapy.spidermiddlewares.httperror] INFO: Ignoring response <429 https://scls.hust.edu.vn/vi/organs/person/Khoa-Hoa-hoc-17/TS-Le-Trong-Huyen-225/>: HTTP status code is not handled or not allowed
2026-05-16 22:38:06 [scrapy.spidermiddlewares.httperror] INFO: Ignoring response <429 https://scls.hust.edu.vn/vi/organs/person/Khoa-Hoa-hoc-17/TS-Nguyen-Thi-Ha-224/>: HTTP status code is not handled or not allowed
2026-05-16 22:38:07 [scrapy.spidermiddlewares.httperror] INFO: Ignoring response <429 https://scls.hust.edu.vn/vi/organs/person/Khoa-Hoa-hoc-17/TS-Tran-Van-Anh-223/>: HTTP status code is not handled or not allowed
2026-05-16 22:38:08 [scrapy.spidermiddlewares.httperror] INFO: Ignoring response <429 https://scls.hust.edu.vn/vi/organs/person/Khoa-Hoa-hoc-17/PGS-TS-Nguyen-Van-Anh-222/>: HTTP status code is not handled or not allowed
2026-05-16 22:38:09 [scrapy.spidermiddlewares.httperror] INFO: Ignoring response <429 https://scls.hust.edu.vn/vi/organs/person/Khoa-Hoa-hoc-17/ThS-Bui-Thi-Thanh-Binh-219/>: HTTP status code is not handled or not allowed
2026-05-16 22:38:10 [scrapy.spidermiddlewares.httperror] INFO: Ignoring response <429 https://scls.hust.edu.vn/vi/organs/person/Khoa-Hoa-hoc-17/PGS-TS-Nguyen-Thi-Viet-Thanh-216/>: HTTP status code is not handled or not allowed
2026-05-16 22:38:11 [scrapy.spidermiddlewares.httperror] INFO: Ignoring response <429 https://scls.hust.edu.vn/vi/organs/person/Khoa-Hoa-hoc-17/TS-Cao-Hong-Ha-183/>: HTTP status code is not handled or not allowed
2026-05-16 22:38:12 [scrapy.spidermiddlewares.httperror] INFO: Ignoring response <429 https://scls.hust.edu.vn/vi/organs/person/Khoa-Hoa-hoc-17/TS-Giang-Thi-Phuong-Ly-182/>: HTTP status code is not handled or not allowed
2026-05-16 22:38:13 [scrapy.spidermiddlewares.httperror] INFO: Ignoring response <429 https://scls.hust.edu.vn/vi/organs/person/Khoa-Hoa-hoc-17/PGS-TS-Tran-Thi-Thuy-181/>: HTTP status code is not handled or not allowed
2026-05-16 22:38:15 [scrapy.spidermiddlewares.httperror] INFO: Ignoring response <429 https://scls.hust.edu.vn/vi/organs/person/Khoa-Hoa-hoc-17/TS-Dang-Thanh-Tung-180/>: HTTP status code is not handled or not allowed
2026-05-16 22:38:16 [scrapy.spidermiddlewares.httperror] INFO: Ignoring response <429 https://scls.hust.edu.vn/vi/organs/person/Khoa-Hoa-hoc-17/GS-TS-Nguyen-Kim-Nga-179/>: HTTP status code is not handled or not allowed
2026-05-16 22:38:17 [scrapy.spidermiddlewares.httperror] INFO: Ignoring response <429 https://scls.hust.edu.vn/vi/organs/person/Khoa-Hoa-hoc-17/TS-Nguyen-Duc-Trung-178/>: HTTP status code is not handled or not allowed
2026-05-16 22:38:18 [scrapy.spidermiddlewares.httperror] INFO: Ignoring response <429 https://scls.hust.edu.vn/vi/organs/person/Khoa-Hoa-hoc-17/PGS-TS-Nguyen-Thu-Ha-23/>: HTTP status code is not handled or not allowed
2026-05-16 22:38:19 [scrapy.spidermiddlewares.httperror] INFO: Ignoring response <429 https://scls.hust.edu.vn/vi/organs/person/Khoa-Hoa-hoc-17/PGS-TS-Tran-Vinh-Hoang-162/>: HTTP status code is not handled or not allowed
2026-05-16 22:38:21 [scrapy.spidermiddlewares.httperror] INFO: Ignoring response <429 https://scls.hust.edu.vn/vi/organs/person/Khoa-Hoa-hoc-17/TS-Nguyen-Ngoc-Thinh-161/>: HTTP status code is not handled or not allowed
2026-05-16 22:38:22 [scrapy.spidermiddlewares.httperror] INFO: Ignoring response <429 https://scls.hust.edu.vn/vi/organs/person/Khoa-Hoa-hoc-17/TS-Tran-Thi-Thu-Huyen-160/>: HTTP status code is not handled or not allowed
2026-05-16 22:38:23 [scrapy.spidermiddlewares.httperror] INFO: Ignoring response <429 https://scls.hust.edu.vn/vi/organs/person/Khoa-Hoa-hoc-17/PGS-TS-Tran-Thi-Luyen-159/>: HTTP status code is not handled or not allowed
2026-05-16 22:38:25 [scrapy.spidermiddlewares.httperror] INFO: Ignoring response <429 https://scls.hust.edu.vn/vi/organs/person/Khoa-Hoa-hoc-17/TS-Nguyen-Thi-Lan-158/>: HTTP status code is not handled or not allowed
2026-05-16 22:38:26 [scrapy.spidermiddlewares.httperror] INFO: Ignoring response <429 https://scls.hust.edu.vn/vi/organs/person/Khoa-Hoa-hoc-17/TS-Le-Huyen-Tram-156/>: HTTP status code is not handled or not allowed
2026-05-16 22:38:28 [scrapy.spidermiddlewares.httperror] INFO: Ignoring response <429 https://scls.hust.edu.vn/vi/organs/person/Khoa-Hoa-hoc-17/TS-Le-Van-Duong-155/>: HTTP status code is not handled or not allowed
2026-05-16 22:38:28 [scrapy.spidermiddlewares.httperror] INFO: Ignoring response <429 https://scls.hust.edu.vn/vi/organs/person/Khoa-Hoa-hoc-17/TS-DS-Nguyen-Van-Thong-154/>: HTTP status code is not handled or not allowed
2026-05-16 22:38:30 [scrapy.spidermiddlewares.httperror] INFO: Ignoring response <429 https://scls.hust.edu.vn/vi/organs/person/Khoa-Hoa-hoc-17/PGS-TS-Tran-Thu-Huong-153/>: HTTP status code is not handled or not allowed
2026-05-16 22:38:31 [scrapy.spidermiddlewares.httperror] INFO: Ignoring response <429 https://scls.hust.edu.vn/vi/organs/person/Khoa-Hoa-hoc-17/PGS-TS-Tran-Thuong-Quang-31/>: HTTP status code is not handled or not allowed
2026-05-16 22:38:32 [scrapy.spidermiddlewares.httperror] INFO: Ignoring response <429 https://scls.hust.edu.vn/vi/organs/person/Khoa-Hoa-hoc-17/PGS-TS-Nguyen-Thi-Tuyet-Mai-22/>: HTTP status code is not handled or not allowed
2026-05-16 22:38:34 [scrapy.spidermiddlewares.httperror] INFO: Ignoring response <429 https://scls.hust.edu.vn/vi/organs/person/Khoa-Hoa-hoc-17/PGS-TS-Phan-Trung-Nghia-29/>: HTTP status code is not handled or not allowed
2026-05-16 22:38:35 [scrapy.spidermiddlewares.httperror] INFO: Ignoring response <429 https://scls.hust.edu.vn/vi/organs/person/Khoa-Hoa-hoc-17/TS-Phan-Van-Hoa-28/>: HTTP status code is not handled or not allowed
2026-05-16 22:38:37 [scrapy.spidermiddlewares.httperror] INFO: Ignoring response <429 https://scls.hust.edu.vn/vi/organs/person/Khoa-Hoa-hoc-17/TS-Le-Dieu-Thu-27/>: HTTP status code is not handled or not allowed
2026-05-16 22:38:38 [scrapy.spidermiddlewares.httperror] INFO: Ignoring response <429 https://scls.hust.edu.vn/vi/organs/person/Khoa-Hoa-hoc-17/PGS-TS-Pham-Van-Tien-21/>: HTTP status code is not handled or not allowed
2026-05-16 22:38:39 [scrapy.spidermiddlewares.httperror] INFO: Ignoring response <429 https://scls.hust.edu.vn/vi/organs/person/Khoa-Hoa-hoc-17/TS-Tran-Quang-Tung-25/>: HTTP status code is not handled or not allowed
2026-05-16 22:38:40 [scrapy.spidermiddlewares.httperror] INFO: Ignoring response <429 https://scls.hust.edu.vn/vi/organs/person/Khoa-Hoa-hoc-17/PGS-TS-Nghiem-Thi-Thuong-24/>: HTTP status code is not handled or not allowed
2026-05-16 22:38:42 [scrapy.spidermiddlewares.httperror] INFO: Ignoring response <429 https://scls.hust.edu.vn/vi/organs/person/Khoa-Hoa-hoc-17/TS-Nguyen-Van-Nghia-215/>: HTTP status code is not handled or not allowed
2026-05-16 22:38:43 [scrapy.spidermiddlewares.httperror] INFO: Ignoring response <429 https://scls.hust.edu.vn/vi/organs/person/Khoa-Hoa-hoc-17/TS-Truong-Duc-Duc-217/>: HTTP status code is not handled or not allowed
2026-05-16 22:38:44 [scrapy.spidermiddlewares.httperror] INFO: Ignoring response <429 https://scls.hust.edu.vn/vi/organs/person/Khoa-Hoa-hoc-17/PGS-TS-Nguyen-Trong-Nghia-214/>: HTTP status code is not handled or not allowed
2026-05-16 22:38:45 [scrapy.spidermiddlewares.httperror] INFO: Ignoring response <429 https://scls.hust.edu.vn/vi/organs/person/Khoa-Hoa-hoc-17/PGS-TS-Trinh-Xuan-Anh-218/>: HTTP status code is not handled or not allowed
2026-05-16 22:38:46 [scrapy.spidermiddlewares.httperror] INFO: Ignoring response <429 https://scls.hust.edu.vn/vi/organs/person/Khoa-Hoa-hoc-17/PGS-TS-Nguyen-Ngoc-Tue-175/>: HTTP status code is not handled or not allowed
2026-05-16 22:38:47 [scrapy.spidermiddlewares.httperror] INFO: Ignoring response <429 https://scls.hust.edu.vn/vi/organs/person/Khoa-Hoa-hoc-17/PGS-TS-Tran-Thi-Minh-30/>: HTTP status code is not handled or not allowed
2026-05-16 22:38:48 [scrapy.spidermiddlewares.httperror] INFO: Ignoring response <429 https://scls.hust.edu.vn/vi/organs/person/Khoa-Hoa-hoc-17/PGS-TS-Vu-Anh-Tuan-26/>: HTTP status code is not handled or not allowed
2026-05-16 22:38:50 [scrapy.spidermiddlewares.httperror] INFO: Ignoring response <429 https://scls.hust.edu.vn/vi/organs/person/Khoa-Hoa-hoc-17/PGS-TS-Nguyen-Xuan-Truong-15/>: HTTP status code is not handled or not allowed
2026-05-16 22:38:51 [scrapy.spidermiddlewares.httperror] INFO: Ignoring response <429 https://scls.hust.edu.vn/vi/organs/person/Ban-Giam-hieu-1/PGS-TS-Nguyen-Hong-Lien-3/>: HTTP status code is not handled or not allowed
2026-05-16 22:38:52 [scrapy.spidermiddlewares.httperror] INFO: Ignoring response <429 https://scls.hust.edu.vn/vi/organs/person/Ban-Giam-hieu-1/PGS-TS-Nguyen-Thi-Anh-Tuyet-4/>: HTTP status code is not handled or not allowed
2026-05-16 22:38:53 [scrapy.spidermiddlewares.httperror] INFO: Ignoring response <429 https://scls.hust.edu.vn/vi/organs/person/Ban-Giam-hieu-1/PGS-TS-La-The-Vinh-1/>: HTTP status code is not handled or not allowed
2026-05-16 22:38:55 [scrapy.spidermiddlewares.httperror] INFO: Ignoring response <429 https://scls.hust.edu.vn/vi/organs/person/Ban-Giam-hieu-1/PGS-TS-Chu-Ky-Son-2/>: HTTP status code is not handled or not allowed
2026-05-16 22:38:55 [scrapy.core.engine] INFO: Closing spider (finished)
2026-05-16 22:38:55 [scrapy.extensions.feedexport] INFO: Stored csv feed (148 items) in: f:/science_data_warehouse_repo/output/hust/scls/data/scls.csv
2026-05-16 22:38:55 [scrapy.statscollectors] INFO: Dumping Scrapy stats:
{'deltafetch/stored': 148,
 'downloader/request_bytes': 178716,
 'downloader/request_count': 235,
 'downloader/request_method_count/GET': 235,
 'downloader/response_bytes': 2618346,
 'downloader/response_count': 235,
 'downloader/response_status_count/200': 150,
 'downloader/response_status_count/429': 85,
 'elapsed_time_seconds': 289.931756,
 'feedexport/success_count/FileFeedStorage': 1,
 'finish_reason': 'finished',
 'finish_time': datetime.datetime(2026, 5, 16, 15, 38, 55, 178082, tzinfo=datetime.timezone.utc),
 'httpcompression/response_bytes': 12846806,
 'httpcompression/response_count': 235,
 'httperror/response_ignored_count': 85,
 'httperror/response_ignored_status_count/429': 85,
 'item_scraped_count': 148,
 'items_per_minute': 30.72664359861592,
 'log_count/INFO': 95,
 'log_count/WARNING': 148,
 'request_depth_max': 1,
 'response_received_count': 235,
 'responses_per_minute': 48.78892733564014,
 'robotstxt/request_count': 1,
 'robotstxt/response_count': 1,
 'robotstxt/response_status_count/200': 1,
 'scheduler/dequeued': 234,
 'scheduler/dequeued/memory': 234,
 'scheduler/enqueued': 234,
 'scheduler/enqueued/memory': 234,
 'start_time': datetime.datetime(2026, 5, 16, 15, 34, 5, 246326, tzinfo=datetime.timezone.utc)}
2026-05-16 22:38:55 [scrapy.core.engine] INFO: Spider closed (finished)
