2026-05-17 10:01:25 [scrapy.addons] INFO: Enabled addons:
[]
2026-05-17 10:01:25 [scrapy.extensions.telnet] INFO: Telnet Password: f32895a3c00ea8e4
2026-05-17 10:01:25 [scrapy.middleware] INFO: Enabled extensions:
['scrapy.extensions.corestats.CoreStats',
 'scrapy.extensions.logcount.LogCount',
 'scrapy.extensions.telnet.TelnetConsole',
 'scrapy.extensions.feedexport.FeedExporter',
 'scrapy.extensions.logstats.LogStats',
 'scrapy.extensions.throttle.AutoThrottle']
2026-05-17 10:01:25 [scrapy.crawler] INFO: Overridden settings:
{'AUTOTHROTTLE_ENABLED': True,
 'BOT_NAME': 'science_dwh',
 'CONCURRENT_REQUESTS': 32,
 'DOWNLOAD_DELAY': 1,
 'FEED_EXPORT_ENCODING': 'utf-8',
 'FEED_EXPORT_FIELDS': ['url',
                        'ho_ten',
                        'chuc_vu',
                        'don_vi',
                        'email',
                        'dien_thoai',
                        'nhom_chuyen_mon',
                        'dao_tao',
                        'cong_tac',
                        'giang_day',
                        'linh_vuc_nghien_cuu',
                        'dt_chu_nhiem',
                        'dt_tham_gia',
                        'dt_giai_thuong',
                        'dt_sang_che_shtt',
                        'ct_tap_chi_khoa_hoc',
                        'ct_chuong_sach',
                        'thanh_vien',
                        'to_chuc',
                        'dai_hoc',
                        'don_vi_truc_thuoc'],
 'LOG_FILE': 'f:/science_data_warehouse_repo/output/hust/scls/logs/scls_20260517_100125.log',
 'LOG_LEVEL': 'INFO',
 'NEWSPIDER_MODULE': 'science_dwh.spiders',
 'RETRY_HTTP_CODES': [500, 502, 503, 504, 408, 429, 403],
 'RETRY_TIMES': 5,
 'ROBOTSTXT_OBEY': True,
 'SPIDER_MODULES': ['science_dwh.spiders']}
2026-05-17 10:01:25 [scrapy_user_agents.user_agent_picker] WARNING: [UnsupportedBrowserType] Family: Android
2026-05-17 10:01:25 [scrapy_user_agents.user_agent_picker] WARNING: [UnsupportedDeviceType] Family: Other, Brand: None, Model: None
2026-05-17 10:01:25 [scrapy_user_agents.user_agent_picker] WARNING: [UnsupportedDeviceType] Family: Other, Brand: None, Model: None
2026-05-17 10:01:25 [scrapy_user_agents.user_agent_picker] WARNING: [UnsupportedDeviceType] Family: Other, Brand: None, Model: None
2026-05-17 10:01:26 [scrapy_user_agents.user_agent_picker] WARNING: [UnsupportedDeviceType] Family: Sony BDV13, Brand: Sony, Model: BDV13
2026-05-17 10:01:26 [scrapy_user_agents.user_agent_picker] WARNING: [UnsupportedDeviceType] Family: Nintendo DSi, Brand: Nintendo, Model: DSi
2026-05-17 10:01:26 [scrapy_user_agents.user_agent_picker] WARNING: [UnsupportedDeviceType] Family: Other, Brand: None, Model: None
2026-05-17 10:01:26 [scrapy_user_agents.user_agent_picker] WARNING: [UnsupportedBrowserType] Family: Other
2026-05-17 10:01:26 [scrapy_user_agents.user_agent_picker] WARNING: [UnsupportedDeviceType] Family: LYF F90M, Brand: LYF, Model: F90M
2026-05-17 10:01:26 [scrapy_user_agents.user_agent_picker] WARNING: [UnsupportedDeviceType] Family: Sony BDV14, Brand: Sony, Model: BDV14
2026-05-17 10:01:26 [scrapy_user_agents.user_agent_picker] WARNING: [UnsupportedDeviceType] Family: LG Web0S SmartTV, Brand: LG, Model: Web0S SmartTV
2026-05-17 10:01:26 [scrapy_user_agents.user_agent_picker] WARNING: [UnsupportedDeviceType] Family: Other, Brand: None, Model: None
2026-05-17 10:01:26 [scrapy_user_agents.user_agent_picker] WARNING: [UnsupportedDeviceType] Family: Other, Brand: None, Model: None
2026-05-17 10:01:26 [scrapy_user_agents.user_agent_picker] WARNING: [UnsupportedDeviceType] Family: Other, Brand: None, Model: None
2026-05-17 10:01:26 [scrapy_user_agents.user_agent_picker] WARNING: [UnsupportedDeviceType] Family: Other, Brand: None, Model: None
2026-05-17 10:01:26 [scrapy_user_agents.user_agent_picker] WARNING: [UnsupportedDeviceType] Family: Other, Brand: None, Model: None
2026-05-17 10:01:26 [scrapy_user_agents.user_agent_picker] WARNING: [UnsupportedDeviceType] Family: Other, Brand: None, Model: None
2026-05-17 10:01:26 [scrapy_user_agents.user_agent_picker] WARNING: [UnsupportedDeviceType] Family: Other, Brand: None, Model: None
2026-05-17 10:01:26 [scrapy_user_agents.user_agent_picker] WARNING: [UnsupportedDeviceType] Family: Sony BDV11, Brand: Sony, Model: BDV11
2026-05-17 10:01:26 [scrapy_user_agents.user_agent_picker] WARNING: [UnsupportedDeviceType] Family: Other, Brand: None, Model: None
2026-05-17 10:01:26 [scrapy_user_agents.user_agent_picker] WARNING: [UnsupportedDeviceType] Family: Other, Brand: None, Model: None
2026-05-17 10:01:26 [scrapy_user_agents.user_agent_picker] WARNING: [UnsupportedDeviceType] Family: Other, Brand: None, Model: None
2026-05-17 10:01:26 [scrapy_user_agents.user_agent_picker] WARNING: [UnsupportedDeviceType] Family: Other, Brand: None, Model: None
2026-05-17 10:01:26 [scrapy_user_agents.user_agent_picker] WARNING: [UnsupportedDeviceType] Family: Nintendo DSi, Brand: Nintendo, Model: DSi
2026-05-17 10:01:26 [scrapy_user_agents.user_agent_picker] WARNING: [UnsupportedDeviceType] Family: LYF LF-2403N, Brand: LYF, Model: LF-2403N
2026-05-17 10:01:26 [scrapy_user_agents.user_agent_picker] WARNING: [UnsupportedDeviceType] Family: LYF F90M, Brand: LYF, Model: F90M
2026-05-17 10:01:26 [scrapy_user_agents.user_agent_picker] WARNING: [UnsupportedDeviceType] Family: Other, Brand: None, Model: None
2026-05-17 10:01:26 [scrapy_user_agents.user_agent_picker] WARNING: [UnsupportedDeviceType] Family: Other, Brand: None, Model: None
2026-05-17 10:01:27 [scrapy_user_agents.user_agent_picker] WARNING: [UnsupportedBrowserType] Family: Applebot
2026-05-17 10:01:27 [scrapy_user_agents.user_agent_picker] WARNING: [UnsupportedDeviceType] Family: Other, Brand: None, Model: None
2026-05-17 10:01:27 [scrapy_user_agents.user_agent_picker] WARNING: [UnsupportedBrowserType] Family: Applebot
2026-05-17 10:01:27 [scrapy_user_agents.user_agent_picker] WARNING: [UnsupportedBrowserType] Family: Other
2026-05-17 10:01:27 [scrapy_user_agents.user_agent_picker] WARNING: [UnsupportedBrowserType] Family: Other
2026-05-17 10:01:27 [scrapy_user_agents.user_agent_picker] WARNING: [UnsupportedBrowserType] Family: PhantomJS
2026-05-17 10:01:27 [scrapy_user_agents.user_agent_picker] WARNING: [UnsupportedBrowserType] Family: SMTBot
2026-05-17 10:01:27 [scrapy_user_agents.user_agent_picker] WARNING: [UnsupportedBrowserType] Family: PhantomJS
2026-05-17 10:01:27 [scrapy_user_agents.user_agent_picker] WARNING: [UnsupportedBrowserType] Family: PhantomJS
2026-05-17 10:01:27 [scrapy_user_agents.user_agent_picker] WARNING: [UnsupportedBrowserType] Family: WebKit Nightly
2026-05-17 10:01:27 [scrapy_user_agents.user_agent_picker] WARNING: [UnsupportedBrowserType] Family: PhantomJS
2026-05-17 10:01:27 [scrapy_user_agents.user_agent_picker] WARNING: [UnsupportedDeviceType] Family: Other, Brand: None, Model: None
2026-05-17 10:01:27 [scrapy_user_agents.user_agent_picker] WARNING: [UnsupportedBrowserType] Family: PhantomJS
2026-05-17 10:01:27 [scrapy_user_agents.user_agent_picker] WARNING: [UnsupportedBrowserType] Family: PhantomJS
2026-05-17 10:01:27 [scrapy_user_agents.user_agent_picker] WARNING: [UnsupportedBrowserType] Family: Robot
2026-05-17 10:01:27 [scrapy_user_agents.user_agent_picker] WARNING: [UnsupportedDeviceType] Family: Other, Brand: None, Model: None
2026-05-17 10:01:27 [scrapy_user_agents.user_agent_picker] WARNING: [UnsupportedBrowserType] Family: Zune
2026-05-17 10:01:28 [scrapy.middleware] INFO: Enabled downloader middlewares:
['scrapy.downloadermiddlewares.offsite.OffsiteMiddleware',
 'scrapy.downloadermiddlewares.robotstxt.RobotsTxtMiddleware',
 'scrapy.downloadermiddlewares.httpauth.HttpAuthMiddleware',
 'scrapy.downloadermiddlewares.downloadtimeout.DownloadTimeoutMiddleware',
 'scrapy.downloadermiddlewares.defaultheaders.DefaultHeadersMiddleware',
 'scrapy_user_agents.middlewares.RandomUserAgentMiddleware',
 'scrapy.downloadermiddlewares.redirect.MetaRefreshMiddleware',
 'scrapy.downloadermiddlewares.httpcompression.HttpCompressionMiddleware',
 'scrapy.downloadermiddlewares.redirect.RedirectMiddleware',
 'scrapy.downloadermiddlewares.cookies.CookiesMiddleware',
 'scrapy.downloadermiddlewares.httpproxy.HttpProxyMiddleware',
 'scrapy.downloadermiddlewares.stats.DownloaderStats']
2026-05-17 10:01:28 [scrapy.middleware] INFO: Enabled spider middlewares:
['scrapy.spidermiddlewares.start.StartSpiderMiddleware',
 'scrapy.spidermiddlewares.httperror.HttpErrorMiddleware',
 'scrapy_deltafetch.DeltaFetch',
 'science_dwh.middlewares.ScienceDwhSpiderMiddleware',
 'scrapy.spidermiddlewares.referer.RefererMiddleware',
 'scrapy.spidermiddlewares.urllength.UrlLengthMiddleware',
 'scrapy.spidermiddlewares.depth.DepthMiddleware']
2026-05-17 10:01:28 [scrapy.core.spidermw] WARNING: Middleware scrapy_deltafetch.middleware.DeltaFetch doesn't support asynchronous spider output, this is deprecated and will stop working in a future version of Scrapy. The middleware should be updated to support it. Please see https://docs.scrapy.org/en/latest/topics/coroutines.html#for-middleware-users for more information.
2026-05-17 10:01:28 [scrapy.core.spidermw] WARNING: Middleware science_dwh.middlewares.ScienceDwhSpiderMiddleware doesn't support asynchronous spider output, this is deprecated and will stop working in a future version of Scrapy. The middleware should be updated to support it. Please see https://docs.scrapy.org/en/latest/topics/coroutines.html#for-middleware-users for more information.
2026-05-17 10:01:28 [scrapy.middleware] INFO: Enabled item pipelines:
['science_dwh.pipelines.ScienceDwhPipeline']
2026-05-17 10:01:28 [scrapy.core.engine] INFO: Spider opened
2026-05-17 10:01:28 [scrapy.extensions.logstats] INFO: Crawled 0 pages (at 0 pages/min), scraped 0 items (at 0 items/min)
2026-05-17 10:01:28 [scls_spider] INFO: Spider opened: scls_spider
2026-05-17 10:01:28 [scrapy.extensions.telnet] INFO: Telnet console listening on 127.0.0.1:6024
2026-05-17 10:01:31 [scrapy_deltafetch.middleware] INFO: Ignoring already visited: <GET https://scls.hust.edu.vn/vi/organs/person/Ban-Giam-hieu-1/PGS-TS-Chu-Ky-Son-2/>
2026-05-17 10:01:31 [scrapy_deltafetch.middleware] INFO: Ignoring already visited: <GET https://scls.hust.edu.vn/vi/organs/person/Ban-Giam-hieu-1/PGS-TS-La-The-Vinh-1/>
2026-05-17 10:01:31 [scrapy_deltafetch.middleware] INFO: Ignoring already visited: <GET https://scls.hust.edu.vn/vi/organs/person/Ban-Giam-hieu-1/PGS-TS-Nguyen-Thi-Anh-Tuyet-4/>
2026-05-17 10:01:31 [scrapy_deltafetch.middleware] INFO: Ignoring already visited: <GET https://scls.hust.edu.vn/vi/organs/person/Ban-Giam-hieu-1/PGS-TS-Nguyen-Hong-Lien-3/>
2026-05-17 10:01:31 [scrapy_deltafetch.middleware] INFO: Ignoring already visited: <GET https://scls.hust.edu.vn/vi/organs/person/Khoa-Hoa-hoc-17/PGS-TS-Nguyen-Xuan-Truong-15/>
2026-05-17 10:01:31 [scrapy_deltafetch.middleware] INFO: Ignoring already visited: <GET https://scls.hust.edu.vn/vi/organs/person/Khoa-Hoa-hoc-17/PGS-TS-Vu-Anh-Tuan-26/>
2026-05-17 10:01:31 [scrapy_deltafetch.middleware] INFO: Ignoring already visited: <GET https://scls.hust.edu.vn/vi/organs/person/Khoa-Hoa-hoc-17/PGS-TS-Tran-Thi-Minh-30/>
2026-05-17 10:01:31 [scrapy_deltafetch.middleware] INFO: Ignoring already visited: <GET https://scls.hust.edu.vn/vi/organs/person/Khoa-Hoa-hoc-17/PGS-TS-Nguyen-Ngoc-Tue-175/>
2026-05-17 10:01:31 [scrapy_deltafetch.middleware] INFO: Ignoring already visited: <GET https://scls.hust.edu.vn/vi/organs/person/Khoa-Hoa-hoc-17/PGS-TS-Trinh-Xuan-Anh-218/>
2026-05-17 10:01:31 [scrapy_deltafetch.middleware] INFO: Ignoring already visited: <GET https://scls.hust.edu.vn/vi/organs/person/Khoa-Hoa-hoc-17/PGS-TS-Nguyen-Trong-Nghia-214/>
2026-05-17 10:01:31 [scrapy_deltafetch.middleware] INFO: Ignoring already visited: <GET https://scls.hust.edu.vn/vi/organs/person/Khoa-Hoa-hoc-17/TS-Truong-Duc-Duc-217/>
2026-05-17 10:01:31 [scrapy_deltafetch.middleware] INFO: Ignoring already visited: <GET https://scls.hust.edu.vn/vi/organs/person/Khoa-Hoa-hoc-17/TS-Nguyen-Van-Nghia-215/>
2026-05-17 10:01:31 [scrapy_deltafetch.middleware] INFO: Ignoring already visited: <GET https://scls.hust.edu.vn/vi/organs/person/Khoa-Hoa-hoc-17/PGS-TS-Nghiem-Thi-Thuong-24/>
2026-05-17 10:01:31 [scrapy_deltafetch.middleware] INFO: Ignoring already visited: <GET https://scls.hust.edu.vn/vi/organs/person/Khoa-Hoa-hoc-17/TS-Tran-Quang-Tung-25/>
2026-05-17 10:01:31 [scrapy_deltafetch.middleware] INFO: Ignoring already visited: <GET https://scls.hust.edu.vn/vi/organs/person/Khoa-Hoa-hoc-17/PGS-TS-Pham-Van-Tien-21/>
2026-05-17 10:01:31 [scrapy_deltafetch.middleware] INFO: Ignoring already visited: <GET https://scls.hust.edu.vn/vi/organs/person/Khoa-Hoa-hoc-17/TS-Le-Dieu-Thu-27/>
2026-05-17 10:01:31 [scrapy_deltafetch.middleware] INFO: Ignoring already visited: <GET https://scls.hust.edu.vn/vi/organs/person/Khoa-Hoa-hoc-17/TS-Phan-Van-Hoa-28/>
2026-05-17 10:01:31 [scrapy_deltafetch.middleware] INFO: Ignoring already visited: <GET https://scls.hust.edu.vn/vi/organs/person/Khoa-Hoa-hoc-17/PGS-TS-Phan-Trung-Nghia-29/>
2026-05-17 10:01:31 [scrapy_deltafetch.middleware] INFO: Ignoring already visited: <GET https://scls.hust.edu.vn/vi/organs/person/Khoa-Hoa-hoc-17/PGS-TS-Nguyen-Thi-Tuyet-Mai-22/>
2026-05-17 10:01:31 [scrapy_deltafetch.middleware] INFO: Ignoring already visited: <GET https://scls.hust.edu.vn/vi/organs/person/Khoa-Hoa-hoc-17/PGS-TS-Tran-Thuong-Quang-31/>
2026-05-17 10:01:31 [scrapy_deltafetch.middleware] INFO: Ignoring already visited: <GET https://scls.hust.edu.vn/vi/organs/person/Khoa-Hoa-hoc-17/PGS-TS-Tran-Thu-Huong-153/>
2026-05-17 10:01:31 [scrapy_deltafetch.middleware] INFO: Ignoring already visited: <GET https://scls.hust.edu.vn/vi/organs/person/Khoa-Hoa-hoc-17/TS-DS-Nguyen-Van-Thong-154/>
2026-05-17 10:01:31 [scrapy_deltafetch.middleware] INFO: Ignoring already visited: <GET https://scls.hust.edu.vn/vi/organs/person/Khoa-Ky-thuat-Hoa-hoc-16/PGS-TS-Van-Dinh-Son-Tho-43/>
2026-05-17 10:01:31 [scrapy_deltafetch.middleware] INFO: Ignoring already visited: <GET https://scls.hust.edu.vn/vi/organs/person/Khoa-Ky-thuat-Hoa-hoc-16/PGS-TS-Hoang-Thi-Bich-Thuy-37/>
2026-05-17 10:01:31 [scrapy_deltafetch.middleware] INFO: Ignoring already visited: <GET https://scls.hust.edu.vn/vi/organs/person/Khoa-Ky-thuat-Hoa-hoc-16/TS-Le-Thi-Anh-36/>
2026-05-17 10:01:31 [scrapy_deltafetch.middleware] INFO: Ignoring already visited: <GET https://scls.hust.edu.vn/vi/organs/person/Khoa-Ky-thuat-Hoa-hoc-16/PGS-TS-Tran-Khac-Vu-46/>
2026-05-17 10:01:31 [scrapy_deltafetch.middleware] INFO: Ignoring already visited: <GET https://scls.hust.edu.vn/vi/organs/person/Khoa-Ky-thuat-Hoa-hoc-16/TS-Dinh-Thi-Phuong-Anh-47/>
2026-05-17 10:01:31 [scrapy_deltafetch.middleware] INFO: Ignoring already visited: <GET https://scls.hust.edu.vn/vi/organs/person/Khoa-Ky-thuat-Hoa-hoc-16/TS-Le-Thi-Thuy-48/>
2026-05-17 10:01:31 [scrapy_deltafetch.middleware] INFO: Ignoring already visited: <GET https://scls.hust.edu.vn/vi/organs/person/Khoa-Ky-thuat-Hoa-hoc-16/TS-Nguyen-Thi-Thuy-My-49/>
2026-05-17 10:01:31 [scrapy_deltafetch.middleware] INFO: Ignoring already visited: <GET https://scls.hust.edu.vn/vi/organs/person/Khoa-Ky-thuat-Hoa-hoc-16/PGS-TS-Do-Xuan-Truong-59/>
2026-05-17 10:01:31 [scrapy_deltafetch.middleware] INFO: Ignoring already visited: <GET https://scls.hust.edu.vn/vi/organs/person/Khoa-Ky-thuat-Hoa-hoc-16/PGS-TS-Tran-Trung-Kien-60/>
2026-05-17 10:01:31 [scrapy_deltafetch.middleware] INFO: Ignoring already visited: <GET https://scls.hust.edu.vn/vi/organs/person/Khoa-Ky-thuat-Hoa-hoc-16/TS-Tran-Vu-Tung-Lam-61/>
2026-05-17 10:01:31 [scrapy_deltafetch.middleware] INFO: Ignoring already visited: <GET https://scls.hust.edu.vn/vi/organs/person/Khoa-Ky-thuat-Hoa-hoc-16/TS-Nghiem-Xuan-Son-62/>
2026-05-17 10:01:31 [scrapy_deltafetch.middleware] INFO: Ignoring already visited: <GET https://scls.hust.edu.vn/vi/organs/person/Khoa-Ky-thuat-Hoa-hoc-16/PGS-TS-Nguyen-Minh-Tan-63/>
2026-05-17 10:01:31 [scrapy_deltafetch.middleware] INFO: Ignoring already visited: <GET https://scls.hust.edu.vn/vi/organs/person/Khoa-Ky-thuat-Hoa-hoc-16/TS-Nguyen-Thi-Thu-Huyen-64/>
2026-05-17 10:01:31 [scrapy_deltafetch.middleware] INFO: Ignoring already visited: <GET https://scls.hust.edu.vn/vi/organs/person/Khoa-Ky-thuat-Hoa-hoc-16/TS-Nguyen-Van-Xa-65/>
2026-05-17 10:01:31 [scrapy_deltafetch.middleware] INFO: Ignoring already visited: <GET https://scls.hust.edu.vn/vi/organs/person/Khoa-Ky-thuat-Hoa-hoc-16/TS-Phung-Lan-Huong-66/>
2026-05-17 10:01:31 [scrapy_deltafetch.middleware] INFO: Ignoring already visited: <GET https://scls.hust.edu.vn/vi/organs/person/Khoa-Ky-thuat-Hoa-hoc-16/PGS-TS-Nguyen-Hong-Lien-44/>
2026-05-17 10:01:31 [scrapy_deltafetch.middleware] INFO: Ignoring already visited: <GET https://scls.hust.edu.vn/vi/organs/person/Khoa-Ky-thuat-Hoa-hoc-16/TS-Nguyen-Ngoc-Mai-68/>
2026-05-17 10:01:31 [scrapy_deltafetch.middleware] INFO: Ignoring already visited: <GET https://scls.hust.edu.vn/vi/organs/person/Khoa-Ky-thuat-Hoa-hoc-16/TS-Nguyen-Trung-Dung-69/>
2026-05-17 10:01:31 [scrapy_deltafetch.middleware] INFO: Ignoring already visited: <GET https://scls.hust.edu.vn/vi/organs/person/Khoa-Ky-thuat-Hoa-hoc-16/TS-KTS-Phan-Viet-Toan-70/>
2026-05-17 10:01:31 [scrapy_deltafetch.middleware] INFO: Ignoring already visited: <GET https://scls.hust.edu.vn/vi/organs/person/Khoa-Ky-thuat-Hoa-hoc-16/TS-Nguyen-Cong-Bang-71/>
2026-05-17 10:01:31 [scrapy_deltafetch.middleware] INFO: Ignoring already visited: <GET https://scls.hust.edu.vn/vi/organs/person/Khoa-Ky-thuat-Hoa-hoc-16/TS-Nguyen-Thanh-Dong-72/>
2026-05-17 10:01:31 [scrapy_deltafetch.middleware] INFO: Ignoring already visited: <GET https://scls.hust.edu.vn/vi/organs/person/Khoa-Ky-thuat-Hoa-hoc-16/TS-Dao-Huy-Toan-7/>
2026-05-17 10:01:31 [scrapy_deltafetch.middleware] INFO: Ignoring already visited: <GET https://scls.hust.edu.vn/vi/organs/person/Khoa-Ky-thuat-Hoa-hoc-16/ThS-Quach-Thi-Phuong-74/>
2026-05-17 10:01:31 [scrapy_deltafetch.middleware] INFO: Ignoring already visited: <GET https://scls.hust.edu.vn/vi/organs/person/Khoa-Ky-thuat-Hoa-hoc-16/Nguyen-Quang-Bac-75/>
2026-05-17 10:01:31 [scrapy_deltafetch.middleware] INFO: Ignoring already visited: <GET https://scls.hust.edu.vn/vi/organs/person/Khoa-Ky-thuat-Hoa-hoc-16/TS-Bui-Thi-Van-Anh-76/>
2026-05-17 10:01:31 [scrapy_deltafetch.middleware] INFO: Ignoring already visited: <GET https://scls.hust.edu.vn/vi/organs/person/Khoa-Ky-thuat-Hoa-hoc-16/TS-Vu-Thi-Tan-77/>
2026-05-17 10:01:31 [scrapy_deltafetch.middleware] INFO: Ignoring already visited: <GET https://scls.hust.edu.vn/vi/organs/person/Khoa-Ky-thuat-Hoa-hoc-16/PGS-TS-Vu-Hong-Thai-220/>
2026-05-17 10:01:31 [scrapy_deltafetch.middleware] INFO: Ignoring already visited: <GET https://scls.hust.edu.vn/vi/organs/person/Khoa-Ky-thuat-Hoa-hoc-16/GS-TS-Le-Minh-Thang-221/>
2026-05-17 10:01:31 [scrapy_deltafetch.middleware] INFO: Ignoring already visited: <GET https://scls.hust.edu.vn/vi/organs/person/Khoa-Ky-thuat-Hoa-hoc-16/GS-TS-Mai-Thanh-Tung-231/>
2026-05-17 10:01:31 [scrapy_deltafetch.middleware] INFO: Ignoring already visited: <GET https://scls.hust.edu.vn/vi/organs/person/Khoa-Ky-thuat-Hoa-hoc-16/ThS-Nguyen-Tien-Thanh-232/>
2026-05-17 10:01:31 [scrapy_deltafetch.middleware] INFO: Ignoring already visited: <GET https://scls.hust.edu.vn/vi/organs/person/Khoa-Ky-thuat-Hoa-hoc-16/PGS-TS-Dao-Quoc-Tuy-233/>
2026-05-17 10:01:31 [scrapy_deltafetch.middleware] INFO: Ignoring already visited: <GET https://scls.hust.edu.vn/vi/organs/person/Khoa-Ky-thuat-Hoa-hoc-16/PGS-TS-Ta-Ngoc-Dung-234/>
2026-05-17 10:01:31 [scrapy_deltafetch.middleware] INFO: Ignoring already visited: <GET https://scls.hust.edu.vn/vi/organs/person/Khoa-Ky-thuat-Hoa-hoc-16/TS-Vu-Thi-Ngoc-Minh-235/>
2026-05-17 10:01:31 [scrapy_deltafetch.middleware] INFO: Ignoring already visited: <GET https://scls.hust.edu.vn/vi/organs/person/Khoa-Ky-thuat-Hoa-hoc-16/PGS-TS-Vu-Hoang-Tung-236/>
2026-05-17 10:01:31 [scrapy_deltafetch.middleware] INFO: Ignoring already visited: <GET https://scls.hust.edu.vn/vi/organs/person/Khoa-Ky-thuat-Hoa-hoc-16/TS-Nguyen-Thi-Hong-Phuong-237/>
2026-05-17 10:01:31 [scrapy_deltafetch.middleware] INFO: Ignoring already visited: <GET https://scls.hust.edu.vn/vi/organs/person/Khoa-Ky-thuat-Hoa-hoc-16/PGS-TS-Vu-Dinh-Hoang-238/>
2026-05-17 10:01:31 [scrapy_deltafetch.middleware] INFO: Ignoring already visited: <GET https://scls.hust.edu.vn/vi/organs/person/Khoa-Ky-thuat-Hoa-hoc-16/TS-Pham-Ngoc-Anh-239/>
2026-05-17 10:01:31 [scrapy_deltafetch.middleware] INFO: Ignoring already visited: <GET https://scls.hust.edu.vn/vi/organs/person/Khoa-Ky-thuat-Hoa-hoc-16/PGS-TS-Ta-Hong-Duc-240/>
2026-05-17 10:01:31 [scrapy_deltafetch.middleware] INFO: Ignoring already visited: <GET https://scls.hust.edu.vn/vi/organs/person/Khoa-Ky-thuat-Hoa-hoc-16/PGS-TS-Vu-Dinh-Tien-241/>
2026-05-17 10:01:31 [scrapy_deltafetch.middleware] INFO: Ignoring already visited: <GET https://scls.hust.edu.vn/vi/organs/person/Khoa-Ky-thuat-Hoa-hoc-16/ThS-Dang-Duc-Thuc-242/>
2026-05-17 10:01:31 [scrapy_deltafetch.middleware] INFO: Ignoring already visited: <GET https://scls.hust.edu.vn/vi/organs/person/Khoa-Ky-thuat-Hoa-hoc-16/TS-Nguyen-Thi-Ha-Hanh-243/>
2026-05-17 10:01:31 [scrapy_deltafetch.middleware] INFO: Ignoring already visited: <GET https://scls.hust.edu.vn/vi/organs/person/Khoa-Ky-thuat-Hoa-hoc-16/TS-Nguyen-Han-Long-244/>
2026-05-17 10:01:31 [scrapy_deltafetch.middleware] INFO: Ignoring already visited: <GET https://scls.hust.edu.vn/vi/organs/person/Khoa-Ky-thuat-Hoa-hoc-16/Ths-Nguyen-Thanh-Hung-247/>
2026-05-17 10:01:31 [scrapy_deltafetch.middleware] INFO: Ignoring already visited: <GET https://scls.hust.edu.vn/vi/organs/person/Khoa-KH-CN-Moi-Truong-19/PGS-TS-Hoang-Thi-Thu-Huong-16/>
2026-05-17 10:01:31 [scrapy_deltafetch.middleware] INFO: Ignoring already visited: <GET https://scls.hust.edu.vn/vi/organs/person/Khoa-KH-CN-Moi-Truong-19/PGS-TS-Do-Khac-Uan-103/>
2026-05-17 10:01:31 [scrapy_deltafetch.middleware] INFO: Ignoring already visited: <GET https://scls.hust.edu.vn/vi/organs/person/Khoa-KH-CN-Moi-Truong-19/TS-Tran-Thanh-Chi-93/>
2026-05-17 10:01:31 [scrapy_deltafetch.middleware] INFO: Ignoring already visited: <GET https://scls.hust.edu.vn/vi/organs/person/Khoa-KH-CN-Moi-Truong-19/PSG-TS-Nghiem-Trung-Dung-80/>
2026-05-17 10:01:31 [scrapy_deltafetch.middleware] INFO: Ignoring already visited: <GET https://scls.hust.edu.vn/vi/organs/person/Khoa-KH-CN-Moi-Truong-19/TS-Tran-Phuong-Ha-92/>
2026-05-17 10:01:31 [scrapy_deltafetch.middleware] INFO: Ignoring already visited: <GET https://scls.hust.edu.vn/vi/organs/person/Khoa-KH-CN-Moi-Truong-19/PGS-TS-Ly-Bich-Thuy-79/>
2026-05-17 10:01:31 [scrapy_deltafetch.middleware] INFO: Ignoring already visited: <GET https://scls.hust.edu.vn/vi/organs/person/Khoa-KH-CN-Moi-Truong-19/PSG-TS-Van-Dieu-Anh-94/>
2026-05-17 10:01:31 [scrapy_deltafetch.middleware] INFO: Ignoring already visited: <GET https://scls.hust.edu.vn/vi/organs/person/Khoa-KH-CN-Moi-Truong-19/TS-Vo-Thi-Le-Ha-95/>
2026-05-17 10:01:31 [scrapy_deltafetch.middleware] INFO: Ignoring already visited: <GET https://scls.hust.edu.vn/vi/organs/person/Khoa-KH-CN-Moi-Truong-19/TS-Vu-Kiem-Thuy-96/>
2026-05-17 10:01:31 [scrapy_deltafetch.middleware] INFO: Ignoring already visited: <GET https://scls.hust.edu.vn/vi/organs/person/Khoa-KH-CN-Moi-Truong-19/ThS-Vu-Minh-Trang-97/>
2026-05-17 10:01:31 [scrapy_deltafetch.middleware] INFO: Ignoring already visited: <GET https://scls.hust.edu.vn/vi/organs/person/Khoa-KH-CN-Moi-Truong-19/TS-Vu-Ngoc-Thuy-98/>
2026-05-17 10:01:31 [scrapy_deltafetch.middleware] INFO: Ignoring already visited: <GET https://scls.hust.edu.vn/vi/organs/person/Khoa-KH-CN-Moi-Truong-19/TS-Dang-Minh-Hang-99/>
2026-05-17 10:01:31 [scrapy_deltafetch.middleware] INFO: Ignoring already visited: <GET https://scls.hust.edu.vn/vi/organs/person/Khoa-KH-CN-Moi-Truong-19/PGS-TS-Dang-Xuan-Hien-100/>
2026-05-17 10:01:31 [scrapy_deltafetch.middleware] INFO: Ignoring already visited: <GET https://scls.hust.edu.vn/vi/organs/person/Khoa-KH-CN-Moi-Truong-19/ThS-Dao-Duy-Nam-101/>
2026-05-17 10:01:31 [scrapy_deltafetch.middleware] INFO: Ignoring already visited: <GET https://scls.hust.edu.vn/vi/organs/person/Khoa-KH-CN-Moi-Truong-19/TS-Dinh-Quang-Hung-102/>
2026-05-17 10:01:31 [scrapy_deltafetch.middleware] INFO: Ignoring already visited: <GET https://scls.hust.edu.vn/vi/organs/person/Khoa-KH-CN-Moi-Truong-19/TS-Ha-Vinh-Hung-78/>
2026-05-17 10:01:31 [scrapy_deltafetch.middleware] INFO: Ignoring already visited: <GET https://scls.hust.edu.vn/vi/organs/person/Khoa-KH-CN-Moi-Truong-19/PGS-TS-Doan-Thi-Thai-Yen-104/>
2026-05-17 10:01:31 [scrapy_deltafetch.middleware] INFO: Ignoring already visited: <GET https://scls.hust.edu.vn/vi/organs/person/Khoa-KH-CN-Moi-Truong-19/PGS-TS-Nguyen-Duc-Quang-105/>
2026-05-17 10:01:31 [scrapy_deltafetch.middleware] INFO: Ignoring already visited: <GET https://scls.hust.edu.vn/vi/organs/person/Khoa-KH-CN-Moi-Truong-19/TS-Nguyen-Thi-Thu-Hien-246/>
2026-05-17 10:01:31 [scrapy_deltafetch.middleware] INFO: Ignoring already visited: <GET https://scls.hust.edu.vn/vi/organs/person/Khoa-KH-CN-Moi-Truong-19/TS-Nguyen-Duc-Viet-250/>
2026-05-17 10:01:31 [scrapy_deltafetch.middleware] INFO: Ignoring already visited: <GET https://scls.hust.edu.vn/vi/organs/person/Khoa-Ky-thuat-Thuc-Pham-18/PGS-TS-Nguyen-Thi-Minh-Tu-19/>
2026-05-17 10:01:31 [scrapy_deltafetch.middleware] INFO: Ignoring already visited: <GET https://scls.hust.edu.vn/vi/organs/person/Khoa-Ky-thuat-Thuc-Pham-18/TS-Nguyen-Tien-Cuong-121/>
2026-05-17 10:01:31 [scrapy_deltafetch.middleware] INFO: Ignoring already visited: <GET https://scls.hust.edu.vn/vi/organs/person/Khoa-Ky-thuat-Thuc-Pham-18/PGS-TS-Vu-Thu-Trang-122/>
2026-05-17 10:01:31 [scrapy_deltafetch.middleware] INFO: Ignoring already visited: <GET https://scls.hust.edu.vn/vi/organs/person/Khoa-Ky-thuat-Thuc-Pham-18/PGS-TS-Ho-Phu-Ha-123/>
2026-05-17 10:01:31 [scrapy_deltafetch.middleware] INFO: Ignoring already visited: <GET https://scls.hust.edu.vn/vi/organs/person/Khoa-Ky-thuat-Thuc-Pham-18/PGS-TS-Nguyen-Thi-Hanh-124/>
2026-05-17 10:01:31 [scrapy_deltafetch.middleware] INFO: Ignoring already visited: <GET https://scls.hust.edu.vn/vi/organs/person/Khoa-Ky-thuat-Thuc-Pham-18/TS-Nguyen-Van-Hung-125/>
2026-05-17 10:01:31 [scrapy_deltafetch.middleware] INFO: Ignoring already visited: <GET https://scls.hust.edu.vn/vi/organs/person/Khoa-Ky-thuat-Thuc-Pham-18/PGS-TS-Luong-Hong-Nga-126/>
2026-05-17 10:01:31 [scrapy_deltafetch.middleware] INFO: Ignoring already visited: <GET https://scls.hust.edu.vn/vi/organs/person/Khoa-Ky-thuat-Thuc-Pham-18/TS-Nguyen-Chinh-Nghia-127/>
2026-05-17 10:01:31 [scrapy_deltafetch.middleware] INFO: Ignoring already visited: <GET https://scls.hust.edu.vn/vi/organs/person/Khoa-Ky-thuat-Thuc-Pham-18/PGS-TS-Phan-Thanh-Tam-128/>
2026-05-17 10:01:31 [scrapy_deltafetch.middleware] INFO: Ignoring already visited: <GET https://scls.hust.edu.vn/vi/organs/person/Khoa-Ky-thuat-Thuc-Pham-18/TS-Nguyen-Hai-Van-129/>
2026-05-17 10:01:31 [scrapy_deltafetch.middleware] INFO: Ignoring already visited: <GET https://scls.hust.edu.vn/vi/organs/person/Khoa-Ky-thuat-Thuc-Pham-18/ThS-Le-Ngoc-Cuong-130/>
2026-05-17 10:01:31 [scrapy_deltafetch.middleware] INFO: Ignoring already visited: <GET https://scls.hust.edu.vn/vi/organs/person/Khoa-Ky-thuat-Thuc-Pham-18/TS-Nguyen-Ngoc-Hoang-131/>
2026-05-17 10:01:31 [scrapy_deltafetch.middleware] INFO: Ignoring already visited: <GET https://scls.hust.edu.vn/vi/organs/person/Khoa-Ky-thuat-Thuc-Pham-18/ThS-Pham-Thanh-Huong-132/>
2026-05-17 10:01:31 [scrapy_deltafetch.middleware] INFO: Ignoring already visited: <GET https://scls.hust.edu.vn/vi/organs/person/Khoa-Ky-thuat-Thuc-Pham-18/ThS-Phan-Minh-Thuy-133/>
2026-05-17 10:01:31 [scrapy_deltafetch.middleware] INFO: Ignoring already visited: <GET https://scls.hust.edu.vn/vi/organs/person/Khoa-Ky-thuat-Thuc-Pham-18/PGS-TS-Cung-Thi-To-Quynh-134/>
2026-05-17 10:01:31 [scrapy_deltafetch.middleware] INFO: Ignoring already visited: <GET https://scls.hust.edu.vn/vi/organs/person/Khoa-Ky-thuat-Thuc-Pham-18/TS-Vu-Hong-Son-135/>
2026-05-17 10:01:31 [scrapy_deltafetch.middleware] INFO: Ignoring already visited: <GET https://scls.hust.edu.vn/vi/organs/person/Khoa-Ky-thuat-Thuc-Pham-18/PGS-TS-Nguyen-Thi-Thao-136/>
2026-05-17 10:01:31 [scrapy_deltafetch.middleware] INFO: Ignoring already visited: <GET https://scls.hust.edu.vn/vi/organs/person/Khoa-Ky-thuat-Thuc-Pham-18/TS-Hoang-Quoc-Tuan-137/>
2026-05-17 10:01:31 [scrapy_deltafetch.middleware] INFO: Ignoring already visited: <GET https://scls.hust.edu.vn/vi/organs/person/Khoa-Ky-thuat-Thuc-Pham-18/TS-Do-Thi-Yen-138/>
2026-05-17 10:01:31 [scrapy_deltafetch.middleware] INFO: Ignoring already visited: <GET https://scls.hust.edu.vn/vi/organs/person/Khoa-Ky-thuat-Thuc-Pham-18/ThS-Le-Tuan-Phuc-163/>
2026-05-17 10:01:31 [scrapy_deltafetch.middleware] INFO: Ignoring already visited: <GET https://scls.hust.edu.vn/vi/organs/person/Khoa-Ky-thuat-Thuc-Pham-18/PGS-TS-Chu-Ky-Son-251/>
2026-05-17 10:01:31 [scrapy_deltafetch.middleware] INFO: Ignoring already visited: <GET https://scls.hust.edu.vn/vi/organs/person/Khoa-Ky-thuat-Sinh-hoc-15/PGS-TS-Nguyen-Lan-Huong-109/>
2026-05-17 10:01:31 [scrapy_deltafetch.middleware] INFO: Ignoring already visited: <GET https://scls.hust.edu.vn/vi/organs/person/Khoa-Ky-thuat-Sinh-hoc-15/PGS-TS-Pham-Tuan-Anh-110/>
2026-05-17 10:01:31 [scrapy_deltafetch.middleware] INFO: Ignoring already visited: <GET https://scls.hust.edu.vn/vi/organs/person/Khoa-Ky-thuat-Sinh-hoc-15/TS-Nguyen-Tien-Thanh-120/>
2026-05-17 10:01:31 [scrapy_deltafetch.middleware] INFO: Ignoring already visited: <GET https://scls.hust.edu.vn/vi/organs/person/Khoa-Ky-thuat-Sinh-hoc-15/TS-Le-Tuan-113/>
2026-05-17 10:01:31 [scrapy_deltafetch.middleware] INFO: Ignoring already visited: <GET https://scls.hust.edu.vn/vi/organs/person/Khoa-Ky-thuat-Sinh-hoc-15/PGS-TS-Le-Thanh-Ha-112/>
2026-05-17 10:01:31 [scrapy_deltafetch.middleware] INFO: Ignoring already visited: <GET https://scls.hust.edu.vn/vi/organs/person/Khoa-Ky-thuat-Sinh-hoc-15/TS-Nguyen-Truong-Giang-111/>
2026-05-17 10:01:31 [scrapy_deltafetch.middleware] INFO: Ignoring already visited: <GET https://scls.hust.edu.vn/vi/organs/person/Khoa-Ky-thuat-Sinh-hoc-15/TS-Le-Quang-Hoa-119/>
2026-05-17 10:01:31 [scrapy_deltafetch.middleware] INFO: Ignoring already visited: <GET https://scls.hust.edu.vn/vi/organs/person/Khoa-Ky-thuat-Sinh-hoc-15/TS-Nguyen-Thanh-Hoa-118/>
2026-05-17 10:01:31 [scrapy_deltafetch.middleware] INFO: Ignoring already visited: <GET https://scls.hust.edu.vn/vi/organs/person/Khoa-Ky-thuat-Sinh-hoc-15/TS-Dam-Thuy-Hang-117/>
2026-05-17 10:01:31 [scrapy_deltafetch.middleware] INFO: Ignoring already visited: <GET https://scls.hust.edu.vn/vi/organs/person/Khoa-Ky-thuat-Sinh-hoc-15/TS-Tran-Phuong-Thao-248/>
2026-05-17 10:01:31 [scrapy_deltafetch.middleware] INFO: Ignoring already visited: <GET https://scls.hust.edu.vn/vi/organs/person/Khoa-Ky-thuat-Sinh-hoc-15/TS-Sai-Duc-Loc-249/>
2026-05-17 10:01:31 [scrapy_deltafetch.middleware] INFO: Ignoring already visited: <GET https://scls.hust.edu.vn/vi/organs/person/Trung-tam-Ky-thuat-20/TS-Nguyen-Anh-Vu-20/>
2026-05-17 10:01:31 [scrapy_deltafetch.middleware] INFO: Ignoring already visited: <GET https://scls.hust.edu.vn/vi/organs/person/Trung-tam-Ky-thuat-20/TS-Nguyen-Thi-Thu-Hien-84/>
2026-05-17 10:01:31 [scrapy_deltafetch.middleware] INFO: Ignoring already visited: <GET https://scls.hust.edu.vn/vi/organs/person/Trung-tam-Ky-thuat-20/GVC-TS-Nguyen-Duc-Trung-139/>
2026-05-17 10:01:31 [scrapy_deltafetch.middleware] INFO: Ignoring already visited: <GET https://scls.hust.edu.vn/vi/organs/person/Trung-tam-Ky-thuat-20/KS-Nguyen-Thi-Hoang-Mai-141/>
2026-05-17 10:01:31 [scrapy_deltafetch.middleware] INFO: Ignoring already visited: <GET https://scls.hust.edu.vn/vi/organs/person/Trung-tam-Ky-thuat-20/TS-Phung-Thi-Thuy-142/>
2026-05-17 10:01:31 [scrapy_deltafetch.middleware] INFO: Ignoring already visited: <GET https://scls.hust.edu.vn/vi/organs/person/Trung-tam-Ky-thuat-20/ThS-Le-Thi-Lan-Chi-143/>
2026-05-17 10:01:31 [scrapy_deltafetch.middleware] INFO: Ignoring already visited: <GET https://scls.hust.edu.vn/vi/organs/person/Trung-tam-Ky-thuat-20/Th-S-La-Thi-Quynh-Nhu-144/>
2026-05-17 10:01:31 [scrapy_deltafetch.middleware] INFO: Ignoring already visited: <GET https://scls.hust.edu.vn/vi/organs/person/Trung-tam-Ky-thuat-20/ThS-Le-Thi-Huyen-140/>
2026-05-17 10:01:31 [scrapy_deltafetch.middleware] INFO: Ignoring already visited: <GET https://scls.hust.edu.vn/vi/organs/person/Trung-tam-Ky-thuat-20/ThS-Bui-Uyen-Diem-145/>
2026-05-17 10:01:31 [scrapy_deltafetch.middleware] INFO: Ignoring already visited: <GET https://scls.hust.edu.vn/vi/organs/person/Trung-tam-Ky-thuat-20/CN-Nguyen-Ngoc-Vien-146/>
2026-05-17 10:01:31 [scrapy_deltafetch.middleware] INFO: Ignoring already visited: <GET https://scls.hust.edu.vn/vi/organs/person/Trung-tam-Ky-thuat-20/ThS-Pham-Thi-Quynh-147/>
2026-05-17 10:01:31 [scrapy_deltafetch.middleware] INFO: Ignoring already visited: <GET https://scls.hust.edu.vn/vi/organs/person/Trung-tam-Ky-thuat-20/ThS-Mai-Van-Vo-177/>
2026-05-17 10:01:31 [scrapy_deltafetch.middleware] INFO: Ignoring already visited: <GET https://scls.hust.edu.vn/vi/organs/person/Trung-tam-Ky-thuat-20/ThS-Nguyen-Tuan-Anh-184/>
2026-05-17 10:01:31 [scrapy_deltafetch.middleware] INFO: Ignoring already visited: <GET https://scls.hust.edu.vn/vi/organs/person/Trung-tam-Ky-thuat-20/Nguyen-The-Duong-185/>
2026-05-17 10:01:31 [scrapy_deltafetch.middleware] INFO: Ignoring already visited: <GET https://scls.hust.edu.vn/vi/organs/person/Trung-tam-Ky-thuat-20/Huynh-Thu-Suong-186/>
2026-05-17 10:01:31 [scrapy_deltafetch.middleware] INFO: Ignoring already visited: <GET https://scls.hust.edu.vn/vi/organs/person/Trung-tam-Ky-thuat-20/ThS-Doan-Thi-Hien-187/>
2026-05-17 10:01:31 [scrapy_deltafetch.middleware] INFO: Ignoring already visited: <GET https://scls.hust.edu.vn/vi/organs/person/Trung-tam-Ky-thuat-20/ThS-Dinh-Thi-Thu-Hien-188/>
2026-05-17 10:01:31 [scrapy_deltafetch.middleware] INFO: Ignoring already visited: <GET https://scls.hust.edu.vn/vi/organs/person/Trung-tam-Ky-thuat-20/ThS-Ninh-Thi-Phuong-189/>
2026-05-17 10:01:31 [scrapy_deltafetch.middleware] INFO: Ignoring already visited: <GET https://scls.hust.edu.vn/vi/organs/person/Trung-tam-Ky-thuat-20/ThS-Nguyen-Thi-Minh-Thu-190/>
2026-05-17 10:01:31 [scrapy_deltafetch.middleware] INFO: Ignoring already visited: <GET https://scls.hust.edu.vn/vi/organs/person/Trung-tam-Ky-thuat-20/Ths-Vuong-thi-Bich-Hien-191/>
2026-05-17 10:01:31 [scrapy_deltafetch.middleware] INFO: Ignoring already visited: <GET https://scls.hust.edu.vn/vi/organs/person/Trung-tam-Ky-thuat-20/TS-Tran-Thanh-Hoai-192/>
2026-05-17 10:01:31 [scrapy_deltafetch.middleware] INFO: Ignoring already visited: <GET https://scls.hust.edu.vn/vi/organs/person/Trung-tam-Ky-thuat-20/ThS-Vu-Thi-Hong-An-193/>
2026-05-17 10:01:31 [scrapy_deltafetch.middleware] INFO: Ignoring already visited: <GET https://scls.hust.edu.vn/vi/organs/person/Trung-tam-Ky-thuat-20/ThS-Nguyen-Ngoc-Hung-194/>
2026-05-17 10:01:31 [scrapy_deltafetch.middleware] INFO: Ignoring already visited: <GET https://scls.hust.edu.vn/vi/organs/person/Trung-tam-Ky-thuat-20/ThS-Nguyen-Le-Huy-195/>
2026-05-17 10:01:31 [scrapy_deltafetch.middleware] INFO: Ignoring already visited: <GET https://scls.hust.edu.vn/vi/organs/person/Trung-tam-Ky-thuat-20/Nguyen-Thi-Mai-Hoa-202/>
2026-05-17 10:01:31 [scrapy_deltafetch.middleware] INFO: Ignoring already visited: <GET https://scls.hust.edu.vn/vi/organs/person/Trung-tam-Ky-thuat-20/TS-Phung-Thi-Anh-Minh-203/>
2026-05-17 10:01:31 [scrapy_deltafetch.middleware] INFO: Ignoring already visited: <GET https://scls.hust.edu.vn/vi/organs/person/Trung-tam-Ky-thuat-20/ThS-Hoang-Huu-Hiep-204/>
2026-05-17 10:01:31 [scrapy_deltafetch.middleware] INFO: Ignoring already visited: <GET https://scls.hust.edu.vn/vi/organs/person/Trung-tam-Ky-thuat-20/ThS-Tran-Ngoc-Hung-205/>
2026-05-17 10:01:31 [scrapy_deltafetch.middleware] INFO: Ignoring already visited: <GET https://scls.hust.edu.vn/vi/organs/person/Trung-tam-Ky-thuat-20/ThS-Duong-Thi-Thuy-Linh-206/>
2026-05-17 10:01:31 [scrapy_deltafetch.middleware] INFO: Ignoring already visited: <GET https://scls.hust.edu.vn/vi/organs/person/Trung-tam-Ky-thuat-20/KS-Nguyen-Hong-Nhung-207/>
2026-05-17 10:01:31 [scrapy_deltafetch.middleware] INFO: Ignoring already visited: <GET https://scls.hust.edu.vn/vi/organs/person/Trung-tam-Ky-thuat-20/ThS-Pham-Thi-Tuyet-Nhung-208/>
2026-05-17 10:01:31 [scrapy_deltafetch.middleware] INFO: Ignoring already visited: <GET https://scls.hust.edu.vn/vi/organs/person/Trung-tam-Ky-thuat-20/Ths-To-Le-Thu-209/>
2026-05-17 10:01:31 [scrapy_deltafetch.middleware] INFO: Ignoring already visited: <GET https://scls.hust.edu.vn/vi/organs/person/Trung-tam-Ky-thuat-20/Th-S-Nguyen-Thi-Hoai-Duc-210/>
2026-05-17 10:01:31 [scrapy_deltafetch.middleware] INFO: Ignoring already visited: <GET https://scls.hust.edu.vn/vi/organs/person/Trung-tam-Ky-thuat-20/ThS-Nguyen-Tuan-Linh-211/>
2026-05-17 10:01:31 [scrapy_deltafetch.middleware] INFO: Ignoring already visited: <GET https://scls.hust.edu.vn/vi/organs/person/Trung-tam-Ky-thuat-20/ThS-Nguyen-Thi-Lan-Anh-212/>
2026-05-17 10:01:31 [scrapy_deltafetch.middleware] INFO: Ignoring already visited: <GET https://scls.hust.edu.vn/vi/organs/person/Trung-tam-Ky-thuat-20/ThS-Nguyen-Tien-Huy-213/>
2026-05-17 10:01:31 [scrapy_deltafetch.middleware] INFO: Ignoring already visited: <GET https://scls.hust.edu.vn/vi/organs/person/Van-phong-Truong-11/TS-Pham-Ngoc-Hung-108/>
2026-05-17 10:01:31 [scrapy_deltafetch.middleware] INFO: Ignoring already visited: <GET https://scls.hust.edu.vn/vi/organs/person/Van-phong-Truong-11/TS-Dinh-Quang-Hung-6/>
2026-05-17 10:01:31 [scrapy_deltafetch.middleware] INFO: Ignoring already visited: <GET https://scls.hust.edu.vn/vi/organs/person/Van-phong-Truong-11/TS-Dao-Huy-Toan-164/>
2026-05-17 10:01:31 [scrapy_deltafetch.middleware] INFO: Ignoring already visited: <GET https://scls.hust.edu.vn/vi/organs/person/Van-phong-Truong-11/ThS-Cao-Thi-Thanh-Binh-167/>
2026-05-17 10:01:31 [scrapy_deltafetch.middleware] INFO: Ignoring already visited: <GET https://scls.hust.edu.vn/vi/organs/person/Van-phong-Truong-11/Cao-Thi-Minh-Hai-171/>
2026-05-17 10:01:31 [scrapy_deltafetch.middleware] INFO: Ignoring already visited: <GET https://scls.hust.edu.vn/vi/organs/person/Van-phong-Truong-11/ThS-Nguyen-Thi-Ngan-Ha-168/>
2026-05-17 10:01:31 [scrapy_deltafetch.middleware] INFO: Ignoring already visited: <GET https://scls.hust.edu.vn/vi/organs/person/Van-phong-Truong-11/KS-Dam-Thuy-Hang-172/>
2026-05-17 10:01:31 [scrapy_deltafetch.middleware] INFO: Ignoring already visited: <GET https://scls.hust.edu.vn/vi/organs/person/Van-phong-Truong-11/Nguyen-Thuong-Hoai-170/>
2026-05-17 10:01:31 [scrapy_deltafetch.middleware] INFO: Ignoring already visited: <GET https://scls.hust.edu.vn/vi/organs/person/Van-phong-Truong-11/Nguyen-Thi-Anh-Hong-17/>
2026-05-17 10:01:31 [scrapy_deltafetch.middleware] INFO: Ignoring already visited: <GET https://scls.hust.edu.vn/vi/organs/person/Van-phong-Truong-11/ThS-Nguyen-Thi-Linh-169/>
2026-05-17 10:01:31 [scrapy_deltafetch.middleware] INFO: Ignoring already visited: <GET https://scls.hust.edu.vn/vi/organs/person/Van-phong-Truong-11/Tran-Thi-Ly-166/>
2026-05-17 10:01:31 [scrapy_deltafetch.middleware] INFO: Ignoring already visited: <GET https://scls.hust.edu.vn/vi/organs/person/Van-phong-Truong-11/Nguyen-Thi-Hoang-Oanh-173/>
2026-05-17 10:01:31 [scrapy_deltafetch.middleware] INFO: Ignoring already visited: <GET https://scls.hust.edu.vn/vi/organs/person/Van-phong-Truong-11/Pham-Thi-Thu-Thuy-165/>
2026-05-17 10:01:31 [scrapy_deltafetch.middleware] INFO: Ignoring already visited: <GET https://scls.hust.edu.vn/vi/organs/person/Van-phong-Truong-11/Le-Thi-Minh-Trang-174/>
2026-05-17 10:01:31 [scrapy_deltafetch.middleware] INFO: Ignoring already visited: <GET https://scls.hust.edu.vn/vi/organs/person/Van-phong-Truong-11/Pham-Thi-Thu-Trang-18/>
2026-05-17 10:02:25 [scrapy.spidermiddlewares.httperror] INFO: Ignoring response <429 https://scls.hust.edu.vn/vi/organs/person/Khoa-Hoa-hoc-17/PGS-TS-Luong-Xuan-Dien-228/>: HTTP status code is not handled or not allowed
2026-05-17 10:02:27 [scrapy.spidermiddlewares.httperror] INFO: Ignoring response <429 https://scls.hust.edu.vn/vi/organs/person/Khoa-Hoa-hoc-17/PGS-TS-Huynh-Dang-Chinh-227/>: HTTP status code is not handled or not allowed
2026-05-17 10:02:28 [scrapy.spidermiddlewares.httperror] INFO: Ignoring response <429 https://scls.hust.edu.vn/vi/organs/person/Khoa-Hoa-hoc-17/ThS-Tran-Thu-Quynh-226/>: HTTP status code is not handled or not allowed
2026-05-17 10:02:28 [scrapy.extensions.logstats] INFO: Crawled 47 pages (at 47 pages/min), scraped 42 items (at 42 items/min)
2026-05-17 10:02:29 [scrapy.spidermiddlewares.httperror] INFO: Ignoring response <429 https://scls.hust.edu.vn/vi/organs/person/Khoa-Hoa-hoc-17/TS-Le-Trong-Huyen-225/>: HTTP status code is not handled or not allowed
2026-05-17 10:02:30 [scrapy.spidermiddlewares.httperror] INFO: Ignoring response <429 https://scls.hust.edu.vn/vi/organs/person/Khoa-Hoa-hoc-17/TS-Nguyen-Thi-Ha-224/>: HTTP status code is not handled or not allowed
2026-05-17 10:02:31 [scrapy.spidermiddlewares.httperror] INFO: Ignoring response <429 https://scls.hust.edu.vn/vi/organs/person/Khoa-Hoa-hoc-17/TS-Tran-Van-Anh-223/>: HTTP status code is not handled or not allowed
2026-05-17 10:02:32 [scrapy.spidermiddlewares.httperror] INFO: Ignoring response <429 https://scls.hust.edu.vn/vi/organs/person/Khoa-Hoa-hoc-17/PGS-TS-Nguyen-Van-Anh-222/>: HTTP status code is not handled or not allowed
2026-05-17 10:02:33 [scrapy.spidermiddlewares.httperror] INFO: Ignoring response <429 https://scls.hust.edu.vn/vi/organs/person/Khoa-Hoa-hoc-17/ThS-Bui-Thi-Thanh-Binh-219/>: HTTP status code is not handled or not allowed
2026-05-17 10:02:34 [scrapy.spidermiddlewares.httperror] INFO: Ignoring response <429 https://scls.hust.edu.vn/vi/organs/person/Khoa-Hoa-hoc-17/PGS-TS-Nguyen-Thi-Viet-Thanh-216/>: HTTP status code is not handled or not allowed
2026-05-17 10:02:36 [scrapy.spidermiddlewares.httperror] INFO: Ignoring response <429 https://scls.hust.edu.vn/vi/organs/person/Khoa-Hoa-hoc-17/TS-Cao-Hong-Ha-183/>: HTTP status code is not handled or not allowed
2026-05-17 10:02:37 [scrapy.spidermiddlewares.httperror] INFO: Ignoring response <429 https://scls.hust.edu.vn/vi/organs/person/Khoa-Hoa-hoc-17/TS-Giang-Thi-Phuong-Ly-182/>: HTTP status code is not handled or not allowed
2026-05-17 10:02:53 [scrapy.core.engine] INFO: Closing spider (finished)
2026-05-17 10:02:53 [scrapy.extensions.feedexport] INFO: Stored csv feed (54 items) in: f:/science_data_warehouse_repo/output/hust/scls/data/scls.csv
2026-05-17 10:02:53 [scrapy.statscollectors] INFO: Dumping Scrapy stats:
{'deltafetch/skipped': 168,
 'deltafetch/stored': 54,
 'downloader/request_bytes': 50436,
 'downloader/request_count': 67,
 'downloader/request_method_count/GET': 67,
 'downloader/response_bytes': 1014142,
 'downloader/response_count': 67,
 'downloader/response_status_count/200': 56,
 'downloader/response_status_count/429': 11,
 'elapsed_time_seconds': 85.018567,
 'feedexport/success_count/FileFeedStorage': 1,
 'finish_reason': 'finished',
 'finish_time': datetime.datetime(2026, 5, 17, 3, 2, 53, 227414, tzinfo=datetime.timezone.utc),
 'httpcompression/response_bytes': 5544457,
 'httpcompression/response_count': 67,
 'httperror/response_ignored_count': 11,
 'httperror/response_ignored_status_count/429': 11,
 'item_scraped_count': 54,
 'items_per_minute': 38.11764705882353,
 'log_count/INFO': 184,
 'request_depth_max': 1,
 'response_received_count': 67,
 'responses_per_minute': 47.29411764705882,
 'robotstxt/request_count': 1,
 'robotstxt/response_count': 1,
 'robotstxt/response_status_count/200': 1,
 'scheduler/dequeued': 66,
 'scheduler/dequeued/memory': 66,
 'scheduler/enqueued': 66,
 'scheduler/enqueued/memory': 66,
 'start_time': datetime.datetime(2026, 5, 17, 3, 1, 28, 208847, tzinfo=datetime.timezone.utc)}
2026-05-17 10:02:53 [scrapy.core.engine] INFO: Spider closed (finished)
