2026-05-17 09:55:57 [scrapy.addons] INFO: Enabled addons:
[]
2026-05-17 09:55:57 [scrapy.extensions.telnet] INFO: Telnet Password: 1e84f836fbd8cd53
2026-05-17 09:55:57 [scrapy.middleware] INFO: Enabled extensions:
['scrapy.extensions.corestats.CoreStats',
 'scrapy.extensions.logcount.LogCount',
 'scrapy.extensions.telnet.TelnetConsole',
 'scrapy.extensions.feedexport.FeedExporter',
 'scrapy.extensions.logstats.LogStats',
 'scrapy.extensions.throttle.AutoThrottle']
2026-05-17 09:55:57 [scrapy.crawler] INFO: Overridden settings:
{'AUTOTHROTTLE_ENABLED': True,
 'BOT_NAME': 'science_dwh',
 'CONCURRENT_REQUESTS': 32,
 'DOWNLOAD_DELAY': 1,
 'FEED_EXPORT_ENCODING': 'utf-8',
 'FEED_EXPORT_FIELDS': ['url',
                        'ho_ten',
                        'chuc_vu',
                        'don_vi',
                        'email',
                        'dien_thoai',
                        'nhom_chuyen_mon',
                        'dao_tao',
                        'cong_tac',
                        'giang_day',
                        'linh_vuc_nghien_cuu',
                        'dt_chu_nhiem',
                        'dt_tham_gia',
                        'dt_giai_thuong',
                        'dt_sang_che_shtt',
                        'ct_tap_chi_khoa_hoc',
                        'ct_chuong_sach',
                        'thanh_vien',
                        'to_chuc',
                        'dai_hoc',
                        'don_vi_truc_thuoc'],
 'LOG_FILE': 'f:/science_data_warehouse_repo/output/hust/scls/logs/scls_20260517_095557.log',
 'LOG_LEVEL': 'INFO',
 'NEWSPIDER_MODULE': 'science_dwh.spiders',
 'RETRY_HTTP_CODES': [500, 502, 503, 504, 408, 429, 403],
 'RETRY_TIMES': 5,
 'ROBOTSTXT_OBEY': True,
 'SPIDER_MODULES': ['science_dwh.spiders']}
2026-05-17 09:55:58 [scrapy_user_agents.user_agent_picker] WARNING: [UnsupportedBrowserType] Family: Android
2026-05-17 09:55:58 [scrapy_user_agents.user_agent_picker] WARNING: [UnsupportedDeviceType] Family: Other, Brand: None, Model: None
2026-05-17 09:55:58 [scrapy_user_agents.user_agent_picker] WARNING: [UnsupportedDeviceType] Family: Other, Brand: None, Model: None
2026-05-17 09:55:58 [scrapy_user_agents.user_agent_picker] WARNING: [UnsupportedDeviceType] Family: Other, Brand: None, Model: None
2026-05-17 09:55:58 [scrapy_user_agents.user_agent_picker] WARNING: [UnsupportedDeviceType] Family: Sony BDV13, Brand: Sony, Model: BDV13
2026-05-17 09:55:58 [scrapy_user_agents.user_agent_picker] WARNING: [UnsupportedDeviceType] Family: Nintendo DSi, Brand: Nintendo, Model: DSi
2026-05-17 09:55:58 [scrapy_user_agents.user_agent_picker] WARNING: [UnsupportedDeviceType] Family: Other, Brand: None, Model: None
2026-05-17 09:55:58 [scrapy_user_agents.user_agent_picker] WARNING: [UnsupportedBrowserType] Family: Other
2026-05-17 09:55:58 [scrapy_user_agents.user_agent_picker] WARNING: [UnsupportedDeviceType] Family: LYF F90M, Brand: LYF, Model: F90M
2026-05-17 09:55:58 [scrapy_user_agents.user_agent_picker] WARNING: [UnsupportedDeviceType] Family: Sony BDV14, Brand: Sony, Model: BDV14
2026-05-17 09:55:58 [scrapy_user_agents.user_agent_picker] WARNING: [UnsupportedDeviceType] Family: LG Web0S SmartTV, Brand: LG, Model: Web0S SmartTV
2026-05-17 09:55:58 [scrapy_user_agents.user_agent_picker] WARNING: [UnsupportedDeviceType] Family: Other, Brand: None, Model: None
2026-05-17 09:55:58 [scrapy_user_agents.user_agent_picker] WARNING: [UnsupportedDeviceType] Family: Other, Brand: None, Model: None
2026-05-17 09:55:58 [scrapy_user_agents.user_agent_picker] WARNING: [UnsupportedDeviceType] Family: Other, Brand: None, Model: None
2026-05-17 09:55:58 [scrapy_user_agents.user_agent_picker] WARNING: [UnsupportedDeviceType] Family: Other, Brand: None, Model: None
2026-05-17 09:55:58 [scrapy_user_agents.user_agent_picker] WARNING: [UnsupportedDeviceType] Family: Other, Brand: None, Model: None
2026-05-17 09:55:58 [scrapy_user_agents.user_agent_picker] WARNING: [UnsupportedDeviceType] Family: Other, Brand: None, Model: None
2026-05-17 09:55:58 [scrapy_user_agents.user_agent_picker] WARNING: [UnsupportedDeviceType] Family: Other, Brand: None, Model: None
2026-05-17 09:55:58 [scrapy_user_agents.user_agent_picker] WARNING: [UnsupportedDeviceType] Family: Sony BDV11, Brand: Sony, Model: BDV11
2026-05-17 09:55:58 [scrapy_user_agents.user_agent_picker] WARNING: [UnsupportedDeviceType] Family: Other, Brand: None, Model: None
2026-05-17 09:55:59 [scrapy_user_agents.user_agent_picker] WARNING: [UnsupportedDeviceType] Family: Other, Brand: None, Model: None
2026-05-17 09:55:59 [scrapy_user_agents.user_agent_picker] WARNING: [UnsupportedDeviceType] Family: Other, Brand: None, Model: None
2026-05-17 09:55:59 [scrapy_user_agents.user_agent_picker] WARNING: [UnsupportedDeviceType] Family: Other, Brand: None, Model: None
2026-05-17 09:55:59 [scrapy_user_agents.user_agent_picker] WARNING: [UnsupportedDeviceType] Family: Nintendo DSi, Brand: Nintendo, Model: DSi
2026-05-17 09:55:59 [scrapy_user_agents.user_agent_picker] WARNING: [UnsupportedDeviceType] Family: LYF LF-2403N, Brand: LYF, Model: LF-2403N
2026-05-17 09:55:59 [scrapy_user_agents.user_agent_picker] WARNING: [UnsupportedDeviceType] Family: LYF F90M, Brand: LYF, Model: F90M
2026-05-17 09:55:59 [scrapy_user_agents.user_agent_picker] WARNING: [UnsupportedDeviceType] Family: Other, Brand: None, Model: None
2026-05-17 09:55:59 [scrapy_user_agents.user_agent_picker] WARNING: [UnsupportedDeviceType] Family: Other, Brand: None, Model: None
2026-05-17 09:55:59 [scrapy_user_agents.user_agent_picker] WARNING: [UnsupportedBrowserType] Family: Applebot
2026-05-17 09:55:59 [scrapy_user_agents.user_agent_picker] WARNING: [UnsupportedDeviceType] Family: Other, Brand: None, Model: None
2026-05-17 09:55:59 [scrapy_user_agents.user_agent_picker] WARNING: [UnsupportedBrowserType] Family: Applebot
2026-05-17 09:55:59 [scrapy_user_agents.user_agent_picker] WARNING: [UnsupportedBrowserType] Family: Other
2026-05-17 09:55:59 [scrapy_user_agents.user_agent_picker] WARNING: [UnsupportedBrowserType] Family: Other
2026-05-17 09:55:59 [scrapy_user_agents.user_agent_picker] WARNING: [UnsupportedBrowserType] Family: PhantomJS
2026-05-17 09:55:59 [scrapy_user_agents.user_agent_picker] WARNING: [UnsupportedBrowserType] Family: SMTBot
2026-05-17 09:55:59 [scrapy_user_agents.user_agent_picker] WARNING: [UnsupportedBrowserType] Family: PhantomJS
2026-05-17 09:55:59 [scrapy_user_agents.user_agent_picker] WARNING: [UnsupportedBrowserType] Family: PhantomJS
2026-05-17 09:55:59 [scrapy_user_agents.user_agent_picker] WARNING: [UnsupportedBrowserType] Family: WebKit Nightly
2026-05-17 09:55:59 [scrapy_user_agents.user_agent_picker] WARNING: [UnsupportedBrowserType] Family: PhantomJS
2026-05-17 09:55:59 [scrapy_user_agents.user_agent_picker] WARNING: [UnsupportedDeviceType] Family: Other, Brand: None, Model: None
2026-05-17 09:56:00 [scrapy_user_agents.user_agent_picker] WARNING: [UnsupportedBrowserType] Family: PhantomJS
2026-05-17 09:56:00 [scrapy_user_agents.user_agent_picker] WARNING: [UnsupportedBrowserType] Family: PhantomJS
2026-05-17 09:56:00 [scrapy_user_agents.user_agent_picker] WARNING: [UnsupportedBrowserType] Family: Robot
2026-05-17 09:56:00 [scrapy_user_agents.user_agent_picker] WARNING: [UnsupportedDeviceType] Family: Other, Brand: None, Model: None
2026-05-17 09:56:00 [scrapy_user_agents.user_agent_picker] WARNING: [UnsupportedBrowserType] Family: Zune
2026-05-17 09:56:00 [scrapy.middleware] INFO: Enabled downloader middlewares:
['scrapy.downloadermiddlewares.offsite.OffsiteMiddleware',
 'scrapy.downloadermiddlewares.robotstxt.RobotsTxtMiddleware',
 'scrapy.downloadermiddlewares.httpauth.HttpAuthMiddleware',
 'scrapy.downloadermiddlewares.downloadtimeout.DownloadTimeoutMiddleware',
 'scrapy.downloadermiddlewares.defaultheaders.DefaultHeadersMiddleware',
 'scrapy_user_agents.middlewares.RandomUserAgentMiddleware',
 'scrapy.downloadermiddlewares.redirect.MetaRefreshMiddleware',
 'scrapy.downloadermiddlewares.httpcompression.HttpCompressionMiddleware',
 'scrapy.downloadermiddlewares.redirect.RedirectMiddleware',
 'scrapy.downloadermiddlewares.cookies.CookiesMiddleware',
 'scrapy.downloadermiddlewares.httpproxy.HttpProxyMiddleware',
 'scrapy.downloadermiddlewares.stats.DownloaderStats']
2026-05-17 09:56:00 [scrapy.middleware] INFO: Enabled spider middlewares:
['scrapy.spidermiddlewares.start.StartSpiderMiddleware',
 'scrapy.spidermiddlewares.httperror.HttpErrorMiddleware',
 'scrapy_deltafetch.DeltaFetch',
 'science_dwh.middlewares.ScienceDwhSpiderMiddleware',
 'scrapy.spidermiddlewares.referer.RefererMiddleware',
 'scrapy.spidermiddlewares.urllength.UrlLengthMiddleware',
 'scrapy.spidermiddlewares.depth.DepthMiddleware']
2026-05-17 09:56:00 [scrapy.core.spidermw] WARNING: Middleware scrapy_deltafetch.middleware.DeltaFetch doesn't support asynchronous spider output, this is deprecated and will stop working in a future version of Scrapy. The middleware should be updated to support it. Please see https://docs.scrapy.org/en/latest/topics/coroutines.html#for-middleware-users for more information.
2026-05-17 09:56:00 [scrapy.core.spidermw] WARNING: Middleware science_dwh.middlewares.ScienceDwhSpiderMiddleware doesn't support asynchronous spider output, this is deprecated and will stop working in a future version of Scrapy. The middleware should be updated to support it. Please see https://docs.scrapy.org/en/latest/topics/coroutines.html#for-middleware-users for more information.
2026-05-17 09:56:00 [scrapy.middleware] INFO: Enabled item pipelines:
['science_dwh.pipelines.ScienceDwhPipeline']
2026-05-17 09:56:00 [scrapy.core.engine] INFO: Spider opened
2026-05-17 09:56:00 [scrapy.extensions.logstats] INFO: Crawled 0 pages (at 0 pages/min), scraped 0 items (at 0 items/min)
2026-05-17 09:56:00 [scls_spider] INFO: Spider opened: scls_spider
2026-05-17 09:56:00 [scrapy.extensions.telnet] INFO: Telnet console listening on 127.0.0.1:6024
2026-05-17 09:57:00 [scrapy.extensions.logstats] INFO: Crawled 44 pages (at 44 pages/min), scraped 42 items (at 42 items/min)
2026-05-17 09:57:23 [scrapy.spidermiddlewares.httperror] INFO: Ignoring response <429 https://scls.hust.edu.vn/vi/organs/person/Trung-tam-Ky-thuat-20/ThS-Tong-Thi-Hoang-Duong-201/>: HTTP status code is not handled or not allowed
2026-05-17 09:57:23 [scrapy.spidermiddlewares.httperror] INFO: Ignoring response <429 https://scls.hust.edu.vn/vi/organs/person/Trung-tam-Ky-thuat-20/TS-Nguyen-Thi-Tuyet-Mai-200/>: HTTP status code is not handled or not allowed
2026-05-17 09:57:25 [scrapy.spidermiddlewares.httperror] INFO: Ignoring response <429 https://scls.hust.edu.vn/vi/organs/person/Trung-tam-Ky-thuat-20/CN-Tran-Thi-Thu-Huyen-199/>: HTTP status code is not handled or not allowed
2026-05-17 09:57:26 [scrapy.spidermiddlewares.httperror] INFO: Ignoring response <429 https://scls.hust.edu.vn/vi/organs/person/Trung-tam-Ky-thuat-20/Bui-Doan-Huan-198/>: HTTP status code is not handled or not allowed
2026-05-17 09:57:27 [scrapy.spidermiddlewares.httperror] INFO: Ignoring response <429 https://scls.hust.edu.vn/vi/organs/person/Trung-tam-Ky-thuat-20/Phi-Thi-Thuy-Hong-197/>: HTTP status code is not handled or not allowed
2026-05-17 09:57:29 [scrapy.spidermiddlewares.httperror] INFO: Ignoring response <429 https://scls.hust.edu.vn/vi/organs/person/Trung-tam-Ky-thuat-20/Do-Hong-Quan-196/>: HTTP status code is not handled or not allowed
2026-05-17 09:57:30 [scrapy.spidermiddlewares.httperror] INFO: Ignoring response <429 https://scls.hust.edu.vn/vi/organs/person/Khoa-Ky-thuat-Sinh-hoc-15/TS-Do-Bien-Cuong-115/>: HTTP status code is not handled or not allowed
2026-05-17 09:57:31 [scrapy.spidermiddlewares.httperror] INFO: Ignoring response <429 https://scls.hust.edu.vn/vi/organs/person/Khoa-Ky-thuat-Sinh-hoc-15/PGS-TS-Truong-Quoc-Phong-14/>: HTTP status code is not handled or not allowed
2026-05-17 09:58:00 [scrapy.extensions.logstats] INFO: Crawled 91 pages (at 47 pages/min), scraped 81 items (at 39 items/min)
2026-05-17 09:58:00 [scrapy.extensions.logstats] INFO: Crawled 91 pages (at 0 pages/min), scraped 81 items (at 0 items/min)
2026-05-17 09:58:00 [scrapy.extensions.logstats] INFO: Crawled 91 pages (at 0 pages/min), scraped 81 items (at 0 items/min)
2026-05-17 09:58:22 [scrapy.spidermiddlewares.httperror] INFO: Ignoring response <429 https://scls.hust.edu.vn/vi/organs/person/Khoa-KH-CN-Moi-Truong-19/ThS-Tran-Ngoc-Tan-91/>: HTTP status code is not handled or not allowed
2026-05-17 09:58:23 [scrapy.spidermiddlewares.httperror] INFO: Ignoring response <429 https://scls.hust.edu.vn/vi/organs/person/Khoa-KH-CN-Moi-Truong-19/TS-Tran-Le-Minh-90/>: HTTP status code is not handled or not allowed
2026-05-17 09:58:24 [scrapy.spidermiddlewares.httperror] INFO: Ignoring response <429 https://scls.hust.edu.vn/vi/organs/person/Khoa-KH-CN-Moi-Truong-19/ThS-Ton-Thu-Giang-89/>: HTTP status code is not handled or not allowed
2026-05-17 09:58:25 [scrapy.spidermiddlewares.httperror] INFO: Ignoring response <429 https://scls.hust.edu.vn/vi/organs/person/Khoa-KH-CN-Moi-Truong-19/ThS-Pham-Thu-Phuong-88/>: HTTP status code is not handled or not allowed
2026-05-17 09:58:26 [scrapy.spidermiddlewares.httperror] INFO: Ignoring response <429 https://scls.hust.edu.vn/vi/organs/person/Khoa-KH-CN-Moi-Truong-19/ThS-Nguyen-Thuy-Nga-87/>: HTTP status code is not handled or not allowed
2026-05-17 09:58:27 [scrapy.spidermiddlewares.httperror] INFO: Ignoring response <429 https://scls.hust.edu.vn/vi/organs/person/Khoa-KH-CN-Moi-Truong-19/TS-Nguyen-Thuy-Chung-86/>: HTTP status code is not handled or not allowed
2026-05-17 09:58:28 [scrapy.spidermiddlewares.httperror] INFO: Ignoring response <429 https://scls.hust.edu.vn/vi/organs/person/Khoa-KH-CN-Moi-Truong-19/TS-Nguyen-Thi-Thu-Huong-85/>: HTTP status code is not handled or not allowed
2026-05-17 09:58:29 [scrapy.spidermiddlewares.httperror] INFO: Ignoring response <429 https://scls.hust.edu.vn/vi/organs/person/Khoa-KH-CN-Moi-Truong-19/TS-Nguyen-Thi-Lan-Phuong-83/>: HTTP status code is not handled or not allowed
2026-05-17 09:58:31 [scrapy.spidermiddlewares.httperror] INFO: Ignoring response <429 https://scls.hust.edu.vn/vi/organs/person/Khoa-KH-CN-Moi-Truong-19/KS-Nguyen-Le-Hang-107/>: HTTP status code is not handled or not allowed
2026-05-17 09:58:32 [scrapy.spidermiddlewares.httperror] INFO: Ignoring response <429 https://scls.hust.edu.vn/vi/organs/person/Khoa-KH-CN-Moi-Truong-19/TS-Nguyen-Pham-Hong-Lien-81/>: HTTP status code is not handled or not allowed
2026-05-17 09:59:00 [scrapy.extensions.logstats] INFO: Crawled 141 pages (at 50 pages/min), scraped 121 items (at 40 items/min)
2026-05-17 09:59:23 [scrapy.spidermiddlewares.httperror] INFO: Ignoring response <429 https://scls.hust.edu.vn/vi/organs/person/Khoa-Ky-thuat-Hoa-hoc-16/TS-Dang-Thi-Tuyet-Ngan-58/>: HTTP status code is not handled or not allowed
2026-05-17 09:59:25 [scrapy.spidermiddlewares.httperror] INFO: Ignoring response <429 https://scls.hust.edu.vn/vi/organs/person/Khoa-Ky-thuat-Hoa-hoc-16/TS-Cao-Thi-Mai-Duyen-57/>: HTTP status code is not handled or not allowed
2026-05-17 09:59:26 [scrapy.spidermiddlewares.httperror] INFO: Ignoring response <429 https://scls.hust.edu.vn/vi/organs/person/Khoa-Ky-thuat-Hoa-hoc-16/PGS-TS-Phan-Huy-Hoang-56/>: HTTP status code is not handled or not allowed
2026-05-17 09:59:27 [scrapy.spidermiddlewares.httperror] INFO: Ignoring response <429 https://scls.hust.edu.vn/vi/organs/person/Khoa-Ky-thuat-Hoa-hoc-16/PGS-TS-Dang-Viet-Hung-55/>: HTTP status code is not handled or not allowed
2026-05-17 09:59:28 [scrapy.spidermiddlewares.httperror] INFO: Ignoring response <429 https://scls.hust.edu.vn/vi/organs/person/Khoa-Ky-thuat-Hoa-hoc-16/TS-Nguyen-Hoang-Chung-54/>: HTTP status code is not handled or not allowed
2026-05-17 09:59:29 [scrapy.spidermiddlewares.httperror] INFO: Ignoring response <429 https://scls.hust.edu.vn/vi/organs/person/Khoa-Ky-thuat-Hoa-hoc-16/TS-Thai-Dinh-Cuong-53/>: HTTP status code is not handled or not allowed
2026-05-17 09:59:30 [scrapy.spidermiddlewares.httperror] INFO: Ignoring response <429 https://scls.hust.edu.vn/vi/organs/person/Khoa-Ky-thuat-Hoa-hoc-16/PGS-TS-Le-Quang-Dien-52/>: HTTP status code is not handled or not allowed
2026-05-17 09:59:32 [scrapy.spidermiddlewares.httperror] INFO: Ignoring response <429 https://scls.hust.edu.vn/vi/organs/person/Khoa-Ky-thuat-Hoa-hoc-16/TS-Nguyen-Thi-Minh-Phuong-51/>: HTTP status code is not handled or not allowed
2026-05-17 09:59:33 [scrapy.spidermiddlewares.httperror] INFO: Ignoring response <429 https://scls.hust.edu.vn/vi/organs/person/Khoa-Ky-thuat-Hoa-hoc-16/TS-Nguyen-Tuan-Anh-50/>: HTTP status code is not handled or not allowed
2026-05-17 09:59:42 [scrapy.spidermiddlewares.httperror] INFO: Ignoring response <429 https://scls.hust.edu.vn/vi/organs/person/Khoa-Ky-thuat-Hoa-hoc-16/TS-Chu-Thi-Hai-Nam-42/>: HTTP status code is not handled or not allowed
2026-05-17 09:59:44 [scrapy.spidermiddlewares.httperror] INFO: Ignoring response <429 https://scls.hust.edu.vn/vi/organs/person/Khoa-Ky-thuat-Hoa-hoc-16/ThS-Dang-Viet-Anh-Dung-41/>: HTTP status code is not handled or not allowed
2026-05-17 09:59:45 [scrapy.spidermiddlewares.httperror] INFO: Ignoring response <429 https://scls.hust.edu.vn/vi/organs/person/Khoa-Ky-thuat-Hoa-hoc-16/TS-Nguyen-Thi-Thu-Huyen-34/>: HTTP status code is not handled or not allowed
2026-05-17 09:59:46 [scrapy.spidermiddlewares.httperror] INFO: Ignoring response <429 https://scls.hust.edu.vn/vi/organs/person/Khoa-Ky-thuat-Hoa-hoc-16/TS-Nguyen-Anh-Vu-39/>: HTTP status code is not handled or not allowed
2026-05-17 09:59:48 [scrapy.spidermiddlewares.httperror] INFO: Ignoring response <429 https://scls.hust.edu.vn/vi/organs/person/Khoa-Ky-thuat-Hoa-hoc-16/PGS-TS-Pham-Thanh-Huyen-40/>: HTTP status code is not handled or not allowed
2026-05-17 09:59:49 [scrapy.spidermiddlewares.httperror] INFO: Ignoring response <429 https://scls.hust.edu.vn/vi/organs/person/Khoa-Ky-thuat-Hoa-hoc-16/PGS-TS-Le-Thi-Thu-Hang-35/>: HTTP status code is not handled or not allowed
2026-05-17 09:59:50 [scrapy.spidermiddlewares.httperror] INFO: Ignoring response <429 https://scls.hust.edu.vn/vi/organs/person/Khoa-Ky-thuat-Hoa-hoc-16/TS-Ho-Duc-Cuong-45/>: HTTP status code is not handled or not allowed
2026-05-17 09:59:51 [scrapy.spidermiddlewares.httperror] INFO: Ignoring response <429 https://scls.hust.edu.vn/vi/organs/person/Khoa-Ky-thuat-Hoa-hoc-16/TS-Nguyen-Duong-Dinh-73/>: HTTP status code is not handled or not allowed
2026-05-17 09:59:52 [scrapy.spidermiddlewares.httperror] INFO: Ignoring response <429 https://scls.hust.edu.vn/vi/organs/person/Khoa-Ky-thuat-Hoa-hoc-16/TS-Nguyen-Dang-Binh-Thanh-67/>: HTTP status code is not handled or not allowed
2026-05-17 09:59:53 [scrapy.spidermiddlewares.httperror] INFO: Ignoring response <429 https://scls.hust.edu.vn/vi/organs/person/Khoa-Ky-thuat-Hoa-hoc-16/PGS-TS-Phan-Thi-To-Nga-38/>: HTTP status code is not handled or not allowed
2026-05-17 09:59:55 [scrapy.spidermiddlewares.httperror] INFO: Ignoring response <429 https://scls.hust.edu.vn/vi/organs/person/Khoa-Ky-thuat-Hoa-hoc-16/PGS-TS-Dang-Trung-Dung-13/>: HTTP status code is not handled or not allowed
2026-05-17 09:59:56 [scrapy.spidermiddlewares.httperror] INFO: Ignoring response <429 https://scls.hust.edu.vn/vi/organs/person/Khoa-Hoa-hoc-17/PGS-TS-Nguyen-Thi-Thu-Ha-252/>: HTTP status code is not handled or not allowed
2026-05-17 09:59:57 [scrapy.spidermiddlewares.httperror] INFO: Ignoring response <429 https://scls.hust.edu.vn/vi/organs/person/Khoa-Hoa-hoc-17/PGS-TS-Chu-Dinh-Binh-245/>: HTTP status code is not handled or not allowed
2026-05-17 09:59:59 [scrapy.spidermiddlewares.httperror] INFO: Ignoring response <429 https://scls.hust.edu.vn/vi/organs/person/Khoa-Hoa-hoc-17/TS-Nguyen-Thi-Thuy-Nga-230/>: HTTP status code is not handled or not allowed
2026-05-17 10:00:00 [scrapy.extensions.logstats] INFO: Crawled 190 pages (at 49 pages/min), scraped 146 items (at 25 items/min)
2026-05-17 10:00:00 [scrapy.spidermiddlewares.httperror] INFO: Ignoring response <429 https://scls.hust.edu.vn/vi/organs/person/Khoa-Hoa-hoc-17/TS-Dang-Thi-Minh-Hue-229/>: HTTP status code is not handled or not allowed
2026-05-17 10:00:01 [scrapy.spidermiddlewares.httperror] INFO: Ignoring response <429 https://scls.hust.edu.vn/vi/organs/person/Khoa-Hoa-hoc-17/PGS-TS-Luong-Xuan-Dien-228/>: HTTP status code is not handled or not allowed
2026-05-17 10:00:03 [scrapy.spidermiddlewares.httperror] INFO: Ignoring response <429 https://scls.hust.edu.vn/vi/organs/person/Khoa-Hoa-hoc-17/PGS-TS-Huynh-Dang-Chinh-227/>: HTTP status code is not handled or not allowed
2026-05-17 10:00:04 [scrapy.spidermiddlewares.httperror] INFO: Ignoring response <429 https://scls.hust.edu.vn/vi/organs/person/Khoa-Hoa-hoc-17/ThS-Tran-Thu-Quynh-226/>: HTTP status code is not handled or not allowed
2026-05-17 10:00:06 [scrapy.spidermiddlewares.httperror] INFO: Ignoring response <429 https://scls.hust.edu.vn/vi/organs/person/Khoa-Hoa-hoc-17/TS-Le-Trong-Huyen-225/>: HTTP status code is not handled or not allowed
2026-05-17 10:00:07 [scrapy.spidermiddlewares.httperror] INFO: Ignoring response <429 https://scls.hust.edu.vn/vi/organs/person/Khoa-Hoa-hoc-17/TS-Nguyen-Thi-Ha-224/>: HTTP status code is not handled or not allowed
2026-05-17 10:00:08 [scrapy.spidermiddlewares.httperror] INFO: Ignoring response <429 https://scls.hust.edu.vn/vi/organs/person/Khoa-Hoa-hoc-17/TS-Tran-Van-Anh-223/>: HTTP status code is not handled or not allowed
2026-05-17 10:00:09 [scrapy.spidermiddlewares.httperror] INFO: Ignoring response <429 https://scls.hust.edu.vn/vi/organs/person/Khoa-Hoa-hoc-17/PGS-TS-Nguyen-Van-Anh-222/>: HTTP status code is not handled or not allowed
2026-05-17 10:00:11 [scrapy.spidermiddlewares.httperror] INFO: Ignoring response <429 https://scls.hust.edu.vn/vi/organs/person/Khoa-Hoa-hoc-17/ThS-Bui-Thi-Thanh-Binh-219/>: HTTP status code is not handled or not allowed
2026-05-17 10:00:12 [scrapy.spidermiddlewares.httperror] INFO: Ignoring response <429 https://scls.hust.edu.vn/vi/organs/person/Khoa-Hoa-hoc-17/PGS-TS-Nguyen-Thi-Viet-Thanh-216/>: HTTP status code is not handled or not allowed
2026-05-17 10:00:13 [scrapy.spidermiddlewares.httperror] INFO: Ignoring response <429 https://scls.hust.edu.vn/vi/organs/person/Khoa-Hoa-hoc-17/TS-Cao-Hong-Ha-183/>: HTTP status code is not handled or not allowed
2026-05-17 10:00:15 [scrapy.spidermiddlewares.httperror] INFO: Ignoring response <429 https://scls.hust.edu.vn/vi/organs/person/Khoa-Hoa-hoc-17/TS-Giang-Thi-Phuong-Ly-182/>: HTTP status code is not handled or not allowed
2026-05-17 10:00:16 [scrapy.spidermiddlewares.httperror] INFO: Ignoring response <429 https://scls.hust.edu.vn/vi/organs/person/Khoa-Hoa-hoc-17/PGS-TS-Tran-Thi-Thuy-181/>: HTTP status code is not handled or not allowed
2026-05-17 10:00:17 [scrapy.spidermiddlewares.httperror] INFO: Ignoring response <429 https://scls.hust.edu.vn/vi/organs/person/Khoa-Hoa-hoc-17/TS-Dang-Thanh-Tung-180/>: HTTP status code is not handled or not allowed
2026-05-17 10:00:19 [scrapy.spidermiddlewares.httperror] INFO: Ignoring response <429 https://scls.hust.edu.vn/vi/organs/person/Khoa-Hoa-hoc-17/GS-TS-Nguyen-Kim-Nga-179/>: HTTP status code is not handled or not allowed
2026-05-17 10:00:20 [scrapy.spidermiddlewares.httperror] INFO: Ignoring response <429 https://scls.hust.edu.vn/vi/organs/person/Khoa-Hoa-hoc-17/TS-Nguyen-Duc-Trung-178/>: HTTP status code is not handled or not allowed
2026-05-17 10:00:22 [scrapy.spidermiddlewares.httperror] INFO: Ignoring response <429 https://scls.hust.edu.vn/vi/organs/person/Khoa-Hoa-hoc-17/PGS-TS-Nguyen-Thu-Ha-23/>: HTTP status code is not handled or not allowed
2026-05-17 10:00:23 [scrapy.spidermiddlewares.httperror] INFO: Ignoring response <429 https://scls.hust.edu.vn/vi/organs/person/Khoa-Hoa-hoc-17/PGS-TS-Tran-Vinh-Hoang-162/>: HTTP status code is not handled or not allowed
2026-05-17 10:00:25 [scrapy.spidermiddlewares.httperror] INFO: Ignoring response <429 https://scls.hust.edu.vn/vi/organs/person/Khoa-Hoa-hoc-17/TS-Nguyen-Ngoc-Thinh-161/>: HTTP status code is not handled or not allowed
2026-05-17 10:00:26 [scrapy.spidermiddlewares.httperror] INFO: Ignoring response <429 https://scls.hust.edu.vn/vi/organs/person/Khoa-Hoa-hoc-17/TS-Tran-Thi-Thu-Huyen-160/>: HTTP status code is not handled or not allowed
2026-05-17 10:00:27 [scrapy.spidermiddlewares.httperror] INFO: Ignoring response <429 https://scls.hust.edu.vn/vi/organs/person/Khoa-Hoa-hoc-17/PGS-TS-Tran-Thi-Luyen-159/>: HTTP status code is not handled or not allowed
2026-05-17 10:00:28 [scrapy.spidermiddlewares.httperror] INFO: Ignoring response <429 https://scls.hust.edu.vn/vi/organs/person/Khoa-Hoa-hoc-17/TS-Nguyen-Thi-Lan-158/>: HTTP status code is not handled or not allowed
2026-05-17 10:00:30 [scrapy.spidermiddlewares.httperror] INFO: Ignoring response <429 https://scls.hust.edu.vn/vi/organs/person/Khoa-Hoa-hoc-17/TS-Le-Huyen-Tram-156/>: HTTP status code is not handled or not allowed
2026-05-17 10:00:30 [scrapy.spidermiddlewares.httperror] INFO: Ignoring response <429 https://scls.hust.edu.vn/vi/organs/person/Khoa-Hoa-hoc-17/TS-Le-Van-Duong-155/>: HTTP status code is not handled or not allowed
2026-05-17 10:00:58 [scrapy.core.engine] INFO: Closing spider (finished)
2026-05-17 10:00:58 [scrapy.extensions.feedexport] INFO: Stored csv feed (168 items) in: f:/science_data_warehouse_repo/output/hust/scls/data/scls.csv
2026-05-17 10:00:58 [scrapy.statscollectors] INFO: Dumping Scrapy stats:
{'deltafetch/stored': 168,
 'downloader/request_bytes': 178836,
 'downloader/request_count': 235,
 'downloader/request_method_count/GET': 235,
 'downloader/response_bytes': 3027557,
 'downloader/response_count': 235,
 'downloader/response_status_count/200': 170,
 'downloader/response_status_count/429': 65,
 'elapsed_time_seconds': 297.999692,
 'feedexport/success_count/FileFeedStorage': 1,
 'finish_reason': 'finished',
 'finish_time': datetime.datetime(2026, 5, 17, 3, 0, 58, 290493, tzinfo=datetime.timezone.utc),
 'httpcompression/response_bytes': 15384094,
 'httpcompression/response_count': 235,
 'httperror/response_ignored_count': 65,
 'httperror/response_ignored_status_count/429': 65,
 'item_scraped_count': 168,
 'items_per_minute': 33.93939393939394,
 'log_count/INFO': 75,
 'request_depth_max': 1,
 'response_received_count': 235,
 'responses_per_minute': 47.474747474747474,
 'robotstxt/request_count': 1,
 'robotstxt/response_count': 1,
 'robotstxt/response_status_count/200': 1,
 'scheduler/dequeued': 234,
 'scheduler/dequeued/memory': 234,
 'scheduler/enqueued': 234,
 'scheduler/enqueued/memory': 234,
 'start_time': datetime.datetime(2026, 5, 17, 2, 56, 0, 290801, tzinfo=datetime.timezone.utc)}
2026-05-17 10:00:58 [scrapy.core.engine] INFO: Spider closed (finished)
