2026-05-28 10:43:15 [scrapy.addons] INFO: Enabled addons:
[]
2026-05-28 10:43:15 [scrapy.extensions.telnet] INFO: Telnet Password: ee18266d08955c17
2026-05-28 10:43:15 [scrapy.middleware] INFO: Enabled extensions:
['scrapy.extensions.corestats.CoreStats',
 'scrapy.extensions.logcount.LogCount',
 'scrapy.extensions.telnet.TelnetConsole',
 'scrapy.extensions.feedexport.FeedExporter',
 'scrapy.extensions.logstats.LogStats',
 'scrapy.extensions.throttle.AutoThrottle']
2026-05-28 10:43:15 [scrapy.crawler] INFO: Overridden settings:
{'AUTOTHROTTLE_ENABLED': True,
 'BOT_NAME': 'science_dwh',
 'CONCURRENT_REQUESTS': 32,
 'DOWNLOAD_DELAY': 1,
 'FEED_EXPORT_ENCODING': 'utf-8',
 'FEED_EXPORT_FIELDS': ['url',
                        'avt_url',
                        'ho_ten',
                        'chuc_vu',
                        'chuc_danh_kiem_nhiem',
                        'don_vi',
                        'email',
                        'nhom_chuyen_mon',
                        'dai_hoc',
                        'don_vi_truc_thuoc',
                        'html_text',
                        'thong_tin_khong_cong_bo',
                        'is_extracted',
                        'is_checked'],
 'LOG_FILE': 'f:/science_data_warehouse_repo/output/hust/sme/logs/sme_20260528_104314.log',
 'LOG_LEVEL': 'INFO',
 'NEWSPIDER_MODULE': 'science_dwh.spiders',
 'RETRY_HTTP_CODES': [500, 502, 503, 504, 408, 429, 403],
 'RETRY_TIMES': 5,
 'ROBOTSTXT_OBEY': True,
 'SPIDER_MODULES': ['science_dwh.spiders']}
2026-05-28 10:43:15 [scrapy_user_agents.user_agent_picker] WARNING: [UnsupportedBrowserType] Family: Android
2026-05-28 10:43:15 [scrapy_user_agents.user_agent_picker] WARNING: [UnsupportedDeviceType] Family: Other, Brand: None, Model: None
2026-05-28 10:43:15 [scrapy_user_agents.user_agent_picker] WARNING: [UnsupportedDeviceType] Family: Other, Brand: None, Model: None
2026-05-28 10:43:15 [scrapy_user_agents.user_agent_picker] WARNING: [UnsupportedDeviceType] Family: Other, Brand: None, Model: None
2026-05-28 10:43:15 [scrapy_user_agents.user_agent_picker] WARNING: [UnsupportedDeviceType] Family: Sony BDV13, Brand: Sony, Model: BDV13
2026-05-28 10:43:15 [scrapy_user_agents.user_agent_picker] WARNING: [UnsupportedDeviceType] Family: Nintendo DSi, Brand: Nintendo, Model: DSi
2026-05-28 10:43:15 [scrapy_user_agents.user_agent_picker] WARNING: [UnsupportedDeviceType] Family: Other, Brand: None, Model: None
2026-05-28 10:43:15 [scrapy_user_agents.user_agent_picker] WARNING: [UnsupportedBrowserType] Family: Other
2026-05-28 10:43:15 [scrapy_user_agents.user_agent_picker] WARNING: [UnsupportedDeviceType] Family: LYF F90M, Brand: LYF, Model: F90M
2026-05-28 10:43:15 [scrapy_user_agents.user_agent_picker] WARNING: [UnsupportedDeviceType] Family: Sony BDV14, Brand: Sony, Model: BDV14
2026-05-28 10:43:15 [scrapy_user_agents.user_agent_picker] WARNING: [UnsupportedDeviceType] Family: LG Web0S SmartTV, Brand: LG, Model: Web0S SmartTV
2026-05-28 10:43:15 [scrapy_user_agents.user_agent_picker] WARNING: [UnsupportedDeviceType] Family: Other, Brand: None, Model: None
2026-05-28 10:43:16 [scrapy_user_agents.user_agent_picker] WARNING: [UnsupportedDeviceType] Family: Other, Brand: None, Model: None
2026-05-28 10:43:16 [scrapy_user_agents.user_agent_picker] WARNING: [UnsupportedDeviceType] Family: Other, Brand: None, Model: None
2026-05-28 10:43:16 [scrapy_user_agents.user_agent_picker] WARNING: [UnsupportedDeviceType] Family: Other, Brand: None, Model: None
2026-05-28 10:43:16 [scrapy_user_agents.user_agent_picker] WARNING: [UnsupportedDeviceType] Family: Other, Brand: None, Model: None
2026-05-28 10:43:16 [scrapy_user_agents.user_agent_picker] WARNING: [UnsupportedDeviceType] Family: Other, Brand: None, Model: None
2026-05-28 10:43:16 [scrapy_user_agents.user_agent_picker] WARNING: [UnsupportedDeviceType] Family: Other, Brand: None, Model: None
2026-05-28 10:43:16 [scrapy_user_agents.user_agent_picker] WARNING: [UnsupportedDeviceType] Family: Sony BDV11, Brand: Sony, Model: BDV11
2026-05-28 10:43:16 [scrapy_user_agents.user_agent_picker] WARNING: [UnsupportedDeviceType] Family: Other, Brand: None, Model: None
2026-05-28 10:43:16 [scrapy_user_agents.user_agent_picker] WARNING: [UnsupportedDeviceType] Family: Other, Brand: None, Model: None
2026-05-28 10:43:16 [scrapy_user_agents.user_agent_picker] WARNING: [UnsupportedDeviceType] Family: Other, Brand: None, Model: None
2026-05-28 10:43:16 [scrapy_user_agents.user_agent_picker] WARNING: [UnsupportedDeviceType] Family: Other, Brand: None, Model: None
2026-05-28 10:43:16 [scrapy_user_agents.user_agent_picker] WARNING: [UnsupportedDeviceType] Family: Nintendo DSi, Brand: Nintendo, Model: DSi
2026-05-28 10:43:16 [scrapy_user_agents.user_agent_picker] WARNING: [UnsupportedDeviceType] Family: LYF LF-2403N, Brand: LYF, Model: LF-2403N
2026-05-28 10:43:16 [scrapy_user_agents.user_agent_picker] WARNING: [UnsupportedDeviceType] Family: LYF F90M, Brand: LYF, Model: F90M
2026-05-28 10:43:16 [scrapy_user_agents.user_agent_picker] WARNING: [UnsupportedDeviceType] Family: Other, Brand: None, Model: None
2026-05-28 10:43:16 [scrapy_user_agents.user_agent_picker] WARNING: [UnsupportedDeviceType] Family: Other, Brand: None, Model: None
2026-05-28 10:43:16 [scrapy_user_agents.user_agent_picker] WARNING: [UnsupportedBrowserType] Family: Applebot
2026-05-28 10:43:16 [scrapy_user_agents.user_agent_picker] WARNING: [UnsupportedDeviceType] Family: Other, Brand: None, Model: None
2026-05-28 10:43:16 [scrapy_user_agents.user_agent_picker] WARNING: [UnsupportedBrowserType] Family: Applebot
2026-05-28 10:43:16 [scrapy_user_agents.user_agent_picker] WARNING: [UnsupportedBrowserType] Family: Other
2026-05-28 10:43:16 [scrapy_user_agents.user_agent_picker] WARNING: [UnsupportedBrowserType] Family: Other
2026-05-28 10:43:16 [scrapy_user_agents.user_agent_picker] WARNING: [UnsupportedBrowserType] Family: PhantomJS
2026-05-28 10:43:16 [scrapy_user_agents.user_agent_picker] WARNING: [UnsupportedBrowserType] Family: SMTBot
2026-05-28 10:43:16 [scrapy_user_agents.user_agent_picker] WARNING: [UnsupportedBrowserType] Family: PhantomJS
2026-05-28 10:43:16 [scrapy_user_agents.user_agent_picker] WARNING: [UnsupportedBrowserType] Family: PhantomJS
2026-05-28 10:43:16 [scrapy_user_agents.user_agent_picker] WARNING: [UnsupportedBrowserType] Family: WebKit Nightly
2026-05-28 10:43:17 [scrapy_user_agents.user_agent_picker] WARNING: [UnsupportedBrowserType] Family: PhantomJS
2026-05-28 10:43:17 [scrapy_user_agents.user_agent_picker] WARNING: [UnsupportedDeviceType] Family: Other, Brand: None, Model: None
2026-05-28 10:43:17 [scrapy_user_agents.user_agent_picker] WARNING: [UnsupportedBrowserType] Family: PhantomJS
2026-05-28 10:43:17 [scrapy_user_agents.user_agent_picker] WARNING: [UnsupportedBrowserType] Family: PhantomJS
2026-05-28 10:43:17 [scrapy_user_agents.user_agent_picker] WARNING: [UnsupportedBrowserType] Family: Robot
2026-05-28 10:43:17 [scrapy_user_agents.user_agent_picker] WARNING: [UnsupportedDeviceType] Family: Other, Brand: None, Model: None
2026-05-28 10:43:17 [scrapy_user_agents.user_agent_picker] WARNING: [UnsupportedBrowserType] Family: Zune
2026-05-28 10:43:17 [scrapy.middleware] INFO: Enabled downloader middlewares:
['scrapy.downloadermiddlewares.offsite.OffsiteMiddleware',
 'scrapy.downloadermiddlewares.robotstxt.RobotsTxtMiddleware',
 'scrapy.downloadermiddlewares.httpauth.HttpAuthMiddleware',
 'scrapy.downloadermiddlewares.downloadtimeout.DownloadTimeoutMiddleware',
 'scrapy.downloadermiddlewares.defaultheaders.DefaultHeadersMiddleware',
 'scrapy_user_agents.middlewares.RandomUserAgentMiddleware',
 'scrapy.downloadermiddlewares.retry.RetryMiddleware',
 'scrapy.downloadermiddlewares.redirect.MetaRefreshMiddleware',
 'scrapy.downloadermiddlewares.httpcompression.HttpCompressionMiddleware',
 'scrapy.downloadermiddlewares.redirect.RedirectMiddleware',
 'scrapy.downloadermiddlewares.cookies.CookiesMiddleware',
 'scrapy.downloadermiddlewares.httpproxy.HttpProxyMiddleware',
 'scrapy.downloadermiddlewares.stats.DownloaderStats']
2026-05-28 10:43:17 [scrapy.middleware] INFO: Enabled spider middlewares:
['scrapy.spidermiddlewares.start.StartSpiderMiddleware',
 'scrapy.spidermiddlewares.httperror.HttpErrorMiddleware',
 'scrapy_deltafetch.DeltaFetch',
 'science_dwh.middlewares.ScienceDwhSpiderMiddleware',
 'scrapy.spidermiddlewares.referer.RefererMiddleware',
 'scrapy.spidermiddlewares.urllength.UrlLengthMiddleware',
 'scrapy.spidermiddlewares.depth.DepthMiddleware']
2026-05-28 10:43:17 [scrapy.core.spidermw] WARNING: Middleware scrapy_deltafetch.middleware.DeltaFetch doesn't support asynchronous spider output, this is deprecated and will stop working in a future version of Scrapy. The middleware should be updated to support it. Please see https://docs.scrapy.org/en/latest/topics/coroutines.html#for-middleware-users for more information.
2026-05-28 10:43:17 [scrapy.core.spidermw] WARNING: Middleware science_dwh.middlewares.ScienceDwhSpiderMiddleware doesn't support asynchronous spider output, this is deprecated and will stop working in a future version of Scrapy. The middleware should be updated to support it. Please see https://docs.scrapy.org/en/latest/topics/coroutines.html#for-middleware-users for more information.
2026-05-28 10:43:17 [scrapy.middleware] INFO: Enabled item pipelines:
['science_dwh.pipelines.ScienceDwhPipeline']
2026-05-28 10:43:17 [scrapy.core.engine] INFO: Spider opened
2026-05-28 10:43:17 [scrapy.extensions.logstats] INFO: Crawled 0 pages (at 0 pages/min), scraped 0 items (at 0 items/min)
2026-05-28 10:43:17 [sme_spider] INFO: Spider opened: sme_spider
2026-05-28 10:43:17 [scrapy.extensions.telnet] INFO: Telnet console listening on 127.0.0.1:6023
2026-05-28 10:44:17 [scrapy.extensions.logstats] INFO: Crawled 40 pages (at 40 pages/min), scraped 38 items (at 38 items/min)
2026-05-28 10:45:17 [scrapy.extensions.logstats] INFO: Crawled 80 pages (at 40 pages/min), scraped 78 items (at 40 items/min)
2026-05-28 10:46:17 [scrapy.extensions.logstats] INFO: Crawled 120 pages (at 40 pages/min), scraped 118 items (at 40 items/min)
2026-05-28 10:47:17 [scrapy.extensions.logstats] INFO: Crawled 150 pages (at 30 pages/min), scraped 148 items (at 30 items/min)
2026-05-28 10:48:17 [scrapy.extensions.logstats] INFO: Crawled 150 pages (at 0 pages/min), scraped 148 items (at 0 items/min)
2026-05-28 10:49:17 [scrapy.extensions.logstats] INFO: Crawled 190 pages (at 40 pages/min), scraped 188 items (at 40 items/min)
2026-05-28 10:50:17 [scrapy.extensions.logstats] INFO: Crawled 230 pages (at 40 pages/min), scraped 228 items (at 40 items/min)
2026-05-28 10:51:04 [scrapy.core.engine] INFO: Closing spider (finished)
2026-05-28 10:51:04 [scrapy.extensions.feedexport] INFO: Stored jsonlines feed (267 items) in: f:/science_data_warehouse_repo/output/hust/sme/raw_data/sme.jsonl
2026-05-28 10:51:04 [scrapy.statscollectors] INFO: Dumping Scrapy stats:
{'coverage_percent': 99.26,
 'deltafetch/stored': 267,
 'downloader/request_bytes': 285904,
 'downloader/request_count': 375,
 'downloader/request_method_count/GET': 375,
 'downloader/response_bytes': 4676631,
 'downloader/response_count': 375,
 'downloader/response_status_count/200': 269,
 'downloader/response_status_count/429': 106,
 'elapsed_time_seconds': 466.985787,
 'feedexport/success_count/FileFeedStorage': 1,
 'finish_reason': 'finished',
 'finish_time': datetime.datetime(2026, 5, 28, 3, 51, 4, 405030, tzinfo=datetime.timezone.utc),
 'httpcompression/response_bytes': 25229699,
 'httpcompression/response_count': 375,
 'item_scraped_count': 267,
 'items_per_minute': 34.377682403433475,
 'log_count/INFO': 11,
 'request_depth_max': 1,
 'response_received_count': 269,
 'responses_per_minute': 34.63519313304721,
 'retry/count': 106,
 'retry/reason_count/429 Unknown Status': 106,
 'robotstxt/request_count': 1,
 'robotstxt/response_count': 1,
 'robotstxt/response_status_count/200': 1,
 'scheduler/dequeued': 374,
 'scheduler/dequeued/memory': 374,
 'scheduler/enqueued': 374,
 'scheduler/enqueued/memory': 374,
 'start_time': datetime.datetime(2026, 5, 28, 3, 43, 17, 419243, tzinfo=datetime.timezone.utc)}
2026-05-28 10:51:04 [scrapy.core.engine] INFO: Spider closed (finished)
