2026-05-17 10:43:11 [scrapy.addons] INFO: Enabled addons:
[]
2026-05-17 10:43:11 [scrapy.extensions.telnet] INFO: Telnet Password: deeda9583bcf757c
2026-05-17 10:43:11 [scrapy.middleware] INFO: Enabled extensions:
['scrapy.extensions.corestats.CoreStats',
 'scrapy.extensions.logcount.LogCount',
 'scrapy.extensions.telnet.TelnetConsole',
 'scrapy.extensions.feedexport.FeedExporter',
 'scrapy.extensions.logstats.LogStats',
 'scrapy.extensions.throttle.AutoThrottle']
2026-05-17 10:43:11 [scrapy.crawler] INFO: Overridden settings:
{'AUTOTHROTTLE_ENABLED': True,
 'BOT_NAME': 'science_dwh',
 'CONCURRENT_REQUESTS': 32,
 'DOWNLOAD_DELAY': 1,
 'FEED_EXPORT_ENCODING': 'utf-8',
 'FEED_EXPORT_FIELDS': ['url',
                        'ho_ten',
                        'chuc_vu',
                        'thuoc_don_vi',
                        'dia_chi_email',
                        'nhom_chuyen_mon',
                        'dia_chi_lam_viec',
                        'cac_mon_giang_day',
                        'cac_nghien_cuu_quan_tam',
                        'cac_cong_trinh_khoa_hoc_tieu_bieu',
                        'qua_trinh_dao_tao',
                        'dai_hoc',
                        'don_vi_truc_thuoc'],
 'LOG_FILE': 'f:/science_data_warehouse_repo/output/hust/sme/logs/sme_20260517_104311.log',
 'LOG_LEVEL': 'INFO',
 'NEWSPIDER_MODULE': 'science_dwh.spiders',
 'RETRY_HTTP_CODES': [500, 502, 503, 504, 408, 429, 403],
 'RETRY_TIMES': 5,
 'ROBOTSTXT_OBEY': True,
 'SPIDER_MODULES': ['science_dwh.spiders']}
2026-05-17 10:43:12 [scrapy_user_agents.user_agent_picker] WARNING: [UnsupportedBrowserType] Family: Android
2026-05-17 10:43:12 [scrapy_user_agents.user_agent_picker] WARNING: [UnsupportedDeviceType] Family: Other, Brand: None, Model: None
2026-05-17 10:43:12 [scrapy_user_agents.user_agent_picker] WARNING: [UnsupportedDeviceType] Family: Other, Brand: None, Model: None
2026-05-17 10:43:12 [scrapy_user_agents.user_agent_picker] WARNING: [UnsupportedDeviceType] Family: Other, Brand: None, Model: None
2026-05-17 10:43:12 [scrapy_user_agents.user_agent_picker] WARNING: [UnsupportedDeviceType] Family: Sony BDV13, Brand: Sony, Model: BDV13
2026-05-17 10:43:12 [scrapy_user_agents.user_agent_picker] WARNING: [UnsupportedDeviceType] Family: Nintendo DSi, Brand: Nintendo, Model: DSi
2026-05-17 10:43:12 [scrapy_user_agents.user_agent_picker] WARNING: [UnsupportedDeviceType] Family: Other, Brand: None, Model: None
2026-05-17 10:43:12 [scrapy_user_agents.user_agent_picker] WARNING: [UnsupportedBrowserType] Family: Other
2026-05-17 10:43:12 [scrapy_user_agents.user_agent_picker] WARNING: [UnsupportedDeviceType] Family: LYF F90M, Brand: LYF, Model: F90M
2026-05-17 10:43:12 [scrapy_user_agents.user_agent_picker] WARNING: [UnsupportedDeviceType] Family: Sony BDV14, Brand: Sony, Model: BDV14
2026-05-17 10:43:12 [scrapy_user_agents.user_agent_picker] WARNING: [UnsupportedDeviceType] Family: LG Web0S SmartTV, Brand: LG, Model: Web0S SmartTV
2026-05-17 10:43:12 [scrapy_user_agents.user_agent_picker] WARNING: [UnsupportedDeviceType] Family: Other, Brand: None, Model: None
2026-05-17 10:43:12 [scrapy_user_agents.user_agent_picker] WARNING: [UnsupportedDeviceType] Family: Other, Brand: None, Model: None
2026-05-17 10:43:12 [scrapy_user_agents.user_agent_picker] WARNING: [UnsupportedDeviceType] Family: Other, Brand: None, Model: None
2026-05-17 10:43:12 [scrapy_user_agents.user_agent_picker] WARNING: [UnsupportedDeviceType] Family: Other, Brand: None, Model: None
2026-05-17 10:43:12 [scrapy_user_agents.user_agent_picker] WARNING: [UnsupportedDeviceType] Family: Other, Brand: None, Model: None
2026-05-17 10:43:12 [scrapy_user_agents.user_agent_picker] WARNING: [UnsupportedDeviceType] Family: Other, Brand: None, Model: None
2026-05-17 10:43:12 [scrapy_user_agents.user_agent_picker] WARNING: [UnsupportedDeviceType] Family: Other, Brand: None, Model: None
2026-05-17 10:43:12 [scrapy_user_agents.user_agent_picker] WARNING: [UnsupportedDeviceType] Family: Sony BDV11, Brand: Sony, Model: BDV11
2026-05-17 10:43:12 [scrapy_user_agents.user_agent_picker] WARNING: [UnsupportedDeviceType] Family: Other, Brand: None, Model: None
2026-05-17 10:43:12 [scrapy_user_agents.user_agent_picker] WARNING: [UnsupportedDeviceType] Family: Other, Brand: None, Model: None
2026-05-17 10:43:12 [scrapy_user_agents.user_agent_picker] WARNING: [UnsupportedDeviceType] Family: Other, Brand: None, Model: None
2026-05-17 10:43:12 [scrapy_user_agents.user_agent_picker] WARNING: [UnsupportedDeviceType] Family: Other, Brand: None, Model: None
2026-05-17 10:43:12 [scrapy_user_agents.user_agent_picker] WARNING: [UnsupportedDeviceType] Family: Nintendo DSi, Brand: Nintendo, Model: DSi
2026-05-17 10:43:12 [scrapy_user_agents.user_agent_picker] WARNING: [UnsupportedDeviceType] Family: LYF LF-2403N, Brand: LYF, Model: LF-2403N
2026-05-17 10:43:12 [scrapy_user_agents.user_agent_picker] WARNING: [UnsupportedDeviceType] Family: LYF F90M, Brand: LYF, Model: F90M
2026-05-17 10:43:13 [scrapy_user_agents.user_agent_picker] WARNING: [UnsupportedDeviceType] Family: Other, Brand: None, Model: None
2026-05-17 10:43:13 [scrapy_user_agents.user_agent_picker] WARNING: [UnsupportedDeviceType] Family: Other, Brand: None, Model: None
2026-05-17 10:43:13 [scrapy_user_agents.user_agent_picker] WARNING: [UnsupportedBrowserType] Family: Applebot
2026-05-17 10:43:13 [scrapy_user_agents.user_agent_picker] WARNING: [UnsupportedDeviceType] Family: Other, Brand: None, Model: None
2026-05-17 10:43:13 [scrapy_user_agents.user_agent_picker] WARNING: [UnsupportedBrowserType] Family: Applebot
2026-05-17 10:43:13 [scrapy_user_agents.user_agent_picker] WARNING: [UnsupportedBrowserType] Family: Other
2026-05-17 10:43:13 [scrapy_user_agents.user_agent_picker] WARNING: [UnsupportedBrowserType] Family: Other
2026-05-17 10:43:13 [scrapy_user_agents.user_agent_picker] WARNING: [UnsupportedBrowserType] Family: PhantomJS
2026-05-17 10:43:13 [scrapy_user_agents.user_agent_picker] WARNING: [UnsupportedBrowserType] Family: SMTBot
2026-05-17 10:43:13 [scrapy_user_agents.user_agent_picker] WARNING: [UnsupportedBrowserType] Family: PhantomJS
2026-05-17 10:43:13 [scrapy_user_agents.user_agent_picker] WARNING: [UnsupportedBrowserType] Family: PhantomJS
2026-05-17 10:43:13 [scrapy_user_agents.user_agent_picker] WARNING: [UnsupportedBrowserType] Family: WebKit Nightly
2026-05-17 10:43:13 [scrapy_user_agents.user_agent_picker] WARNING: [UnsupportedBrowserType] Family: PhantomJS
2026-05-17 10:43:13 [scrapy_user_agents.user_agent_picker] WARNING: [UnsupportedDeviceType] Family: Other, Brand: None, Model: None
2026-05-17 10:43:13 [scrapy_user_agents.user_agent_picker] WARNING: [UnsupportedBrowserType] Family: PhantomJS
2026-05-17 10:43:13 [scrapy_user_agents.user_agent_picker] WARNING: [UnsupportedBrowserType] Family: PhantomJS
2026-05-17 10:43:13 [scrapy_user_agents.user_agent_picker] WARNING: [UnsupportedBrowserType] Family: Robot
2026-05-17 10:43:13 [scrapy_user_agents.user_agent_picker] WARNING: [UnsupportedDeviceType] Family: Other, Brand: None, Model: None
2026-05-17 10:43:13 [scrapy_user_agents.user_agent_picker] WARNING: [UnsupportedBrowserType] Family: Zune
2026-05-17 10:43:14 [scrapy.middleware] INFO: Enabled downloader middlewares:
['scrapy.downloadermiddlewares.offsite.OffsiteMiddleware',
 'scrapy.downloadermiddlewares.robotstxt.RobotsTxtMiddleware',
 'scrapy.downloadermiddlewares.httpauth.HttpAuthMiddleware',
 'scrapy.downloadermiddlewares.downloadtimeout.DownloadTimeoutMiddleware',
 'scrapy.downloadermiddlewares.defaultheaders.DefaultHeadersMiddleware',
 'scrapy_user_agents.middlewares.RandomUserAgentMiddleware',
 'scrapy.downloadermiddlewares.redirect.MetaRefreshMiddleware',
 'scrapy.downloadermiddlewares.httpcompression.HttpCompressionMiddleware',
 'scrapy.downloadermiddlewares.redirect.RedirectMiddleware',
 'scrapy.downloadermiddlewares.cookies.CookiesMiddleware',
 'scrapy.downloadermiddlewares.httpproxy.HttpProxyMiddleware',
 'scrapy.downloadermiddlewares.stats.DownloaderStats']
2026-05-17 10:43:14 [scrapy.middleware] INFO: Enabled spider middlewares:
['scrapy.spidermiddlewares.start.StartSpiderMiddleware',
 'scrapy.spidermiddlewares.httperror.HttpErrorMiddleware',
 'scrapy_deltafetch.DeltaFetch',
 'science_dwh.middlewares.ScienceDwhSpiderMiddleware',
 'scrapy.spidermiddlewares.referer.RefererMiddleware',
 'scrapy.spidermiddlewares.urllength.UrlLengthMiddleware',
 'scrapy.spidermiddlewares.depth.DepthMiddleware']
2026-05-17 10:43:14 [scrapy.core.spidermw] WARNING: Middleware scrapy_deltafetch.middleware.DeltaFetch doesn't support asynchronous spider output, this is deprecated and will stop working in a future version of Scrapy. The middleware should be updated to support it. Please see https://docs.scrapy.org/en/latest/topics/coroutines.html#for-middleware-users for more information.
2026-05-17 10:43:14 [scrapy.core.spidermw] WARNING: Middleware science_dwh.middlewares.ScienceDwhSpiderMiddleware doesn't support asynchronous spider output, this is deprecated and will stop working in a future version of Scrapy. The middleware should be updated to support it. Please see https://docs.scrapy.org/en/latest/topics/coroutines.html#for-middleware-users for more information.
2026-05-17 10:43:14 [scrapy.middleware] INFO: Enabled item pipelines:
['science_dwh.pipelines.ScienceDwhPipeline']
2026-05-17 10:43:14 [scrapy.core.engine] INFO: Spider opened
2026-05-17 10:43:14 [scrapy.extensions.logstats] INFO: Crawled 0 pages (at 0 pages/min), scraped 0 items (at 0 items/min)
2026-05-17 10:43:14 [sme_spider] INFO: Spider opened: sme_spider
2026-05-17 10:43:14 [scrapy.extensions.telnet] INFO: Telnet console listening on 127.0.0.1:6024
2026-05-17 10:44:07 [scrapy.spidermiddlewares.httperror] INFO: Ignoring response <429 https://sme.hust.edu.vn/vi/organs/person/Trung-tam-ky-thuat-co-khi-16/ThS-Do-Thanh-Cong-203/>: HTTP status code is not handled or not allowed
2026-05-17 10:44:08 [scrapy.spidermiddlewares.httperror] INFO: Ignoring response <429 https://sme.hust.edu.vn/vi/organs/person/Trung-tam-ky-thuat-co-khi-16/ThS-Du-Tuan-Dat-193/>: HTTP status code is not handled or not allowed
2026-05-17 10:44:09 [scrapy.spidermiddlewares.httperror] INFO: Ignoring response <429 https://sme.hust.edu.vn/vi/organs/person/Trung-tam-ky-thuat-co-khi-16/ThS-Nguyen-Ngoc-Long-183/>: HTTP status code is not handled or not allowed
2026-05-17 10:44:10 [scrapy.spidermiddlewares.httperror] INFO: Ignoring response <429 https://sme.hust.edu.vn/vi/organs/person/Trung-tam-ky-thuat-co-khi-16/KS-Phan-Viet-Hung-180/>: HTTP status code is not handled or not allowed
2026-05-17 10:44:12 [scrapy.spidermiddlewares.httperror] INFO: Ignoring response <429 https://sme.hust.edu.vn/vi/organs/person/Trung-tam-ky-thuat-co-khi-16/ThS-Tran-Quang-Vu-171/>: HTTP status code is not handled or not allowed
2026-05-17 10:44:13 [scrapy.spidermiddlewares.httperror] INFO: Ignoring response <429 https://sme.hust.edu.vn/vi/organs/person/Trung-tam-ky-thuat-co-khi-16/ThS-Pham-Tien-Trung-168/>: HTTP status code is not handled or not allowed
2026-05-17 10:44:14 [scrapy.extensions.logstats] INFO: Crawled 46 pages (at 46 pages/min), scraped 38 items (at 38 items/min)
2026-05-17 10:44:15 [scrapy.spidermiddlewares.httperror] INFO: Ignoring response <429 https://sme.hust.edu.vn/vi/organs/person/Trung-tam-ky-thuat-co-khi-16/ThS-Luu-Quynh-Trang-151/>: HTTP status code is not handled or not allowed
2026-05-17 10:45:06 [scrapy.spidermiddlewares.httperror] INFO: Ignoring response <429 https://sme.hust.edu.vn/vi/organs/person/Khoa-Nang-luong-nhiet-15/TS-DO-CAO-TRUNG-218/>: HTTP status code is not handled or not allowed
2026-05-17 10:45:07 [scrapy.spidermiddlewares.httperror] INFO: Ignoring response <429 https://sme.hust.edu.vn/vi/organs/person/Khoa-Nang-luong-nhiet-15/TS-Nguyen-Tien-Quang-217/>: HTTP status code is not handled or not allowed
2026-05-17 10:45:08 [scrapy.spidermiddlewares.httperror] INFO: Ignoring response <429 https://sme.hust.edu.vn/vi/organs/person/Khoa-Nang-luong-nhiet-15/PGS-TS-Pham-Hoang-Luong-216/>: HTTP status code is not handled or not allowed
2026-05-17 10:45:09 [scrapy.spidermiddlewares.httperror] INFO: Ignoring response <429 https://sme.hust.edu.vn/vi/organs/person/Khoa-Nang-luong-nhiet-15/Ths-Pham-Anh-Minh-215/>: HTTP status code is not handled or not allowed
2026-05-17 10:45:11 [scrapy.spidermiddlewares.httperror] INFO: Ignoring response <429 https://sme.hust.edu.vn/vi/organs/person/Khoa-Nang-luong-nhiet-15/ThS-Nguyen-Duc-Quyen-214/>: HTTP status code is not handled or not allowed
2026-05-17 10:45:12 [scrapy.spidermiddlewares.httperror] INFO: Ignoring response <429 https://sme.hust.edu.vn/vi/organs/person/Khoa-Nang-luong-nhiet-15/ThS-Bui-Thanh-Hung-213/>: HTTP status code is not handled or not allowed
2026-05-17 10:45:13 [scrapy.spidermiddlewares.httperror] INFO: Ignoring response <429 https://sme.hust.edu.vn/vi/organs/person/Khoa-Nang-luong-nhiet-15/Tran-Huy-Cap-184/>: HTTP status code is not handled or not allowed
2026-05-17 10:45:14 [scrapy.extensions.logstats] INFO: Crawled 94 pages (at 48 pages/min), scraped 78 items (at 40 items/min)
2026-05-17 10:45:14 [scrapy.spidermiddlewares.httperror] INFO: Ignoring response <429 https://sme.hust.edu.vn/vi/organs/person/Khoa-Nang-luong-nhiet-15/TS-Vu-Huy-Khue-166/>: HTTP status code is not handled or not allowed
2026-05-17 10:45:16 [scrapy.spidermiddlewares.httperror] INFO: Ignoring response <429 https://sme.hust.edu.vn/vi/organs/person/Khoa-Nang-luong-nhiet-15/PGS-TS-Nguyen-Nguyen-An-161/>: HTTP status code is not handled or not allowed
2026-05-17 10:46:05 [scrapy.spidermiddlewares.httperror] INFO: Ignoring response <429 https://sme.hust.edu.vn/vi/organs/person/Khoa-Co-khi-che-tao-may-13/PGS-TS-Nguyen-Thi-Phuong-Mai-156/>: HTTP status code is not handled or not allowed
2026-05-17 10:46:06 [scrapy.spidermiddlewares.httperror] INFO: Ignoring response <429 https://sme.hust.edu.vn/vi/organs/person/Khoa-Co-khi-che-tao-may-13/GS-TS-GVCC-Tran-Van-Dich-146/>: HTTP status code is not handled or not allowed
2026-05-17 10:46:07 [scrapy.spidermiddlewares.httperror] INFO: Ignoring response <429 https://sme.hust.edu.vn/vi/organs/person/Khoa-Co-khi-che-tao-may-13/ThS-Dinh-Duy-Khoe-138/>: HTTP status code is not handled or not allowed
2026-05-17 10:46:08 [scrapy.spidermiddlewares.httperror] INFO: Ignoring response <429 https://sme.hust.edu.vn/vi/organs/person/Khoa-Co-khi-che-tao-may-13/PGS-TS-GVCC-Phan-Van-Hieu-119/>: HTTP status code is not handled or not allowed
2026-05-17 10:46:10 [scrapy.spidermiddlewares.httperror] INFO: Ignoring response <429 https://sme.hust.edu.vn/vi/organs/person/Khoa-Co-khi-che-tao-may-13/GS-TS-GVCC-Nguyen-Duc-Toan-103/>: HTTP status code is not handled or not allowed
2026-05-17 10:46:11 [scrapy.spidermiddlewares.httperror] INFO: Ignoring response <429 https://sme.hust.edu.vn/vi/organs/person/Khoa-Co-khi-che-tao-may-13/TS-GVC-Nguyen-Lan-Phuong-104/>: HTTP status code is not handled or not allowed
2026-05-17 10:46:13 [scrapy.spidermiddlewares.httperror] INFO: Ignoring response <429 https://sme.hust.edu.vn/vi/organs/person/Khoa-Co-khi-che-tao-may-13/PGS-TS-GVCC-Nguyen-Huy-Ninh-106/>: HTTP status code is not handled or not allowed
2026-05-17 10:46:14 [scrapy.extensions.logstats] INFO: Crawled 143 pages (at 49 pages/min), scraped 118 items (at 40 items/min)
2026-05-17 10:46:14 [scrapy.extensions.logstats] INFO: Crawled 143 pages (at 0 pages/min), scraped 118 items (at 0 items/min)
2026-05-17 10:46:14 [scrapy.extensions.logstats] INFO: Crawled 144 pages (at 1 pages/min), scraped 118 items (at 0 items/min)
2026-05-17 10:46:14 [scrapy.extensions.logstats] INFO: Crawled 144 pages (at 0 pages/min), scraped 118 items (at 0 items/min)
2026-05-17 10:46:14 [scrapy.extensions.logstats] INFO: Crawled 144 pages (at 0 pages/min), scraped 118 items (at 0 items/min)
2026-05-17 10:46:14 [scrapy.extensions.logstats] INFO: Crawled 144 pages (at 0 pages/min), scraped 118 items (at 0 items/min)
2026-05-17 10:46:14 [scrapy.extensions.logstats] INFO: Crawled 144 pages (at 0 pages/min), scraped 118 items (at 0 items/min)
2026-05-17 10:46:14 [scrapy.extensions.logstats] INFO: Crawled 144 pages (at 0 pages/min), scraped 118 items (at 0 items/min)
2026-05-17 10:46:14 [scrapy.extensions.logstats] INFO: Crawled 144 pages (at 0 pages/min), scraped 118 items (at 0 items/min)
2026-05-17 10:46:14 [scrapy.extensions.logstats] INFO: Crawled 144 pages (at 0 pages/min), scraped 118 items (at 0 items/min)
2026-05-17 10:46:14 [scrapy.extensions.logstats] INFO: Crawled 144 pages (at 0 pages/min), scraped 118 items (at 0 items/min)
2026-05-17 10:46:14 [scrapy.extensions.logstats] INFO: Crawled 144 pages (at 0 pages/min), scraped 118 items (at 0 items/min)
2026-05-17 10:46:14 [scrapy.extensions.logstats] INFO: Crawled 144 pages (at 0 pages/min), scraped 118 items (at 0 items/min)
2026-05-17 10:46:14 [scrapy.extensions.logstats] INFO: Crawled 144 pages (at 0 pages/min), scraped 118 items (at 0 items/min)
2026-05-17 10:46:14 [scrapy.extensions.logstats] INFO: Crawled 144 pages (at 0 pages/min), scraped 118 items (at 0 items/min)
2026-05-17 10:46:14 [scrapy.extensions.logstats] INFO: Crawled 144 pages (at 0 pages/min), scraped 118 items (at 0 items/min)
2026-05-17 10:46:14 [scrapy.extensions.logstats] INFO: Crawled 144 pages (at 0 pages/min), scraped 118 items (at 0 items/min)
2026-05-17 10:46:14 [scrapy.extensions.logstats] INFO: Crawled 144 pages (at 0 pages/min), scraped 118 items (at 0 items/min)
2026-05-17 10:46:14 [scrapy.extensions.logstats] INFO: Crawled 144 pages (at 0 pages/min), scraped 118 items (at 0 items/min)
2026-05-17 10:46:14 [scrapy.extensions.logstats] INFO: Crawled 144 pages (at 0 pages/min), scraped 118 items (at 0 items/min)
2026-05-17 10:46:14 [scrapy.extensions.logstats] INFO: Crawled 144 pages (at 0 pages/min), scraped 118 items (at 0 items/min)
2026-05-17 10:46:14 [scrapy.extensions.logstats] INFO: Crawled 144 pages (at 0 pages/min), scraped 118 items (at 0 items/min)
2026-05-17 10:46:14 [scrapy.extensions.logstats] INFO: Crawled 144 pages (at 0 pages/min), scraped 118 items (at 0 items/min)
2026-05-17 10:46:14 [scrapy.extensions.logstats] INFO: Crawled 144 pages (at 0 pages/min), scraped 118 items (at 0 items/min)
2026-05-17 10:46:14 [scrapy.extensions.logstats] INFO: Crawled 144 pages (at 0 pages/min), scraped 118 items (at 0 items/min)
2026-05-17 10:46:14 [scrapy.extensions.logstats] INFO: Crawled 144 pages (at 0 pages/min), scraped 118 items (at 0 items/min)
2026-05-17 10:46:14 [scrapy.extensions.logstats] INFO: Crawled 144 pages (at 0 pages/min), scraped 118 items (at 0 items/min)
2026-05-17 10:46:14 [scrapy.extensions.logstats] INFO: Crawled 144 pages (at 0 pages/min), scraped 118 items (at 0 items/min)
2026-05-17 10:46:14 [scrapy.extensions.logstats] INFO: Crawled 144 pages (at 0 pages/min), scraped 118 items (at 0 items/min)
2026-05-17 10:46:14 [scrapy.extensions.logstats] INFO: Crawled 144 pages (at 0 pages/min), scraped 118 items (at 0 items/min)
2026-05-17 10:46:14 [scrapy.extensions.logstats] INFO: Crawled 144 pages (at 0 pages/min), scraped 118 items (at 0 items/min)
2026-05-17 10:46:14 [scrapy.extensions.logstats] INFO: Crawled 144 pages (at 0 pages/min), scraped 118 items (at 0 items/min)
2026-05-17 10:46:14 [scrapy.extensions.logstats] INFO: Crawled 144 pages (at 0 pages/min), scraped 118 items (at 0 items/min)
2026-05-17 10:46:14 [scrapy.extensions.logstats] INFO: Crawled 144 pages (at 0 pages/min), scraped 118 items (at 0 items/min)
2026-05-17 10:46:14 [scrapy.extensions.logstats] INFO: Crawled 144 pages (at 0 pages/min), scraped 118 items (at 0 items/min)
2026-05-17 10:46:14 [scrapy.spidermiddlewares.httperror] INFO: Ignoring response <429 https://sme.hust.edu.vn/vi/organs/person/Khoa-Co-khi-che-tao-may-13/PGS-TS-Nguyen-Thi-Hong-Minh-101/>: HTTP status code is not handled or not allowed
2026-05-17 10:46:15 [scrapy.spidermiddlewares.httperror] INFO: Ignoring response <429 https://sme.hust.edu.vn/vi/organs/person/Khoa-Co-khi-che-tao-may-13/PGS-TS-Nguyen-Tien-Duong-105/>: HTTP status code is not handled or not allowed
2026-05-17 10:46:16 [scrapy.spidermiddlewares.httperror] INFO: Ignoring response <429 https://sme.hust.edu.vn/vi/organs/person/Khoa-Co-khi-che-tao-may-13/TS-GVC-Nguyen-Manh-Toan-112/>: HTTP status code is not handled or not allowed
2026-05-17 10:46:18 [scrapy.spidermiddlewares.httperror] INFO: Ignoring response <429 https://sme.hust.edu.vn/vi/organs/person/Khoa-Co-khi-che-tao-may-13/PGS-TS-GVCC-Hoang-Long-102/>: HTTP status code is not handled or not allowed
2026-05-17 10:47:05 [scrapy.spidermiddlewares.httperror] INFO: Ignoring response <429 https://sme.hust.edu.vn/vi/organs/person/Khoa-Co-khi-che-tao-may-13/ThS-Bui-Duy-Thinh-121/>: HTTP status code is not handled or not allowed
2026-05-17 10:47:06 [scrapy.spidermiddlewares.httperror] INFO: Ignoring response <429 https://sme.hust.edu.vn/vi/organs/person/Khoa-Co-khi-che-tao-may-13/TS-GVC-Nguyen-Thi-Ngoc-Huyen-97/>: HTTP status code is not handled or not allowed
2026-05-17 10:47:08 [scrapy.spidermiddlewares.httperror] INFO: Ignoring response <429 https://sme.hust.edu.vn/vi/organs/person/Khoa-Co-khi-che-tao-may-13/TS-Dinh-Hong-Bo-129/>: HTTP status code is not handled or not allowed
2026-05-17 10:47:09 [scrapy.spidermiddlewares.httperror] INFO: Ignoring response <429 https://sme.hust.edu.vn/vi/organs/person/Khoa-Co-khi-che-tao-may-13/PGS-TS-Nguyen-Thi-Phuong-Giang-99/>: HTTP status code is not handled or not allowed
2026-05-17 10:47:10 [scrapy.spidermiddlewares.httperror] INFO: Ignoring response <429 https://sme.hust.edu.vn/vi/organs/person/Khoa-Co-khi-che-tao-may-13/TS-Nguyen-Danh-Truong-23/>: HTTP status code is not handled or not allowed
2026-05-17 10:47:11 [scrapy.spidermiddlewares.httperror] INFO: Ignoring response <429 https://sme.hust.edu.vn/vi/organs/person/Khoa-Co-khi-che-tao-may-13/TS-GVC-Le-Thanh-Son-87/>: HTTP status code is not handled or not allowed
2026-05-17 10:47:13 [scrapy.spidermiddlewares.httperror] INFO: Ignoring response <429 https://sme.hust.edu.vn/vi/organs/person/Khoa-Co-khi-che-tao-may-13/TS-GVCC-Tran-Thi-Thanh-Hai-82/>: HTTP status code is not handled or not allowed
2026-05-17 10:47:14 [scrapy.extensions.logstats] INFO: Crawled 192 pages (at 48 pages/min), scraped 155 items (at 37 items/min)
2026-05-17 10:47:14 [scrapy.spidermiddlewares.httperror] INFO: Ignoring response <429 https://sme.hust.edu.vn/vi/organs/person/Khoa-Co-khi-che-tao-may-13/PGS-TS-Nguyen-Thanh-Trung-88/>: HTTP status code is not handled or not allowed
2026-05-17 10:47:15 [scrapy.spidermiddlewares.httperror] INFO: Ignoring response <429 https://sme.hust.edu.vn/vi/organs/person/Khoa-Co-khi-che-tao-may-13/TS-Le-Thi-Bich-Nam-14/>: HTTP status code is not handled or not allowed
2026-05-17 10:47:16 [scrapy.spidermiddlewares.httperror] INFO: Ignoring response <429 https://sme.hust.edu.vn/vi/organs/person/Khoa-Co-khi-che-tao-may-13/ThS-Nguyen-Duc-Huy-86/>: HTTP status code is not handled or not allowed
2026-05-17 10:47:18 [scrapy.spidermiddlewares.httperror] INFO: Ignoring response <429 https://sme.hust.edu.vn/vi/organs/person/Khoa-Co-khi-che-tao-may-13/TS-GVC-Le-Duc-Bao-84/>: HTTP status code is not handled or not allowed
2026-05-17 10:47:19 [scrapy.spidermiddlewares.httperror] INFO: Ignoring response <429 https://sme.hust.edu.vn/vi/organs/person/Khoa-Co-khi-che-tao-may-13/TS-GVC-Tran-Duc-Toan-9/>: HTTP status code is not handled or not allowed
2026-05-17 10:47:20 [scrapy.spidermiddlewares.httperror] INFO: Ignoring response <429 https://sme.hust.edu.vn/vi/organs/person/Khoa-Co-khi-che-tao-may-13/PGS-TS-GVCC-Nguyen-Nhat-Thang-125/>: HTTP status code is not handled or not allowed
2026-05-17 10:47:22 [scrapy.spidermiddlewares.httperror] INFO: Ignoring response <429 https://sme.hust.edu.vn/vi/organs/person/Khoa-Co-khi-che-tao-may-13/PGS-TS-GVCC-Bui-Tuan-Anh-4/>: HTTP status code is not handled or not allowed
2026-05-17 10:47:23 [scrapy.spidermiddlewares.httperror] INFO: Ignoring response <429 https://sme.hust.edu.vn/vi/organs/person/Khoa-Co-khi-che-tao-may-13/PGS-TS-Hoang-Long-67/>: HTTP status code is not handled or not allowed
2026-05-17 10:47:24 [scrapy.spidermiddlewares.httperror] INFO: Ignoring response <429 https://sme.hust.edu.vn/vi/organs/person/Khoa-Co-khi-che-tao-may-13/ThS-Nguyen-Thi-Thu-Nga-77/>: HTTP status code is not handled or not allowed
2026-05-17 10:47:25 [scrapy.spidermiddlewares.httperror] INFO: Ignoring response <429 https://sme.hust.edu.vn/vi/organs/person/Khoa-Co-khi-che-tao-may-13/TS-Bui-Long-Vinh-63/>: HTTP status code is not handled or not allowed
2026-05-17 10:47:26 [scrapy.spidermiddlewares.httperror] INFO: Ignoring response <429 https://sme.hust.edu.vn/vi/organs/person/Khoa-Co-khi-che-tao-may-13/ThS-Nguyen-Thanh-Trung-52/>: HTTP status code is not handled or not allowed
2026-05-17 10:47:27 [scrapy.spidermiddlewares.httperror] INFO: Ignoring response <429 https://sme.hust.edu.vn/vi/organs/person/Khoa-Co-khi-che-tao-may-13/TS-Nguyen-Thi-Kim-Cuc-53/>: HTTP status code is not handled or not allowed
2026-05-17 10:47:29 [scrapy.spidermiddlewares.httperror] INFO: Ignoring response <429 https://sme.hust.edu.vn/vi/organs/person/Khoa-Co-khi-che-tao-may-13/TS-GVC-Pham-Van-Son-54/>: HTTP status code is not handled or not allowed
2026-05-17 10:47:30 [scrapy.spidermiddlewares.httperror] INFO: Ignoring response <429 https://sme.hust.edu.vn/vi/organs/person/Khoa-Co-khi-che-tao-may-13/TS-Vu-Van-Quang-55/>: HTTP status code is not handled or not allowed
2026-05-17 10:47:31 [scrapy.spidermiddlewares.httperror] INFO: Ignoring response <429 https://sme.hust.edu.vn/vi/organs/person/Khoa-Co-khi-che-tao-may-13/PGS-TS-Vu-Thanh-Tung-60/>: HTTP status code is not handled or not allowed
2026-05-17 10:47:33 [scrapy.spidermiddlewares.httperror] INFO: Ignoring response <429 https://sme.hust.edu.vn/vi/organs/person/Khoa-Co-khi-che-tao-may-13/ThS-Hoang-Thi-Bich-Thuy-59/>: HTTP status code is not handled or not allowed
2026-05-17 10:47:34 [scrapy.spidermiddlewares.httperror] INFO: Ignoring response <429 https://sme.hust.edu.vn/vi/organs/person/Khoa-Co-khi-che-tao-may-13/GS-TS-Le-Minh-Quy-58/>: HTTP status code is not handled or not allowed
2026-05-17 10:47:35 [scrapy.spidermiddlewares.httperror] INFO: Ignoring response <429 https://sme.hust.edu.vn/vi/organs/person/Khoa-Co-khi-che-tao-may-13/PGS-TS-Hoang-Vinh-Sinh-1/>: HTTP status code is not handled or not allowed
2026-05-17 10:47:36 [scrapy.spidermiddlewares.httperror] INFO: Ignoring response <429 https://sme.hust.edu.vn/vi/organs/person/Khoa-Co-dien-tu-12/ThS-Nguyen-Huu-Cuong-283/>: HTTP status code is not handled or not allowed
2026-05-17 10:47:38 [scrapy.spidermiddlewares.httperror] INFO: Ignoring response <429 https://sme.hust.edu.vn/vi/organs/person/Khoa-Co-dien-tu-12/TS-Do-Duc-Nam-282/>: HTTP status code is not handled or not allowed
2026-05-17 10:47:39 [scrapy.spidermiddlewares.httperror] INFO: Ignoring response <429 https://sme.hust.edu.vn/vi/organs/person/Khoa-Co-dien-tu-12/TS-GVC-Dang-Bao-Lam-278/>: HTTP status code is not handled or not allowed
2026-05-17 10:47:40 [scrapy.spidermiddlewares.httperror] INFO: Ignoring response <429 https://sme.hust.edu.vn/vi/organs/person/Khoa-Co-dien-tu-12/Nguyen-Thi-Tra-Giang-269/>: HTTP status code is not handled or not allowed
2026-05-17 10:47:41 [scrapy.spidermiddlewares.httperror] INFO: Ignoring response <429 https://sme.hust.edu.vn/vi/organs/person/Khoa-Co-dien-tu-12/TS-Ly-Hoang-Hiep-268/>: HTTP status code is not handled or not allowed
2026-05-17 10:47:42 [scrapy.spidermiddlewares.httperror] INFO: Ignoring response <429 https://sme.hust.edu.vn/vi/organs/person/Khoa-Co-dien-tu-12/TS-Bui-Dang-Quang-267/>: HTTP status code is not handled or not allowed
2026-05-17 10:47:43 [scrapy.spidermiddlewares.httperror] INFO: Ignoring response <429 https://sme.hust.edu.vn/vi/organs/person/Khoa-Co-dien-tu-12/PGS-TS-Bui-Hai-Le-266/>: HTTP status code is not handled or not allowed
2026-05-17 10:47:44 [scrapy.spidermiddlewares.httperror] INFO: Ignoring response <429 https://sme.hust.edu.vn/vi/organs/person/Khoa-Co-dien-tu-12/TS-Nguyen-Hai-Thanh-264/>: HTTP status code is not handled or not allowed
2026-05-17 10:47:45 [scrapy.spidermiddlewares.httperror] INFO: Ignoring response <429 https://sme.hust.edu.vn/vi/organs/person/Khoa-Co-dien-tu-12/TS-Hoang-Sy-Tuan-259/>: HTTP status code is not handled or not allowed
2026-05-17 10:47:47 [scrapy.spidermiddlewares.httperror] INFO: Ignoring response <429 https://sme.hust.edu.vn/vi/organs/person/Khoa-Co-dien-tu-12/TS-Duong-Van-Lac-251/>: HTTP status code is not handled or not allowed
2026-05-17 10:47:48 [scrapy.spidermiddlewares.httperror] INFO: Ignoring response <429 https://sme.hust.edu.vn/vi/organs/person/Khoa-Co-dien-tu-12/PGS-TS-Mac-Thi-Thoa-244/>: HTTP status code is not handled or not allowed
2026-05-17 10:47:49 [scrapy.spidermiddlewares.httperror] INFO: Ignoring response <429 https://sme.hust.edu.vn/vi/organs/person/Khoa-Co-dien-tu-12/PGS-TS-Dang-Thai-Viet-242/>: HTTP status code is not handled or not allowed
2026-05-17 10:47:50 [scrapy.spidermiddlewares.httperror] INFO: Ignoring response <429 https://sme.hust.edu.vn/vi/organs/person/Khoa-Co-dien-tu-12/TS-Nha-Tuong-Linh-241/>: HTTP status code is not handled or not allowed
2026-05-17 10:47:52 [scrapy.spidermiddlewares.httperror] INFO: Ignoring response <429 https://sme.hust.edu.vn/vi/organs/person/Khoa-Co-dien-tu-12/TS-Nguyen-Chi-Hung-240/>: HTTP status code is not handled or not allowed
2026-05-17 10:47:53 [scrapy.spidermiddlewares.httperror] INFO: Ignoring response <429 https://sme.hust.edu.vn/vi/organs/person/Khoa-Co-dien-tu-12/TS-KTS-Phan-Thi-Phuong-Thao-236/>: HTTP status code is not handled or not allowed
2026-05-17 10:47:54 [scrapy.spidermiddlewares.httperror] INFO: Ignoring response <429 https://sme.hust.edu.vn/vi/organs/person/Khoa-Co-dien-tu-12/ThS-Le-Tieu-Thanh-235/>: HTTP status code is not handled or not allowed
2026-05-17 10:47:55 [scrapy.spidermiddlewares.httperror] INFO: Ignoring response <429 https://sme.hust.edu.vn/vi/organs/person/Khoa-Co-dien-tu-12/ThS-KTS-Hoang-Thanh-Thuy-234/>: HTTP status code is not handled or not allowed
2026-05-17 10:47:56 [scrapy.spidermiddlewares.httperror] INFO: Ignoring response <429 https://sme.hust.edu.vn/vi/organs/person/Khoa-Co-dien-tu-12/TS-Duong-Thi-Kim-Duc-233/>: HTTP status code is not handled or not allowed
2026-05-17 10:47:57 [scrapy.spidermiddlewares.httperror] INFO: Ignoring response <429 https://sme.hust.edu.vn/vi/organs/person/Khoa-Co-dien-tu-12/PGS-TS-La-Thi-Ngoc-Anh-232/>: HTTP status code is not handled or not allowed
2026-05-17 10:47:59 [scrapy.spidermiddlewares.httperror] INFO: Ignoring response <429 https://sme.hust.edu.vn/vi/organs/person/Khoa-Co-dien-tu-12/GS-TS-Vu-Toan-Thang-229/>: HTTP status code is not handled or not allowed
2026-05-17 10:48:00 [scrapy.spidermiddlewares.httperror] INFO: Ignoring response <429 https://sme.hust.edu.vn/vi/organs/person/Khoa-Co-dien-tu-12/TS-Bui-Dinh-Ba-228/>: HTTP status code is not handled or not allowed
2026-05-17 10:48:01 [scrapy.spidermiddlewares.httperror] INFO: Ignoring response <429 https://sme.hust.edu.vn/vi/organs/person/Khoa-Co-dien-tu-12/PGS-TS-Le-Giang-Nam-226/>: HTTP status code is not handled or not allowed
2026-05-17 10:48:03 [scrapy.spidermiddlewares.httperror] INFO: Ignoring response <429 https://sme.hust.edu.vn/vi/organs/person/Khoa-Co-dien-tu-12/TS-Truong-Cong-Tuan-225/>: HTTP status code is not handled or not allowed
2026-05-17 10:48:04 [scrapy.spidermiddlewares.httperror] INFO: Ignoring response <429 https://sme.hust.edu.vn/vi/organs/person/Khoa-Co-dien-tu-12/TS-Nguyen-Anh-Tuan-224/>: HTTP status code is not handled or not allowed
2026-05-17 10:48:05 [scrapy.spidermiddlewares.httperror] INFO: Ignoring response <429 https://sme.hust.edu.vn/vi/organs/person/Khoa-Co-dien-tu-12/PGS-TS-HOANG-HONG-HAI-185/>: HTTP status code is not handled or not allowed
2026-05-17 10:48:07 [scrapy.spidermiddlewares.httperror] INFO: Ignoring response <429 https://sme.hust.edu.vn/vi/organs/person/Khoa-Co-dien-tu-12/TS-Nguyen-Ba-Hung-182/>: HTTP status code is not handled or not allowed
2026-05-17 10:48:08 [scrapy.spidermiddlewares.httperror] INFO: Ignoring response <429 https://sme.hust.edu.vn/vi/organs/person/Khoa-Co-dien-tu-12/PGS-TS-Pham-Duc-An-181/>: HTTP status code is not handled or not allowed
2026-05-17 10:48:09 [scrapy.spidermiddlewares.httperror] INFO: Ignoring response <429 https://sme.hust.edu.vn/vi/organs/person/Khoa-Co-dien-tu-12/TS-Nguyen-Xuan-Thuan-179/>: HTTP status code is not handled or not allowed
2026-05-17 10:48:10 [scrapy.spidermiddlewares.httperror] INFO: Ignoring response <429 https://sme.hust.edu.vn/vi/organs/person/Khoa-Co-dien-tu-12/PGS-TS-Do-Van-Truong-176/>: HTTP status code is not handled or not allowed
2026-05-17 10:48:12 [scrapy.spidermiddlewares.httperror] INFO: Ignoring response <429 https://sme.hust.edu.vn/vi/organs/person/Khoa-Co-dien-tu-12/TS-Doan-Thanh-Xuan-175/>: HTTP status code is not handled or not allowed
2026-05-17 10:48:13 [scrapy.spidermiddlewares.httperror] INFO: Ignoring response <429 https://sme.hust.edu.vn/vi/organs/person/Khoa-Co-dien-tu-12/TS-Nguyen-Huu-Quang-173/>: HTTP status code is not handled or not allowed
2026-05-17 10:48:14 [scrapy.extensions.logstats] INFO: Crawled 240 pages (at 48 pages/min), scraped 155 items (at 0 items/min)
2026-05-17 10:48:14 [scrapy.spidermiddlewares.httperror] INFO: Ignoring response <429 https://sme.hust.edu.vn/vi/organs/person/Khoa-Co-dien-tu-12/TS-Tran-Van-Huong-172/>: HTTP status code is not handled or not allowed
2026-05-17 10:48:15 [scrapy.spidermiddlewares.httperror] INFO: Ignoring response <429 https://sme.hust.edu.vn/vi/organs/person/Khoa-Co-dien-tu-12/PGS-TS-Thai-The-Hung-155/>: HTTP status code is not handled or not allowed
2026-05-17 10:48:16 [scrapy.spidermiddlewares.httperror] INFO: Ignoring response <429 https://sme.hust.edu.vn/vi/organs/person/Khoa-Co-dien-tu-12/TS-Nguyen-Minh-Quan-144/>: HTTP status code is not handled or not allowed
2026-05-17 10:48:17 [scrapy.spidermiddlewares.httperror] INFO: Ignoring response <429 https://sme.hust.edu.vn/vi/organs/person/Khoa-Co-dien-tu-12/PGS-TS-Nguyen-Trong-Du-142/>: HTTP status code is not handled or not allowed
2026-05-17 10:48:19 [scrapy.spidermiddlewares.httperror] INFO: Ignoring response <429 https://sme.hust.edu.vn/vi/organs/person/Khoa-Co-dien-tu-12/PGS-TS-Vuong-Van-Thanh-140/>: HTTP status code is not handled or not allowed
2026-05-17 10:48:20 [scrapy.spidermiddlewares.httperror] INFO: Ignoring response <429 https://sme.hust.edu.vn/vi/organs/person/Khoa-Co-dien-tu-12/PGS-TS-Nguyen-Xuan-Ha-137/>: HTTP status code is not handled or not allowed
2026-05-17 10:48:21 [scrapy.spidermiddlewares.httperror] INFO: Ignoring response <429 https://sme.hust.edu.vn/vi/organs/person/Khoa-Co-dien-tu-12/TS-Nguyen-Hai-Son-135/>: HTTP status code is not handled or not allowed
2026-05-17 10:48:22 [scrapy.spidermiddlewares.httperror] INFO: Ignoring response <429 https://sme.hust.edu.vn/vi/organs/person/Khoa-Co-dien-tu-12/ThS-GVC-NGUYEN-VAN-QUYEN-3/>: HTTP status code is not handled or not allowed
2026-05-17 10:48:24 [scrapy.spidermiddlewares.httperror] INFO: Ignoring response <429 https://sme.hust.edu.vn/vi/organs/person/Khoa-Co-dien-tu-12/TS-GVC-NGUYEN-MINH-PHUONG-118/>: HTTP status code is not handled or not allowed
2026-05-17 10:48:25 [scrapy.spidermiddlewares.httperror] INFO: Ignoring response <429 https://sme.hust.edu.vn/vi/organs/person/Khoa-Co-dien-tu-12/PGS-TS-GVCC-PHAN-BUI-KHOI-108/>: HTTP status code is not handled or not allowed
2026-05-17 10:48:26 [scrapy.spidermiddlewares.httperror] INFO: Ignoring response <429 https://sme.hust.edu.vn/vi/organs/person/Khoa-Co-dien-tu-12/ThS-GVC-Hoang-Van-Bao-114/>: HTTP status code is not handled or not allowed
2026-05-17 10:48:27 [scrapy.spidermiddlewares.httperror] INFO: Ignoring response <429 https://sme.hust.edu.vn/vi/organs/person/Khoa-Co-dien-tu-12/PGS-TS-GVCC-NGUYEN-PHONG-DIEN-107/>: HTTP status code is not handled or not allowed
2026-05-17 10:48:28 [scrapy.spidermiddlewares.httperror] INFO: Ignoring response <429 https://sme.hust.edu.vn/vi/organs/person/Khoa-Co-dien-tu-12/TS-TRAN-VAN-QUOC-20/>: HTTP status code is not handled or not allowed
2026-05-17 10:48:48 [scrapy.core.engine] INFO: Closing spider (finished)
2026-05-17 10:48:48 [scrapy.extensions.feedexport] INFO: Stored csv feed (171 items) in: f:/science_data_warehouse_repo/output/hust/sme/data/sme.csv
2026-05-17 10:48:48 [scrapy.statscollectors] INFO: Dumping Scrapy stats:
{'deltafetch/stored': 171,
 'downloader/request_bytes': 204560,
 'downloader/request_count': 269,
 'downloader/request_method_count/GET': 269,
 'downloader/response_bytes': 3057575,
 'downloader/response_count': 269,
 'downloader/response_status_count/200': 173,
 'downloader/response_status_count/429': 96,
 'elapsed_time_seconds': 334.874989,
 'feedexport/success_count/FileFeedStorage': 1,
 'finish_reason': 'finished',
 'finish_time': datetime.datetime(2026, 5, 17, 3, 48, 48, 983131, tzinfo=datetime.timezone.utc),
 'httpcompression/response_bytes': 16258432,
 'httpcompression/response_count': 269,
 'httperror/response_ignored_count': 96,
 'httperror/response_ignored_status_count/429': 96,
 'item_scraped_count': 171,
 'items_per_minute': 30.7185628742515,
 'log_count/INFO': 139,
 'request_depth_max': 1,
 'response_received_count': 269,
 'responses_per_minute': 48.32335329341318,
 'robotstxt/request_count': 1,
 'robotstxt/response_count': 1,
 'robotstxt/response_status_count/200': 1,
 'scheduler/dequeued': 268,
 'scheduler/dequeued/memory': 268,
 'scheduler/enqueued': 268,
 'scheduler/enqueued/memory': 268,
 'start_time': datetime.datetime(2026, 5, 17, 3, 43, 14, 108142, tzinfo=datetime.timezone.utc)}
2026-05-17 10:48:48 [scrapy.core.engine] INFO: Spider closed (finished)
