2026-05-17 10:50:18 [scrapy.addons] INFO: Enabled addons:
[]
2026-05-17 10:50:18 [scrapy.extensions.telnet] INFO: Telnet Password: 917ef31213912b36
2026-05-17 10:50:18 [scrapy.middleware] INFO: Enabled extensions:
['scrapy.extensions.corestats.CoreStats',
 'scrapy.extensions.logcount.LogCount',
 'scrapy.extensions.telnet.TelnetConsole',
 'scrapy.extensions.feedexport.FeedExporter',
 'scrapy.extensions.logstats.LogStats',
 'scrapy.extensions.throttle.AutoThrottle']
2026-05-17 10:50:18 [scrapy.crawler] INFO: Overridden settings:
{'AUTOTHROTTLE_ENABLED': True,
 'BOT_NAME': 'science_dwh',
 'CONCURRENT_REQUESTS': 32,
 'DOWNLOAD_DELAY': 1,
 'FEED_EXPORT_ENCODING': 'utf-8',
 'FEED_EXPORT_FIELDS': ['url',
                        'ho_ten',
                        'chuc_vu',
                        'thuoc_don_vi',
                        'dia_chi_email',
                        'nhom_chuyen_mon',
                        'dia_chi_lam_viec',
                        'cac_mon_giang_day',
                        'cac_nghien_cuu_quan_tam',
                        'cac_cong_trinh_khoa_hoc_tieu_bieu',
                        'qua_trinh_dao_tao',
                        'dai_hoc',
                        'don_vi_truc_thuoc'],
 'LOG_FILE': 'f:/science_data_warehouse_repo/output/hust/sme/logs/sme_20260517_105018.log',
 'LOG_LEVEL': 'INFO',
 'NEWSPIDER_MODULE': 'science_dwh.spiders',
 'RETRY_HTTP_CODES': [500, 502, 503, 504, 408, 429, 403],
 'RETRY_TIMES': 5,
 'ROBOTSTXT_OBEY': True,
 'SPIDER_MODULES': ['science_dwh.spiders']}
2026-05-17 10:50:19 [scrapy_user_agents.user_agent_picker] WARNING: [UnsupportedBrowserType] Family: Android
2026-05-17 10:50:19 [scrapy_user_agents.user_agent_picker] WARNING: [UnsupportedDeviceType] Family: Other, Brand: None, Model: None
2026-05-17 10:50:19 [scrapy_user_agents.user_agent_picker] WARNING: [UnsupportedDeviceType] Family: Other, Brand: None, Model: None
2026-05-17 10:50:19 [scrapy_user_agents.user_agent_picker] WARNING: [UnsupportedDeviceType] Family: Other, Brand: None, Model: None
2026-05-17 10:50:19 [scrapy_user_agents.user_agent_picker] WARNING: [UnsupportedDeviceType] Family: Sony BDV13, Brand: Sony, Model: BDV13
2026-05-17 10:50:19 [scrapy_user_agents.user_agent_picker] WARNING: [UnsupportedDeviceType] Family: Nintendo DSi, Brand: Nintendo, Model: DSi
2026-05-17 10:50:19 [scrapy_user_agents.user_agent_picker] WARNING: [UnsupportedDeviceType] Family: Other, Brand: None, Model: None
2026-05-17 10:50:19 [scrapy_user_agents.user_agent_picker] WARNING: [UnsupportedBrowserType] Family: Other
2026-05-17 10:50:19 [scrapy_user_agents.user_agent_picker] WARNING: [UnsupportedDeviceType] Family: LYF F90M, Brand: LYF, Model: F90M
2026-05-17 10:50:19 [scrapy_user_agents.user_agent_picker] WARNING: [UnsupportedDeviceType] Family: Sony BDV14, Brand: Sony, Model: BDV14
2026-05-17 10:50:19 [scrapy_user_agents.user_agent_picker] WARNING: [UnsupportedDeviceType] Family: LG Web0S SmartTV, Brand: LG, Model: Web0S SmartTV
2026-05-17 10:50:19 [scrapy_user_agents.user_agent_picker] WARNING: [UnsupportedDeviceType] Family: Other, Brand: None, Model: None
2026-05-17 10:50:19 [scrapy_user_agents.user_agent_picker] WARNING: [UnsupportedDeviceType] Family: Other, Brand: None, Model: None
2026-05-17 10:50:19 [scrapy_user_agents.user_agent_picker] WARNING: [UnsupportedDeviceType] Family: Other, Brand: None, Model: None
2026-05-17 10:50:19 [scrapy_user_agents.user_agent_picker] WARNING: [UnsupportedDeviceType] Family: Other, Brand: None, Model: None
2026-05-17 10:50:19 [scrapy_user_agents.user_agent_picker] WARNING: [UnsupportedDeviceType] Family: Other, Brand: None, Model: None
2026-05-17 10:50:19 [scrapy_user_agents.user_agent_picker] WARNING: [UnsupportedDeviceType] Family: Other, Brand: None, Model: None
2026-05-17 10:50:19 [scrapy_user_agents.user_agent_picker] WARNING: [UnsupportedDeviceType] Family: Other, Brand: None, Model: None
2026-05-17 10:50:19 [scrapy_user_agents.user_agent_picker] WARNING: [UnsupportedDeviceType] Family: Sony BDV11, Brand: Sony, Model: BDV11
2026-05-17 10:50:19 [scrapy_user_agents.user_agent_picker] WARNING: [UnsupportedDeviceType] Family: Other, Brand: None, Model: None
2026-05-17 10:50:19 [scrapy_user_agents.user_agent_picker] WARNING: [UnsupportedDeviceType] Family: Other, Brand: None, Model: None
2026-05-17 10:50:19 [scrapy_user_agents.user_agent_picker] WARNING: [UnsupportedDeviceType] Family: Other, Brand: None, Model: None
2026-05-17 10:50:19 [scrapy_user_agents.user_agent_picker] WARNING: [UnsupportedDeviceType] Family: Other, Brand: None, Model: None
2026-05-17 10:50:19 [scrapy_user_agents.user_agent_picker] WARNING: [UnsupportedDeviceType] Family: Nintendo DSi, Brand: Nintendo, Model: DSi
2026-05-17 10:50:19 [scrapy_user_agents.user_agent_picker] WARNING: [UnsupportedDeviceType] Family: LYF LF-2403N, Brand: LYF, Model: LF-2403N
2026-05-17 10:50:20 [scrapy_user_agents.user_agent_picker] WARNING: [UnsupportedDeviceType] Family: LYF F90M, Brand: LYF, Model: F90M
2026-05-17 10:50:20 [scrapy_user_agents.user_agent_picker] WARNING: [UnsupportedDeviceType] Family: Other, Brand: None, Model: None
2026-05-17 10:50:20 [scrapy_user_agents.user_agent_picker] WARNING: [UnsupportedDeviceType] Family: Other, Brand: None, Model: None
2026-05-17 10:50:20 [scrapy_user_agents.user_agent_picker] WARNING: [UnsupportedBrowserType] Family: Applebot
2026-05-17 10:50:20 [scrapy_user_agents.user_agent_picker] WARNING: [UnsupportedDeviceType] Family: Other, Brand: None, Model: None
2026-05-17 10:50:20 [scrapy_user_agents.user_agent_picker] WARNING: [UnsupportedBrowserType] Family: Applebot
2026-05-17 10:50:20 [scrapy_user_agents.user_agent_picker] WARNING: [UnsupportedBrowserType] Family: Other
2026-05-17 10:50:20 [scrapy_user_agents.user_agent_picker] WARNING: [UnsupportedBrowserType] Family: Other
2026-05-17 10:50:20 [scrapy_user_agents.user_agent_picker] WARNING: [UnsupportedBrowserType] Family: PhantomJS
2026-05-17 10:50:20 [scrapy_user_agents.user_agent_picker] WARNING: [UnsupportedBrowserType] Family: SMTBot
2026-05-17 10:50:20 [scrapy_user_agents.user_agent_picker] WARNING: [UnsupportedBrowserType] Family: PhantomJS
2026-05-17 10:50:20 [scrapy_user_agents.user_agent_picker] WARNING: [UnsupportedBrowserType] Family: PhantomJS
2026-05-17 10:50:20 [scrapy_user_agents.user_agent_picker] WARNING: [UnsupportedBrowserType] Family: WebKit Nightly
2026-05-17 10:50:20 [scrapy_user_agents.user_agent_picker] WARNING: [UnsupportedBrowserType] Family: PhantomJS
2026-05-17 10:50:20 [scrapy_user_agents.user_agent_picker] WARNING: [UnsupportedDeviceType] Family: Other, Brand: None, Model: None
2026-05-17 10:50:20 [scrapy_user_agents.user_agent_picker] WARNING: [UnsupportedBrowserType] Family: PhantomJS
2026-05-17 10:50:20 [scrapy_user_agents.user_agent_picker] WARNING: [UnsupportedBrowserType] Family: PhantomJS
2026-05-17 10:50:20 [scrapy_user_agents.user_agent_picker] WARNING: [UnsupportedBrowserType] Family: Robot
2026-05-17 10:50:20 [scrapy_user_agents.user_agent_picker] WARNING: [UnsupportedDeviceType] Family: Other, Brand: None, Model: None
2026-05-17 10:50:20 [scrapy_user_agents.user_agent_picker] WARNING: [UnsupportedBrowserType] Family: Zune
2026-05-17 10:50:21 [scrapy.middleware] INFO: Enabled downloader middlewares:
['scrapy.downloadermiddlewares.offsite.OffsiteMiddleware',
 'scrapy.downloadermiddlewares.robotstxt.RobotsTxtMiddleware',
 'scrapy.downloadermiddlewares.httpauth.HttpAuthMiddleware',
 'scrapy.downloadermiddlewares.downloadtimeout.DownloadTimeoutMiddleware',
 'scrapy.downloadermiddlewares.defaultheaders.DefaultHeadersMiddleware',
 'scrapy_user_agents.middlewares.RandomUserAgentMiddleware',
 'scrapy.downloadermiddlewares.redirect.MetaRefreshMiddleware',
 'scrapy.downloadermiddlewares.httpcompression.HttpCompressionMiddleware',
 'scrapy.downloadermiddlewares.redirect.RedirectMiddleware',
 'scrapy.downloadermiddlewares.cookies.CookiesMiddleware',
 'scrapy.downloadermiddlewares.httpproxy.HttpProxyMiddleware',
 'scrapy.downloadermiddlewares.stats.DownloaderStats']
2026-05-17 10:50:21 [scrapy.middleware] INFO: Enabled spider middlewares:
['scrapy.spidermiddlewares.start.StartSpiderMiddleware',
 'scrapy.spidermiddlewares.httperror.HttpErrorMiddleware',
 'scrapy_deltafetch.DeltaFetch',
 'science_dwh.middlewares.ScienceDwhSpiderMiddleware',
 'scrapy.spidermiddlewares.referer.RefererMiddleware',
 'scrapy.spidermiddlewares.urllength.UrlLengthMiddleware',
 'scrapy.spidermiddlewares.depth.DepthMiddleware']
2026-05-17 10:50:21 [scrapy.core.spidermw] WARNING: Middleware scrapy_deltafetch.middleware.DeltaFetch doesn't support asynchronous spider output, this is deprecated and will stop working in a future version of Scrapy. The middleware should be updated to support it. Please see https://docs.scrapy.org/en/latest/topics/coroutines.html#for-middleware-users for more information.
2026-05-17 10:50:21 [scrapy.core.spidermw] WARNING: Middleware science_dwh.middlewares.ScienceDwhSpiderMiddleware doesn't support asynchronous spider output, this is deprecated and will stop working in a future version of Scrapy. The middleware should be updated to support it. Please see https://docs.scrapy.org/en/latest/topics/coroutines.html#for-middleware-users for more information.
2026-05-17 10:50:21 [scrapy.middleware] INFO: Enabled item pipelines:
['science_dwh.pipelines.ScienceDwhPipeline']
2026-05-17 10:50:21 [scrapy.core.engine] INFO: Spider opened
2026-05-17 10:50:21 [scrapy.extensions.logstats] INFO: Crawled 0 pages (at 0 pages/min), scraped 0 items (at 0 items/min)
2026-05-17 10:50:21 [sme_spider] INFO: Spider opened: sme_spider
2026-05-17 10:50:21 [scrapy.extensions.telnet] INFO: Telnet console listening on 127.0.0.1:6024
2026-05-17 10:50:25 [scrapy_deltafetch.middleware] INFO: Ignoring already visited: <GET https://sme.hust.edu.vn/vi/organs/person/Van-phong-truong-11/Vu-Thi-Yen-148/>
2026-05-17 10:50:25 [scrapy_deltafetch.middleware] INFO: Ignoring already visited: <GET https://sme.hust.edu.vn/vi/organs/person/Khoa-Co-dien-tu-12/TS-Nguyen-Thai-Tat-Hoan-46/>
2026-05-17 10:50:25 [scrapy_deltafetch.middleware] INFO: Ignoring already visited: <GET https://sme.hust.edu.vn/vi/organs/person/Khoa-Co-dien-tu-12/ThS-Nguyen-Huu-Long-37/>
2026-05-17 10:50:25 [scrapy_deltafetch.middleware] INFO: Ignoring already visited: <GET https://sme.hust.edu.vn/vi/organs/person/Khoa-Co-dien-tu-12/PGS-TS-Nguyen-Thanh-Hung-92/>
2026-05-17 10:50:25 [scrapy_deltafetch.middleware] INFO: Ignoring already visited: <GET https://sme.hust.edu.vn/vi/organs/person/Khoa-Co-dien-tu-12/TS-PHAM-THANH-CHUNG-83/>
2026-05-17 10:50:25 [scrapy_deltafetch.middleware] INFO: Ignoring already visited: <GET https://sme.hust.edu.vn/vi/organs/person/Khoa-Co-dien-tu-12/TS-GVC-DO-DANG-KHOA-43/>
2026-05-17 10:50:25 [scrapy_deltafetch.middleware] INFO: Ignoring already visited: <GET https://sme.hust.edu.vn/vi/organs/person/Khoa-Co-dien-tu-12/PGS-TS-GVCC-Pham-Hong-Phuc-111/>
2026-05-17 10:50:25 [scrapy_deltafetch.middleware] INFO: Ignoring already visited: <GET https://sme.hust.edu.vn/vi/organs/person/Khoa-Co-dien-tu-12/PGS-TS-GVCC-Nguyen-Quang-Hoang-93/>
2026-05-17 10:50:25 [scrapy_deltafetch.middleware] INFO: Ignoring already visited: <GET https://sme.hust.edu.vn/vi/organs/person/Khoa-Co-dien-tu-12/TS-GVC-NGUYEN-THI-VAN-HUONG-98/>
2026-05-17 10:50:25 [scrapy_deltafetch.middleware] INFO: Ignoring already visited: <GET https://sme.hust.edu.vn/vi/organs/person/Khoa-Co-dien-tu-12/GS-TS-GVCC-DINH-VAN-PHONG-123/>
2026-05-17 10:50:25 [scrapy_deltafetch.middleware] INFO: Ignoring already visited: <GET https://sme.hust.edu.vn/vi/organs/person/Khoa-Co-dien-tu-12/TS-Pham-Minh-Hai-26/>
2026-05-17 10:50:25 [scrapy_deltafetch.middleware] INFO: Ignoring already visited: <GET https://sme.hust.edu.vn/vi/organs/person/Khoa-Co-dien-tu-12/TS-Nguyen-Thai-Minh-Tuan-10/>
2026-05-17 10:50:25 [scrapy_deltafetch.middleware] INFO: Ignoring already visited: <GET https://sme.hust.edu.vn/vi/organs/person/Khoa-Co-dien-tu-12/TS-Nguyen-Quang-Huy-13/>
2026-05-17 10:50:25 [scrapy_deltafetch.middleware] INFO: Ignoring already visited: <GET https://sme.hust.edu.vn/vi/organs/person/Khoa-Co-dien-tu-12/PGS-TS-Nguyen-Hong-Thai-131/>
2026-05-17 10:50:25 [scrapy_deltafetch.middleware] INFO: Ignoring already visited: <GET https://sme.hust.edu.vn/vi/organs/person/Khoa-Co-dien-tu-12/TS-Thai-Phuong-Thao-19/>
2026-05-17 10:50:25 [scrapy_deltafetch.middleware] INFO: Ignoring already visited: <GET https://sme.hust.edu.vn/vi/organs/person/Khoa-Co-dien-tu-12/TS-Dinh-Gia-Ninh-44/>
2026-05-17 10:50:25 [scrapy_deltafetch.middleware] INFO: Ignoring already visited: <GET https://sme.hust.edu.vn/vi/organs/person/Khoa-Co-khi-che-tao-may-13/TS-Han-Le-Duy-75/>
2026-05-17 10:50:25 [scrapy_deltafetch.middleware] INFO: Ignoring already visited: <GET https://sme.hust.edu.vn/vi/organs/person/Khoa-Co-khi-che-tao-may-13/TS-Phan-Huy-Le-45/>
2026-05-17 10:50:25 [scrapy_deltafetch.middleware] INFO: Ignoring already visited: <GET https://sme.hust.edu.vn/vi/organs/person/Khoa-Co-khi-che-tao-may-13/PGS-TS-Vu-Dinh-Toai-25/>
2026-05-17 10:50:25 [scrapy_deltafetch.middleware] INFO: Ignoring already visited: <GET https://sme.hust.edu.vn/vi/organs/person/Khoa-Co-khi-che-tao-may-13/TS-Luu-Trong-Thuan-11/>
2026-05-17 10:50:25 [scrapy_deltafetch.middleware] INFO: Ignoring already visited: <GET https://sme.hust.edu.vn/vi/organs/person/Khoa-Co-khi-che-tao-may-13/TS-Tran-Dinh-Long-120/>
2026-05-17 10:50:25 [scrapy_deltafetch.middleware] INFO: Ignoring already visited: <GET https://sme.hust.edu.vn/vi/organs/person/Khoa-Co-khi-che-tao-may-13/PGS-TS-Truong-Duc-Phuc-95/>
2026-05-17 10:50:25 [scrapy_deltafetch.middleware] INFO: Ignoring already visited: <GET https://sme.hust.edu.vn/vi/organs/person/Khoa-Co-khi-che-tao-may-13/TS-Tran-Lam-133/>
2026-05-17 10:50:25 [scrapy_deltafetch.middleware] INFO: Ignoring already visited: <GET https://sme.hust.edu.vn/vi/organs/person/Khoa-Co-khi-che-tao-may-13/TS-Le-Duc-Do-96/>
2026-05-17 10:50:25 [scrapy_deltafetch.middleware] INFO: Ignoring already visited: <GET https://sme.hust.edu.vn/vi/organs/person/Khoa-Co-khi-che-tao-may-13/PGS-TS-Nguyen-Kien-Trung-90/>
2026-05-17 10:50:25 [scrapy_deltafetch.middleware] INFO: Ignoring already visited: <GET https://sme.hust.edu.vn/vi/organs/person/Khoa-Co-khi-che-tao-may-13/GS-TS-Nguyen-Duc-Toan-85/>
2026-05-17 10:50:25 [scrapy_deltafetch.middleware] INFO: Ignoring already visited: <GET https://sme.hust.edu.vn/vi/organs/person/Khoa-Co-khi-che-tao-may-13/TS-Tran-Xuan-Thai-89/>
2026-05-17 10:50:25 [scrapy_deltafetch.middleware] INFO: Ignoring already visited: <GET https://sme.hust.edu.vn/vi/organs/person/Khoa-Co-khi-che-tao-may-13/TS-Nguyen-Thanh-Nhan-94/>
2026-05-17 10:50:25 [scrapy_deltafetch.middleware] INFO: Ignoring already visited: <GET https://sme.hust.edu.vn/vi/organs/person/Khoa-Co-khi-che-tao-may-13/PGS-TS-Nguyen-Manh-Cuong-154/>
2026-05-17 10:50:25 [scrapy_deltafetch.middleware] INFO: Ignoring already visited: <GET https://sme.hust.edu.vn/vi/organs/person/Khoa-Co-khi-che-tao-may-13/PGS-TS-Phung-Xuan-Lan-2/>
2026-05-17 10:50:25 [scrapy_deltafetch.middleware] INFO: Ignoring already visited: <GET https://sme.hust.edu.vn/vi/organs/person/Khoa-Co-khi-che-tao-may-13/PGS-TS-Nguyen-Thuy-Duong-47/>
2026-05-17 10:50:25 [scrapy_deltafetch.middleware] INFO: Ignoring already visited: <GET https://sme.hust.edu.vn/vi/organs/person/Khoa-Co-khi-che-tao-may-13/TS-Nguyen-Trong-Hai-48/>
2026-05-17 10:50:25 [scrapy_deltafetch.middleware] INFO: Ignoring already visited: <GET https://sme.hust.edu.vn/vi/organs/person/Khoa-Co-khi-che-tao-may-13/PGS-TS-GVCC-Bui-Van-Hanh-21/>
2026-05-17 10:50:25 [scrapy_deltafetch.middleware] INFO: Ignoring already visited: <GET https://sme.hust.edu.vn/vi/organs/person/Khoa-Co-khi-che-tao-may-13/GS-TSKH-NGND-Banh-Tien-Long-109/>
2026-05-17 10:50:25 [scrapy_deltafetch.middleware] INFO: Ignoring already visited: <GET https://sme.hust.edu.vn/vi/organs/person/Khoa-Co-khi-che-tao-may-13/PGS-TS-GVCC-Bui-Ngoc-Tuyen-18/>
2026-05-17 10:50:25 [scrapy_deltafetch.middleware] INFO: Ignoring already visited: <GET https://sme.hust.edu.vn/vi/organs/person/Khoa-Co-khi-che-tao-may-13/ThS-GVC-Do-Manh-Hong-124/>
2026-05-17 10:50:25 [scrapy_deltafetch.middleware] INFO: Ignoring already visited: <GET https://sme.hust.edu.vn/vi/organs/person/Khoa-Co-khi-che-tao-may-13/PGS-TS-GVCC-Truong-Hoanh-Son-6/>
2026-05-17 10:50:25 [scrapy_deltafetch.middleware] INFO: Ignoring already visited: <GET https://sme.hust.edu.vn/vi/organs/person/Khoa-Co-khi-che-tao-may-13/ThS-Nguyen-Thu-Nga-30/>
2026-05-17 10:50:25 [scrapy_deltafetch.middleware] INFO: Ignoring already visited: <GET https://sme.hust.edu.vn/vi/organs/person/Khoa-Co-khi-che-tao-may-13/TS-GVC-Le-Duc-Bao-32/>
2026-05-17 10:50:25 [scrapy_deltafetch.middleware] INFO: Ignoring already visited: <GET https://sme.hust.edu.vn/vi/organs/person/Khoa-Co-khi-che-tao-may-13/TS-Tran-Duc-Toan-110/>
2026-05-17 10:50:25 [scrapy_deltafetch.middleware] INFO: Ignoring already visited: <GET https://sme.hust.edu.vn/vi/organs/person/Khoa-Co-khi-che-tao-may-13/TS-Tao-Ngoc-Linh-35/>
2026-05-17 10:50:25 [scrapy_deltafetch.middleware] INFO: Ignoring already visited: <GET https://sme.hust.edu.vn/vi/organs/person/Khoa-Co-khi-che-tao-may-13/ThS-Nguyen-Xuan-Quynh-17/>
2026-05-17 10:50:25 [scrapy_deltafetch.middleware] INFO: Ignoring already visited: <GET https://sme.hust.edu.vn/vi/organs/person/Khoa-Co-khi-che-tao-may-13/ThS-GVC-Tran-Hoang-Anh-34/>
2026-05-17 10:50:25 [scrapy_deltafetch.middleware] INFO: Ignoring already visited: <GET https://sme.hust.edu.vn/vi/organs/person/Khoa-Co-khi-che-tao-may-13/GS-TS-Pham-Van-Hung-126/>
2026-05-17 10:50:25 [scrapy_deltafetch.middleware] INFO: Ignoring already visited: <GET https://sme.hust.edu.vn/vi/organs/person/Khoa-Co-khi-che-tao-may-13/PGS-TS-Nguyen-Ngoc-Kien-15/>
2026-05-17 10:50:25 [scrapy_deltafetch.middleware] INFO: Ignoring already visited: <GET https://sme.hust.edu.vn/vi/organs/person/Khoa-Co-khi-che-tao-may-13/TS-Tran-Vu-Minh-16/>
2026-05-17 10:50:25 [scrapy_deltafetch.middleware] INFO: Ignoring already visited: <GET https://sme.hust.edu.vn/vi/organs/person/Khoa-Co-khi-che-tao-may-13/TS-Tran-Minh-Thuy-33/>
2026-05-17 10:50:25 [scrapy_deltafetch.middleware] INFO: Ignoring already visited: <GET https://sme.hust.edu.vn/vi/organs/person/Khoa-Co-khi-che-tao-may-13/ThS-Pham-Tuan-Anh-12/>
2026-05-17 10:50:25 [scrapy_deltafetch.middleware] INFO: Ignoring already visited: <GET https://sme.hust.edu.vn/vi/organs/person/Khoa-Co-khi-che-tao-may-13/ThS-GVC-Nguyen-Thu-Huong-27/>
2026-05-17 10:50:25 [scrapy_deltafetch.middleware] INFO: Ignoring already visited: <GET https://sme.hust.edu.vn/vi/organs/person/Khoa-Co-khi-che-tao-may-13/TS-Nguyen-Anh-Dung-31/>
2026-05-17 10:50:25 [scrapy_deltafetch.middleware] INFO: Ignoring already visited: <GET https://sme.hust.edu.vn/vi/organs/person/Khoa-Co-khi-che-tao-may-13/PGS-TS-Nguyen-Van-Tinh-7/>
2026-05-17 10:50:25 [scrapy_deltafetch.middleware] INFO: Ignoring already visited: <GET https://sme.hust.edu.vn/vi/organs/person/Khoa-Co-khi-che-tao-may-13/TS-Le-Van-Tuan-8/>
2026-05-17 10:50:25 [scrapy_deltafetch.middleware] INFO: Ignoring already visited: <GET https://sme.hust.edu.vn/vi/organs/person/Khoa-Co-khi-che-tao-may-13/TS-Tran-Van-Thuc-24/>
2026-05-17 10:50:25 [scrapy_deltafetch.middleware] INFO: Ignoring already visited: <GET https://sme.hust.edu.vn/vi/organs/person/Khoa-Co-khi-che-tao-may-13/PGS-TS-Pham-Van-Nghe-163/>
2026-05-17 10:50:25 [scrapy_deltafetch.middleware] INFO: Ignoring already visited: <GET https://sme.hust.edu.vn/vi/organs/person/Khoa-Co-khi-che-tao-may-13/PGS-TS-Le-Trung-Kien-164/>
2026-05-17 10:50:25 [scrapy_deltafetch.middleware] INFO: Ignoring already visited: <GET https://sme.hust.edu.vn/vi/organs/person/Khoa-Co-khi-che-tao-may-13/TS-Dinh-Van-Duy-165/>
2026-05-17 10:50:25 [scrapy_deltafetch.middleware] INFO: Ignoring already visited: <GET https://sme.hust.edu.vn/vi/organs/person/Khoa-Co-khi-che-tao-may-13/PGS-TS-Nguyen-Thanh-Dong-169/>
2026-05-17 10:50:25 [scrapy_deltafetch.middleware] INFO: Ignoring already visited: <GET https://sme.hust.edu.vn/vi/organs/person/Khoa-Co-khi-che-tao-may-13/PGS-TS-Nguyen-Thi-Thu-177/>
2026-05-17 10:50:25 [scrapy_deltafetch.middleware] INFO: Ignoring already visited: <GET https://sme.hust.edu.vn/vi/organs/person/Khoa-Co-khi-che-tao-may-13/ThS-Nguyen-Duc-Huy-231/>
2026-05-17 10:50:25 [scrapy_deltafetch.middleware] INFO: Ignoring already visited: <GET https://sme.hust.edu.vn/vi/organs/person/Khoa-Co-khi-che-tao-may-13/PGS-TS-Nguyen-Dac-Trung-237/>
2026-05-17 10:50:25 [scrapy_deltafetch.middleware] INFO: Ignoring already visited: <GET https://sme.hust.edu.vn/vi/organs/person/Khoa-Co-khi-che-tao-may-13/TS-Vu-Tien-Dung-262/>
2026-05-17 10:50:25 [scrapy_deltafetch.middleware] INFO: Ignoring already visited: <GET https://sme.hust.edu.vn/vi/organs/person/Khoa-Co-khi-che-tao-may-13/TS-Nguyen-Thanh-Tuan-265/>
2026-05-17 10:50:25 [scrapy_deltafetch.middleware] INFO: Ignoring already visited: <GET https://sme.hust.edu.vn/vi/organs/person/Khoa-Co-khi-che-tao-may-13/TS-Pham-Quoc-Tuan-271/>
2026-05-17 10:50:25 [scrapy_deltafetch.middleware] INFO: Ignoring already visited: <GET https://sme.hust.edu.vn/vi/organs/person/Khoa-Co-khi-dong-luc-14/TS-Nguyen-Dong-255/>
2026-05-17 10:50:25 [scrapy_deltafetch.middleware] INFO: Ignoring already visited: <GET https://sme.hust.edu.vn/vi/organs/person/Khoa-Co-khi-dong-luc-14/ThS-Le-Bao-Viet-277/>
2026-05-17 10:50:25 [scrapy_deltafetch.middleware] INFO: Ignoring already visited: <GET https://sme.hust.edu.vn/vi/organs/person/Khoa-Co-khi-dong-luc-14/PGS-TS-Luong-Ngoc-Loi-210/>
2026-05-17 10:50:25 [scrapy_deltafetch.middleware] INFO: Ignoring already visited: <GET https://sme.hust.edu.vn/vi/organs/person/Khoa-Co-khi-dong-luc-14/PGS-TS-Truong-Viet-Anh-209/>
2026-05-17 10:50:25 [scrapy_deltafetch.middleware] INFO: Ignoring already visited: <GET https://sme.hust.edu.vn/vi/organs/person/Khoa-Co-khi-dong-luc-14/TS-Truong-Van-Thuan-208/>
2026-05-17 10:50:25 [scrapy_deltafetch.middleware] INFO: Ignoring already visited: <GET https://sme.hust.edu.vn/vi/organs/person/Khoa-Co-khi-dong-luc-14/PGS-TS-Tran-Xuan-Bo-207/>
2026-05-17 10:50:25 [scrapy_deltafetch.middleware] INFO: Ignoring already visited: <GET https://sme.hust.edu.vn/vi/organs/person/Khoa-Co-khi-dong-luc-14/TS-Tran-Khanh-Duong-206/>
2026-05-17 10:50:25 [scrapy_deltafetch.middleware] INFO: Ignoring already visited: <GET https://sme.hust.edu.vn/vi/organs/person/Khoa-Co-khi-dong-luc-14/PGS-TS-Ngo-Ich-Long-205/>
2026-05-17 10:50:25 [scrapy_deltafetch.middleware] INFO: Ignoring already visited: <GET https://sme.hust.edu.vn/vi/organs/person/Khoa-Co-khi-dong-luc-14/PGS-TS-Le-Thi-Tuyet-Nhung-204/>
2026-05-17 10:50:25 [scrapy_deltafetch.middleware] INFO: Ignoring already visited: <GET https://sme.hust.edu.vn/vi/organs/person/Khoa-Co-khi-dong-luc-14/PGS-TS-Hoang-Thi-Kim-Dung-202/>
2026-05-17 10:50:25 [scrapy_deltafetch.middleware] INFO: Ignoring already visited: <GET https://sme.hust.edu.vn/vi/organs/person/Khoa-Co-khi-dong-luc-14/TS-Ha-Manh-Tuan-201/>
2026-05-17 10:50:25 [scrapy_deltafetch.middleware] INFO: Ignoring already visited: <GET https://sme.hust.edu.vn/vi/organs/person/Khoa-Co-khi-dong-luc-14/PGS-TS-Dinh-Cong-Truong-200/>
2026-05-17 10:50:25 [scrapy_deltafetch.middleware] INFO: Ignoring already visited: <GET https://sme.hust.edu.vn/vi/organs/person/Khoa-Co-khi-dong-luc-14/PGS-TS-Ngo-Van-He-211/>
2026-05-17 10:50:25 [scrapy_deltafetch.middleware] INFO: Ignoring already visited: <GET https://sme.hust.edu.vn/vi/organs/person/Khoa-Co-khi-dong-luc-14/PGS-TS-Ngo-Van-Hien-212/>
2026-05-17 10:50:25 [scrapy_deltafetch.middleware] INFO: Ignoring already visited: <GET https://sme.hust.edu.vn/vi/organs/person/Khoa-Co-khi-dong-luc-14/TS-Hoang-Cong-Liem-253/>
2026-05-17 10:50:25 [scrapy_deltafetch.middleware] INFO: Ignoring already visited: <GET https://sme.hust.edu.vn/vi/organs/person/Khoa-Co-khi-dong-luc-14/TS-Tran-Trong-Dat-276/>
2026-05-17 10:50:25 [scrapy_deltafetch.middleware] INFO: Ignoring already visited: <GET https://sme.hust.edu.vn/vi/organs/person/Khoa-Co-khi-dong-luc-14/ThS-Nguyen-Quoc-Trieu-275/>
2026-05-17 10:50:25 [scrapy_deltafetch.middleware] INFO: Ignoring already visited: <GET https://sme.hust.edu.vn/vi/organs/person/Khoa-Co-khi-dong-luc-14/PGS-TS-Tran-Thi-Thu-Huong-274/>
2026-05-17 10:50:25 [scrapy_deltafetch.middleware] INFO: Ignoring already visited: <GET https://sme.hust.edu.vn/vi/organs/person/Khoa-Co-khi-dong-luc-14/TS-Ngo-Cu-Long-273/>
2026-05-17 10:50:25 [scrapy_deltafetch.middleware] INFO: Ignoring already visited: <GET https://sme.hust.edu.vn/vi/organs/person/Khoa-Co-khi-dong-luc-14/TS-Luong-Minh-Bau-272/>
2026-05-17 10:50:25 [scrapy_deltafetch.middleware] INFO: Ignoring already visited: <GET https://sme.hust.edu.vn/vi/organs/person/Khoa-Co-khi-dong-luc-14/PGS-TS-Tran-Dang-Quoc-261/>
2026-05-17 10:50:25 [scrapy_deltafetch.middleware] INFO: Ignoring already visited: <GET https://sme.hust.edu.vn/vi/organs/person/Khoa-Co-khi-dong-luc-14/PGS-TS-Phan-Anh-Tuan-258/>
2026-05-17 10:50:25 [scrapy_deltafetch.middleware] INFO: Ignoring already visited: <GET https://sme.hust.edu.vn/vi/organs/person/Khoa-Co-khi-dong-luc-14/GS-TS-Pham-Van-Sang-257/>
2026-05-17 10:50:25 [scrapy_deltafetch.middleware] INFO: Ignoring already visited: <GET https://sme.hust.edu.vn/vi/organs/person/Khoa-Co-khi-dong-luc-14/TS-Pham-Thi-Thanh-Huong-256/>
2026-05-17 10:50:25 [scrapy_deltafetch.middleware] INFO: Ignoring already visited: <GET https://sme.hust.edu.vn/vi/organs/person/Khoa-Co-khi-dong-luc-14/PGS-TS-Le-Thanh-Tung-254/>
2026-05-17 10:50:25 [scrapy_deltafetch.middleware] INFO: Ignoring already visited: <GET https://sme.hust.edu.vn/vi/organs/person/Khoa-Co-khi-dong-luc-14/TS-Nguyen-Tien-Dung-199/>
2026-05-17 10:50:25 [scrapy_deltafetch.middleware] INFO: Ignoring already visited: <GET https://sme.hust.edu.vn/vi/organs/person/Khoa-Co-khi-dong-luc-14/TS-Nguyen-Thanh-Tung-198/>
2026-05-17 10:50:25 [scrapy_deltafetch.middleware] INFO: Ignoring already visited: <GET https://sme.hust.edu.vn/vi/organs/person/Khoa-Co-khi-dong-luc-14/PGS-TS-Pham-Huu-Tuyen-197/>
2026-05-17 10:50:25 [scrapy_deltafetch.middleware] INFO: Ignoring already visited: <GET https://sme.hust.edu.vn/vi/organs/person/Khoa-Co-khi-dong-luc-14/TS-Dinh-Tan-Hung-152/>
2026-05-17 10:50:25 [scrapy_deltafetch.middleware] INFO: Ignoring already visited: <GET https://sme.hust.edu.vn/vi/organs/person/Khoa-Co-khi-dong-luc-14/PGS-TS-Vu-Dinh-Quy-143/>
2026-05-17 10:50:25 [scrapy_deltafetch.middleware] INFO: Ignoring already visited: <GET https://sme.hust.edu.vn/vi/organs/person/Khoa-Co-khi-dong-luc-14/TS-Le-Xuan-Truong-136/>
2026-05-17 10:50:25 [scrapy_deltafetch.middleware] INFO: Ignoring already visited: <GET https://sme.hust.edu.vn/vi/organs/person/Khoa-Co-khi-dong-luc-14/TS-Nguyen-Duy-Tien-130/>
2026-05-17 10:50:25 [scrapy_deltafetch.middleware] INFO: Ignoring already visited: <GET https://sme.hust.edu.vn/vi/organs/person/Khoa-Co-khi-dong-luc-14/TS-Hoang-Thanh-Tung-128/>
2026-05-17 10:50:25 [scrapy_deltafetch.middleware] INFO: Ignoring already visited: <GET https://sme.hust.edu.vn/vi/organs/person/Khoa-Co-khi-dong-luc-14/TS-Do-Huy-Cuong-76/>
2026-05-17 10:50:25 [scrapy_deltafetch.middleware] INFO: Ignoring already visited: <GET https://sme.hust.edu.vn/vi/organs/person/Khoa-Co-khi-dong-luc-14/PGS-TS-Le-Thi-Thai-66/>
2026-05-17 10:50:25 [scrapy_deltafetch.middleware] INFO: Ignoring already visited: <GET https://sme.hust.edu.vn/vi/organs/person/Khoa-Co-khi-dong-luc-14/TS-Trinh-Minh-Hoang-49/>
2026-05-17 10:50:25 [scrapy_deltafetch.middleware] INFO: Ignoring already visited: <GET https://sme.hust.edu.vn/vi/organs/person/Khoa-Co-khi-dong-luc-14/TS-Le-Van-Minh-42/>
2026-05-17 10:50:25 [scrapy_deltafetch.middleware] INFO: Ignoring already visited: <GET https://sme.hust.edu.vn/vi/organs/person/Khoa-Co-khi-dong-luc-14/PGS-TS-Nguyen-Trong-Hoan-41/>
2026-05-17 10:50:25 [scrapy_deltafetch.middleware] INFO: Ignoring already visited: <GET https://sme.hust.edu.vn/vi/organs/person/Khoa-Co-khi-dong-luc-14/GS-TS-Pham-Minh-Tuan-40/>
2026-05-17 10:50:25 [scrapy_deltafetch.middleware] INFO: Ignoring already visited: <GET https://sme.hust.edu.vn/vi/organs/person/Khoa-Co-khi-dong-luc-14/GS-TS-Le-Anh-Tuan-162/>
2026-05-17 10:50:25 [scrapy_deltafetch.middleware] INFO: Ignoring already visited: <GET https://sme.hust.edu.vn/vi/organs/person/Khoa-Co-khi-dong-luc-14/PGS-TS-Duong-Ngoc-Khanh-167/>
2026-05-17 10:50:25 [scrapy_deltafetch.middleware] INFO: Ignoring already visited: <GET https://sme.hust.edu.vn/vi/organs/person/Khoa-Co-khi-dong-luc-14/PGS-TS-Le-Van-Nghia-196/>
2026-05-17 10:50:25 [scrapy_deltafetch.middleware] INFO: Ignoring already visited: <GET https://sme.hust.edu.vn/vi/organs/person/Khoa-Co-khi-dong-luc-14/PGS-TS-Ho-Huu-Hai-195/>
2026-05-17 10:50:25 [scrapy_deltafetch.middleware] INFO: Ignoring already visited: <GET https://sme.hust.edu.vn/vi/organs/person/Khoa-Co-khi-dong-luc-14/TS-Hoang-Thang-Binh-194/>
2026-05-17 10:50:25 [scrapy_deltafetch.middleware] INFO: Ignoring already visited: <GET https://sme.hust.edu.vn/vi/organs/person/Khoa-Co-khi-dong-luc-14/PGS-TS-Khong-Vu-Quang-192/>
2026-05-17 10:50:25 [scrapy_deltafetch.middleware] INFO: Ignoring already visited: <GET https://sme.hust.edu.vn/vi/organs/person/Khoa-Co-khi-dong-luc-14/PGS-TS-Dam-Hoang-Phuc-191/>
2026-05-17 10:50:25 [scrapy_deltafetch.middleware] INFO: Ignoring already visited: <GET https://sme.hust.edu.vn/vi/organs/person/Khoa-Co-khi-dong-luc-14/TS-Nguyen-The-Truc-190/>
2026-05-17 10:50:25 [scrapy_deltafetch.middleware] INFO: Ignoring already visited: <GET https://sme.hust.edu.vn/vi/organs/person/Khoa-Co-khi-dong-luc-14/PGS-TS-Nguyen-The-Luong-189/>
2026-05-17 10:50:25 [scrapy_deltafetch.middleware] INFO: Ignoring already visited: <GET https://sme.hust.edu.vn/vi/organs/person/Khoa-Co-khi-dong-luc-14/ThS-Nguyen-Duc-Khanh-188/>
2026-05-17 10:50:25 [scrapy_deltafetch.middleware] INFO: Ignoring already visited: <GET https://sme.hust.edu.vn/vi/organs/person/Khoa-Co-khi-dong-luc-14/PGS-TS-Hoang-Dinh-Long-187/>
2026-05-17 10:50:25 [scrapy_deltafetch.middleware] INFO: Ignoring already visited: <GET https://sme.hust.edu.vn/vi/organs/person/Khoa-Co-khi-dong-luc-14/ThS-Truong-Dang-Viet-Thang-186/>
2026-05-17 10:50:25 [scrapy_deltafetch.middleware] INFO: Ignoring already visited: <GET https://sme.hust.edu.vn/vi/organs/person/Khoa-Co-khi-dong-luc-14/TS-Luu-Hong-Quan-170/>
2026-05-17 10:50:25 [scrapy_deltafetch.middleware] INFO: Ignoring already visited: <GET https://sme.hust.edu.vn/vi/organs/person/Khoa-Co-khi-dong-luc-14/TS-Pham-Gia-Diem-29/>
2026-05-17 10:50:25 [scrapy_deltafetch.middleware] INFO: Ignoring already visited: <GET https://sme.hust.edu.vn/vi/organs/person/Khoa-Nang-luong-nhiet-15/PGS-TS-Lai-Ngoc-Anh-122/>
2026-05-17 10:50:25 [scrapy_deltafetch.middleware] INFO: Ignoring already visited: <GET https://sme.hust.edu.vn/vi/organs/person/Khoa-Nang-luong-nhiet-15/TS-Nguyen-Xuan-Quang-145/>
2026-05-17 10:50:25 [scrapy_deltafetch.middleware] INFO: Ignoring already visited: <GET https://sme.hust.edu.vn/vi/organs/person/Khoa-Nang-luong-nhiet-15/TS-Nguyen-Tien-Cuong-147/>
2026-05-17 10:50:25 [scrapy_deltafetch.middleware] INFO: Ignoring already visited: <GET https://sme.hust.edu.vn/vi/organs/person/Khoa-Nang-luong-nhiet-15/Nguyen-Van-An-149/>
2026-05-17 10:50:25 [scrapy_deltafetch.middleware] INFO: Ignoring already visited: <GET https://sme.hust.edu.vn/vi/organs/person/Khoa-Nang-luong-nhiet-15/ThS-Pham-Van-Tan-153/>
2026-05-17 10:50:25 [scrapy_deltafetch.middleware] INFO: Ignoring already visited: <GET https://sme.hust.edu.vn/vi/organs/person/Khoa-Nang-luong-nhiet-15/Bui-Hong-Son-157/>
2026-05-17 10:50:25 [scrapy_deltafetch.middleware] INFO: Ignoring already visited: <GET https://sme.hust.edu.vn/vi/organs/person/Khoa-Nang-luong-nhiet-15/TS-Le-Duc-Dung-158/>
2026-05-17 10:50:25 [scrapy_deltafetch.middleware] INFO: Ignoring already visited: <GET https://sme.hust.edu.vn/vi/organs/person/Khoa-Nang-luong-nhiet-15/Le-Xuan-Tuan-159/>
2026-05-17 10:50:25 [scrapy_deltafetch.middleware] INFO: Ignoring already visited: <GET https://sme.hust.edu.vn/vi/organs/person/Khoa-Nang-luong-nhiet-15/TS-Ta-Van-Chuong-160/>
2026-05-17 10:50:25 [scrapy_deltafetch.middleware] INFO: Ignoring already visited: <GET https://sme.hust.edu.vn/vi/organs/person/Khoa-Nang-luong-nhiet-15/TS-Do-Manh-Hung-219/>
2026-05-17 10:50:25 [scrapy_deltafetch.middleware] INFO: Ignoring already visited: <GET https://sme.hust.edu.vn/vi/organs/person/Khoa-Nang-luong-nhiet-15/TS-Vu-Thu-Diep-220/>
2026-05-17 10:50:25 [scrapy_deltafetch.middleware] INFO: Ignoring already visited: <GET https://sme.hust.edu.vn/vi/organs/person/Khoa-Nang-luong-nhiet-15/Ths-Vu-Tuan-Anh-221/>
2026-05-17 10:50:25 [scrapy_deltafetch.middleware] INFO: Ignoring already visited: <GET https://sme.hust.edu.vn/vi/organs/person/Khoa-Nang-luong-nhiet-15/TS-Ho-Huu-Phung-222/>
2026-05-17 10:50:25 [scrapy_deltafetch.middleware] INFO: Ignoring already visited: <GET https://sme.hust.edu.vn/vi/organs/person/Khoa-Nang-luong-nhiet-15/TS-Nguyen-Ba-Chien-223/>
2026-05-17 10:50:25 [scrapy_deltafetch.middleware] INFO: Ignoring already visited: <GET https://sme.hust.edu.vn/vi/organs/person/Khoa-Nang-luong-nhiet-15/TS-Nguyen-Dinh-Vinh-239/>
2026-05-17 10:50:25 [scrapy_deltafetch.middleware] INFO: Ignoring already visited: <GET https://sme.hust.edu.vn/vi/organs/person/Khoa-Nang-luong-nhiet-15/TS-Trinh-Quoc-Dung-243/>
2026-05-17 10:50:25 [scrapy_deltafetch.middleware] INFO: Ignoring already visited: <GET https://sme.hust.edu.vn/vi/organs/person/Khoa-Nang-luong-nhiet-15/PGS-TS-Dang-Tran-Tho-247/>
2026-05-17 10:50:25 [scrapy_deltafetch.middleware] INFO: Ignoring already visited: <GET https://sme.hust.edu.vn/vi/organs/person/Khoa-Nang-luong-nhiet-15/PGS-TS-Tran-Thi-Thu-Hang-248/>
2026-05-17 10:50:25 [scrapy_deltafetch.middleware] INFO: Ignoring already visited: <GET https://sme.hust.edu.vn/vi/organs/person/Khoa-Nang-luong-nhiet-15/PGS-TS-Le-Kieu-Hiep-249/>
2026-05-17 10:50:25 [scrapy_deltafetch.middleware] INFO: Ignoring already visited: <GET https://sme.hust.edu.vn/vi/organs/person/Khoa-Nang-luong-nhiet-15/TS-Nguyen-Duc-Quang-250/>
2026-05-17 10:50:25 [scrapy_deltafetch.middleware] INFO: Ignoring already visited: <GET https://sme.hust.edu.vn/vi/organs/person/Khoa-Nang-luong-nhiet-15/TS-Pham-Thai-Son-252/>
2026-05-17 10:50:25 [scrapy_deltafetch.middleware] INFO: Ignoring already visited: <GET https://sme.hust.edu.vn/vi/organs/person/Khoa-Nang-luong-nhiet-15/PGS-TS-NGUYEN-VIET-DUNG-260/>
2026-05-17 10:50:25 [scrapy_deltafetch.middleware] INFO: Ignoring already visited: <GET https://sme.hust.edu.vn/vi/organs/person/Khoa-Nang-luong-nhiet-15/TS-Trinh-Viet-Thieu-270/>
2026-05-17 10:50:25 [scrapy_deltafetch.middleware] INFO: Ignoring already visited: <GET https://sme.hust.edu.vn/vi/organs/person/Trung-tam-ky-thuat-co-khi-16/ThS-Nguyen-Trong-Thanh-100/>
2026-05-17 10:50:25 [scrapy_deltafetch.middleware] INFO: Ignoring already visited: <GET https://sme.hust.edu.vn/vi/organs/person/Trung-tam-ky-thuat-co-khi-16/ThS-Tran-Thi-Son-Ha-51/>
2026-05-17 10:50:25 [scrapy_deltafetch.middleware] INFO: Ignoring already visited: <GET https://sme.hust.edu.vn/vi/organs/person/Trung-tam-ky-thuat-co-khi-16/ThS-Tran-Thi-Hai-Yen-61/>
2026-05-17 10:50:25 [scrapy_deltafetch.middleware] INFO: Ignoring already visited: <GET https://sme.hust.edu.vn/vi/organs/person/Trung-tam-ky-thuat-co-khi-16/KS-Hoang-Duc-Cuong-50/>
2026-05-17 10:50:25 [scrapy_deltafetch.middleware] INFO: Ignoring already visited: <GET https://sme.hust.edu.vn/vi/organs/person/Trung-tam-ky-thuat-co-khi-16/ThS-Nguyen-Van-Phong-80/>
2026-05-17 10:50:25 [scrapy_deltafetch.middleware] INFO: Ignoring already visited: <GET https://sme.hust.edu.vn/vi/organs/person/Trung-tam-ky-thuat-co-khi-16/ThS-Nguyen-Lien-Hiep-64/>
2026-05-17 10:50:25 [scrapy_deltafetch.middleware] INFO: Ignoring already visited: <GET https://sme.hust.edu.vn/vi/organs/person/Trung-tam-ky-thuat-co-khi-16/KS-Vu-Tran-Hoang-79/>
2026-05-17 10:50:25 [scrapy_deltafetch.middleware] INFO: Ignoring already visited: <GET https://sme.hust.edu.vn/vi/organs/person/Trung-tam-ky-thuat-co-khi-16/ThS-Dang-Thai-Duong-74/>
2026-05-17 10:50:25 [scrapy_deltafetch.middleware] INFO: Ignoring already visited: <GET https://sme.hust.edu.vn/vi/organs/person/Trung-tam-ky-thuat-co-khi-16/ThS-Ngo-Manh-Hien-78/>
2026-05-17 10:50:25 [scrapy_deltafetch.middleware] INFO: Ignoring already visited: <GET https://sme.hust.edu.vn/vi/organs/person/Trung-tam-ky-thuat-co-khi-16/ThS-Bui-Thanh-Nga-73/>
2026-05-17 10:50:25 [scrapy_deltafetch.middleware] INFO: Ignoring already visited: <GET https://sme.hust.edu.vn/vi/organs/person/Trung-tam-ky-thuat-co-khi-16/KS-Vu-Hoang-Binh-22/>
2026-05-17 10:50:25 [scrapy_deltafetch.middleware] INFO: Ignoring already visited: <GET https://sme.hust.edu.vn/vi/organs/person/Trung-tam-ky-thuat-co-khi-16/KS-Nguyen-Manh-Chien-72/>
2026-05-17 10:50:25 [scrapy_deltafetch.middleware] INFO: Ignoring already visited: <GET https://sme.hust.edu.vn/vi/organs/person/Trung-tam-ky-thuat-co-khi-16/KS-Nguyen-Luong-Huy-71/>
2026-05-17 10:50:25 [scrapy_deltafetch.middleware] INFO: Ignoring already visited: <GET https://sme.hust.edu.vn/vi/organs/person/Trung-tam-ky-thuat-co-khi-16/CN-Nguyen-Viet-Viet-70/>
2026-05-17 10:50:25 [scrapy_deltafetch.middleware] INFO: Ignoring already visited: <GET https://sme.hust.edu.vn/vi/organs/person/Trung-tam-ky-thuat-co-khi-16/ThS-Than-Hoang-Bao-Lam-69/>
2026-05-17 10:50:25 [scrapy_deltafetch.middleware] INFO: Ignoring already visited: <GET https://sme.hust.edu.vn/vi/organs/person/Trung-tam-ky-thuat-co-khi-16/ThS-Le-Huu-Manh-68/>
2026-05-17 10:50:25 [scrapy_deltafetch.middleware] INFO: Ignoring already visited: <GET https://sme.hust.edu.vn/vi/organs/person/Trung-tam-ky-thuat-co-khi-16/ThS-Nghiem-Xuan-Giang-65/>
2026-05-17 10:50:25 [scrapy_deltafetch.middleware] INFO: Ignoring already visited: <GET https://sme.hust.edu.vn/vi/organs/person/Trung-tam-ky-thuat-co-khi-16/KS-Tran-Thi-Mai-Doan-132/>
2026-05-17 10:50:25 [scrapy_deltafetch.middleware] INFO: Ignoring already visited: <GET https://sme.hust.edu.vn/vi/organs/person/Trung-tam-ky-thuat-co-khi-16/Ths-Nguyen-Thi-Thu-Nga-91/>
2026-05-17 10:50:25 [scrapy_deltafetch.middleware] INFO: Ignoring already visited: <GET https://sme.hust.edu.vn/vi/organs/person/Trung-tam-ky-thuat-co-khi-16/KS-Nguyen-Manh-Tuong-81/>
2026-05-17 10:50:25 [scrapy_deltafetch.middleware] INFO: Ignoring already visited: <GET https://sme.hust.edu.vn/vi/organs/person/Trung-tam-ky-thuat-co-khi-16/CN-Nguyen-Ky-Son-28/>
2026-05-17 10:50:25 [scrapy_deltafetch.middleware] INFO: Ignoring already visited: <GET https://sme.hust.edu.vn/vi/organs/person/Trung-tam-ky-thuat-co-khi-16/ThS-Dang-Vu-Vinh-62/>
2026-05-17 10:50:25 [scrapy_deltafetch.middleware] INFO: Ignoring already visited: <GET https://sme.hust.edu.vn/vi/organs/person/Trung-tam-ky-thuat-co-khi-16/ThS-Nguyen-Duc-Minh-116/>
2026-05-17 10:50:25 [scrapy_deltafetch.middleware] INFO: Ignoring already visited: <GET https://sme.hust.edu.vn/vi/organs/person/Trung-tam-ky-thuat-co-khi-16/ThS-Vu-Ngoc-Khiem-117/>
2026-05-17 10:50:25 [scrapy_deltafetch.middleware] INFO: Ignoring already visited: <GET https://sme.hust.edu.vn/vi/organs/person/Trung-tam-ky-thuat-co-khi-16/ThS-Nguyen-Thi-Minh-Nguyet-238/>
2026-05-17 10:50:25 [scrapy_deltafetch.middleware] INFO: Ignoring already visited: <GET https://sme.hust.edu.vn/vi/organs/person/Trung-tam-ky-thuat-co-khi-16/KS-Nguyen-Thi-Huyen-150/>
2026-05-17 10:50:25 [scrapy_deltafetch.middleware] INFO: Ignoring already visited: <GET https://sme.hust.edu.vn/vi/organs/person/Trung-tam-ky-thuat-co-khi-16/KS-Duong-Ngoc-Vu-230/>
2026-05-17 10:50:25 [scrapy_deltafetch.middleware] INFO: Ignoring already visited: <GET https://sme.hust.edu.vn/vi/organs/person/Trung-tam-ky-thuat-co-khi-16/ThS-Do-Van-Nghia-279/>
2026-05-17 10:50:25 [scrapy_deltafetch.middleware] INFO: Ignoring already visited: <GET https://sme.hust.edu.vn/vi/organs/person/Trung-tam-ky-thuat-co-khi-16/ThS-Nguyen-Hai-Dang-280/>
2026-05-17 10:50:25 [scrapy_deltafetch.middleware] INFO: Ignoring already visited: <GET https://sme.hust.edu.vn/vi/organs/person/Trung-tam-ky-thuat-co-khi-16/KS-Ta-Dinh-Giap-284/>
2026-05-17 10:50:25 [scrapy_deltafetch.middleware] INFO: Ignoring already visited: <GET https://sme.hust.edu.vn/vi/organs/person/Phong-thi-nghiem-nha-may-so-thong-minh-18/TS-Dao-Quy-Thinh-38/>
2026-05-17 10:50:25 [scrapy_deltafetch.middleware] INFO: Ignoring already visited: <GET https://sme.hust.edu.vn/vi/organs/person/Phong-thi-nghiem-nha-may-so-thong-minh-18/Ha-Thi-Thu-Trang-246/>
2026-05-17 10:51:11 [scrapy.spidermiddlewares.httperror] INFO: Ignoring response <429 https://sme.hust.edu.vn/vi/organs/person/Khoa-Co-khi-che-tao-may-13/TS-GVC-Tran-Duc-Toan-9/>: HTTP status code is not handled or not allowed
2026-05-17 10:51:12 [scrapy.spidermiddlewares.httperror] INFO: Ignoring response <429 https://sme.hust.edu.vn/vi/organs/person/Khoa-Co-khi-che-tao-may-13/PGS-TS-GVCC-Nguyen-Nhat-Thang-125/>: HTTP status code is not handled or not allowed
2026-05-17 10:51:13 [scrapy.spidermiddlewares.httperror] INFO: Ignoring response <429 https://sme.hust.edu.vn/vi/organs/person/Khoa-Co-khi-che-tao-may-13/PGS-TS-GVCC-Bui-Tuan-Anh-4/>: HTTP status code is not handled or not allowed
2026-05-17 10:51:15 [scrapy.spidermiddlewares.httperror] INFO: Ignoring response <429 https://sme.hust.edu.vn/vi/organs/person/Khoa-Co-khi-che-tao-may-13/PGS-TS-Hoang-Long-67/>: HTTP status code is not handled or not allowed
2026-05-17 10:51:16 [scrapy.spidermiddlewares.httperror] INFO: Ignoring response <429 https://sme.hust.edu.vn/vi/organs/person/Khoa-Co-khi-che-tao-may-13/ThS-Nguyen-Thi-Thu-Nga-77/>: HTTP status code is not handled or not allowed
2026-05-17 10:51:17 [scrapy.spidermiddlewares.httperror] INFO: Ignoring response <429 https://sme.hust.edu.vn/vi/organs/person/Khoa-Co-khi-che-tao-may-13/TS-Bui-Long-Vinh-63/>: HTTP status code is not handled or not allowed
2026-05-17 10:51:19 [scrapy.spidermiddlewares.httperror] INFO: Ignoring response <429 https://sme.hust.edu.vn/vi/organs/person/Khoa-Co-khi-che-tao-may-13/ThS-Nguyen-Thanh-Trung-52/>: HTTP status code is not handled or not allowed
2026-05-17 10:51:20 [scrapy.spidermiddlewares.httperror] INFO: Ignoring response <429 https://sme.hust.edu.vn/vi/organs/person/Khoa-Co-khi-che-tao-may-13/TS-Nguyen-Thi-Kim-Cuc-53/>: HTTP status code is not handled or not allowed
2026-05-17 10:51:21 [scrapy.extensions.logstats] INFO: Crawled 48 pages (at 48 pages/min), scraped 38 items (at 38 items/min)
2026-05-17 10:51:21 [scrapy.spidermiddlewares.httperror] INFO: Ignoring response <429 https://sme.hust.edu.vn/vi/organs/person/Khoa-Co-khi-che-tao-may-13/TS-GVC-Pham-Van-Son-54/>: HTTP status code is not handled or not allowed
2026-05-17 10:52:12 [scrapy.spidermiddlewares.httperror] INFO: Ignoring response <429 https://sme.hust.edu.vn/vi/organs/person/Khoa-Co-dien-tu-12/PGS-TS-Vuong-Van-Thanh-140/>: HTTP status code is not handled or not allowed
2026-05-17 10:52:13 [scrapy.spidermiddlewares.httperror] INFO: Ignoring response <429 https://sme.hust.edu.vn/vi/organs/person/Khoa-Co-dien-tu-12/PGS-TS-Nguyen-Xuan-Ha-137/>: HTTP status code is not handled or not allowed
2026-05-17 10:52:15 [scrapy.spidermiddlewares.httperror] INFO: Ignoring response <429 https://sme.hust.edu.vn/vi/organs/person/Khoa-Co-dien-tu-12/TS-Nguyen-Hai-Son-135/>: HTTP status code is not handled or not allowed
2026-05-17 10:52:16 [scrapy.spidermiddlewares.httperror] INFO: Ignoring response <429 https://sme.hust.edu.vn/vi/organs/person/Khoa-Co-dien-tu-12/ThS-GVC-NGUYEN-VAN-QUYEN-3/>: HTTP status code is not handled or not allowed
2026-05-17 10:52:17 [scrapy.spidermiddlewares.httperror] INFO: Ignoring response <429 https://sme.hust.edu.vn/vi/organs/person/Khoa-Co-dien-tu-12/TS-GVC-NGUYEN-MINH-PHUONG-118/>: HTTP status code is not handled or not allowed
2026-05-17 10:52:18 [scrapy.spidermiddlewares.httperror] INFO: Ignoring response <429 https://sme.hust.edu.vn/vi/organs/person/Khoa-Co-dien-tu-12/PGS-TS-GVCC-PHAN-BUI-KHOI-108/>: HTTP status code is not handled or not allowed
2026-05-17 10:52:20 [scrapy.spidermiddlewares.httperror] INFO: Ignoring response <429 https://sme.hust.edu.vn/vi/organs/person/Khoa-Co-dien-tu-12/ThS-GVC-Hoang-Van-Bao-114/>: HTTP status code is not handled or not allowed
2026-05-17 10:52:21 [scrapy.extensions.logstats] INFO: Crawled 96 pages (at 48 pages/min), scraped 78 items (at 40 items/min)
2026-05-17 10:52:21 [scrapy.spidermiddlewares.httperror] INFO: Ignoring response <429 https://sme.hust.edu.vn/vi/organs/person/Khoa-Co-dien-tu-12/PGS-TS-GVCC-NGUYEN-PHONG-DIEN-107/>: HTTP status code is not handled or not allowed
2026-05-17 10:52:23 [scrapy.spidermiddlewares.httperror] INFO: Ignoring response <429 https://sme.hust.edu.vn/vi/organs/person/Khoa-Co-dien-tu-12/TS-TRAN-VAN-QUOC-20/>: HTTP status code is not handled or not allowed
2026-05-17 10:52:23 [scrapy.core.engine] INFO: Closing spider (finished)
2026-05-17 10:52:23 [scrapy.extensions.feedexport] INFO: Stored csv feed (78 items) in: f:/science_data_warehouse_repo/output/hust/sme/data/sme.csv
2026-05-17 10:52:23 [scrapy.statscollectors] INFO: Dumping Scrapy stats:
{'deltafetch/skipped': 171,
 'deltafetch/stored': 78,
 'downloader/request_bytes': 74095,
 'downloader/request_count': 98,
 'downloader/request_method_count/GET': 98,
 'downloader/response_bytes': 1374644,
 'downloader/response_count': 98,
 'downloader/response_status_count/200': 80,
 'downloader/response_status_count/429': 18,
 'elapsed_time_seconds': 121.933709,
 'feedexport/success_count/FileFeedStorage': 1,
 'finish_reason': 'finished',
 'finish_time': datetime.datetime(2026, 5, 17, 3, 52, 23, 11430, tzinfo=datetime.timezone.utc),
 'httpcompression/response_bytes': 7735986,
 'httpcompression/response_count': 98,
 'httperror/response_ignored_count': 18,
 'httperror/response_ignored_status_count/429': 18,
 'item_scraped_count': 78,
 'items_per_minute': 38.67768595041323,
 'log_count/INFO': 195,
 'request_depth_max': 1,
 'response_received_count': 98,
 'responses_per_minute': 48.59504132231405,
 'robotstxt/request_count': 1,
 'robotstxt/response_count': 1,
 'robotstxt/response_status_count/200': 1,
 'scheduler/dequeued': 97,
 'scheduler/dequeued/memory': 97,
 'scheduler/enqueued': 97,
 'scheduler/enqueued/memory': 97,
 'start_time': datetime.datetime(2026, 5, 17, 3, 50, 21, 77721, tzinfo=datetime.timezone.utc)}
2026-05-17 10:52:23 [scrapy.core.engine] INFO: Spider closed (finished)
