03/06/2026 16:26:22 starting
	executable :C:\Program Files\Google\Chrome\Application\chrome.exe

arguments:
--remote-allow-origins=*
	--no-first-run
	--no-service-autorun
	--no-default-browser-check
	--homepage=about:blank
	--no-pings
	--password-store=basic
	--disable-infobars
	--disable-breakpad
	--disable-dev-shm-usage
	--disable-session-crashed-bubble
	--disable-search-engine-choice-screen
	--user-data-dir=C:\Users\ADMIN\AppData\Local\Temp\uc_rjm3iy_s
	--disable-session-crashed-bubble
	--disable-features=IsolateOrigins,site-per-process
	--disable-blink-features=AutomationControlled
	--remote-debugging-host=127.0.0.1
	--remote-debugging-port=63162
03/06/2026 16:26:30 On page 2
03/06/2026 16:26:31 Found 17 scholar links to process.
03/06/2026 16:26:31 Error processing /vi/khoi-giang-vien/pgs-ts-nguyen-ngoc-son-truong-khoa: Cannot navigate to invalid URL [code: -32000]
03/06/2026 16:26:31 Error processing /vi/khoi-giang-vien/pgs-ts-dang-thi-le-xuan-pho-truong-khoa: Cannot navigate to invalid URL [code: -32000]
03/06/2026 16:26:31 Error processing /vi/khoi-giang-vien/gs-ts-ngo-thang-loi: Cannot navigate to invalid URL [code: -32000]
03/06/2026 16:26:31 Error processing /vi/khoi-giang-vien/ts-nguyen-quynh-hoa: Cannot navigate to invalid URL [code: -32000]
03/06/2026 16:26:31 Error processing /vi/khoi-giang-vien/ts-bui-thi-thanh-huyen: Cannot navigate to invalid URL [code: -32000]
03/06/2026 16:26:31 Error processing /vi/khoi-giang-vien/ts-phi-thi-hong-linh: Cannot navigate to invalid URL [code: -32000]
03/06/2026 16:26:31 Error processing /vi/khoi-giang-vien/ts-le-huynh-mai: Cannot navigate to invalid URL [code: -32000]
03/06/2026 16:26:31 Error processing /vi/khoi-giang-vien/ts-ngo-quoc-dung: Cannot navigate to invalid URL [code: -32000]
03/06/2026 16:26:31 Error processing /vi/khoi-giang-vien/ts-nguyen-van-dai: Cannot navigate to invalid URL [code: -32000]
03/06/2026 16:26:31 Error processing /vi/khoi-giang-vien/pgs-ts-vu-cuong: Cannot navigate to invalid URL [code: -32000]
03/06/2026 16:26:31 Error processing /vi/khoi-giang-vien/pgs-ts-vu-thi-tuyet-mai: Cannot navigate to invalid URL [code: -32000]
03/06/2026 16:26:31 Error processing /vi/khoi-giang-vien/ts-nguyen-thi-hoa: Cannot navigate to invalid URL [code: -32000]
03/06/2026 16:26:31 Error processing /vi/khoi-giang-vien/pgs-ts-nguyen-thi-phuong-thu: Cannot navigate to invalid URL [code: -32000]
03/06/2026 16:26:31 Error processing /vi/khoi-giang-vien/ts-tran-thi-thu-huyen: Cannot navigate to invalid URL [code: -32000]
03/06/2026 16:26:31 Error processing /vi/khoi-giang-vien/ts-le-thi-hong-phuong: Cannot navigate to invalid URL [code: -32000]
03/06/2026 16:26:31 Error processing /vi/khoi-giang-vien/ths-nguyen-hoang-hieu: Cannot navigate to invalid URL [code: -32000]
03/06/2026 16:26:31 Error processing /vi/khoi-giang-vien/ths-tran-tuan-vinh: Cannot navigate to invalid URL [code: -32000]
03/06/2026 16:26:31 terminated browser with pid 21096 successfully
03/06/2026 16:26:32 successfully removed temp profile C:\Users\ADMIN\AppData\Local\Temp\uc_rjm3iy_s
