03/06/2026 16:34:34 starting
	executable :C:\Program Files\Google\Chrome\Application\chrome.exe

arguments:
--remote-allow-origins=*
	--no-first-run
	--no-service-autorun
	--no-default-browser-check
	--homepage=about:blank
	--no-pings
	--password-store=basic
	--disable-infobars
	--disable-breakpad
	--disable-dev-shm-usage
	--disable-session-crashed-bubble
	--disable-search-engine-choice-screen
	--user-data-dir=C:\Users\ADMIN\AppData\Local\Temp\uc_9q2k163p
	--disable-session-crashed-bubble
	--disable-features=IsolateOrigins,site-per-process
	--disable-blink-features=AutomationControlled
	--remote-debugging-host=127.0.0.1
	--remote-debugging-port=61131
03/06/2026 16:34:40 On page 2
03/06/2026 16:34:41 Found 17 scholar links to process.
03/06/2026 16:34:44 Saved: https://khoakhpt.neu.edu.vn/vi/khoi-giang-vien/pgs-ts-nguyen-ngoc-son-truong-khoa to f:/science_data_warehouse_repo/output/neu/khpt/raw_data\khpt_20260603_163434.jsonl
03/06/2026 16:34:47 Saved: https://khoakhpt.neu.edu.vn/vi/khoi-giang-vien/pgs-ts-dang-thi-le-xuan-pho-truong-khoa to f:/science_data_warehouse_repo/output/neu/khpt/raw_data\khpt_20260603_163434.jsonl
03/06/2026 16:34:50 Saved: https://khoakhpt.neu.edu.vn/vi/khoi-giang-vien/gs-ts-ngo-thang-loi to f:/science_data_warehouse_repo/output/neu/khpt/raw_data\khpt_20260603_163434.jsonl
03/06/2026 16:34:53 Saved: https://khoakhpt.neu.edu.vn/vi/khoi-giang-vien/ts-nguyen-quynh-hoa to f:/science_data_warehouse_repo/output/neu/khpt/raw_data\khpt_20260603_163434.jsonl
03/06/2026 16:34:55 Saved: https://khoakhpt.neu.edu.vn/vi/khoi-giang-vien/ts-bui-thi-thanh-huyen to f:/science_data_warehouse_repo/output/neu/khpt/raw_data\khpt_20260603_163434.jsonl
03/06/2026 16:34:57 Saved: https://khoakhpt.neu.edu.vn/vi/khoi-giang-vien/ts-phi-thi-hong-linh to f:/science_data_warehouse_repo/output/neu/khpt/raw_data\khpt_20260603_163434.jsonl
03/06/2026 16:35:00 Saved: https://khoakhpt.neu.edu.vn/vi/khoi-giang-vien/ts-le-huynh-mai to f:/science_data_warehouse_repo/output/neu/khpt/raw_data\khpt_20260603_163434.jsonl
03/06/2026 16:35:03 Saved: https://khoakhpt.neu.edu.vn/vi/khoi-giang-vien/ts-ngo-quoc-dung to f:/science_data_warehouse_repo/output/neu/khpt/raw_data\khpt_20260603_163434.jsonl
03/06/2026 16:35:06 Saved: https://khoakhpt.neu.edu.vn/vi/khoi-giang-vien/ts-nguyen-van-dai to f:/science_data_warehouse_repo/output/neu/khpt/raw_data\khpt_20260603_163434.jsonl
03/06/2026 16:35:08 Saved: https://khoakhpt.neu.edu.vn/vi/khoi-giang-vien/pgs-ts-vu-cuong to f:/science_data_warehouse_repo/output/neu/khpt/raw_data\khpt_20260603_163434.jsonl
03/06/2026 16:35:10 Saved: https://khoakhpt.neu.edu.vn/vi/khoi-giang-vien/pgs-ts-vu-thi-tuyet-mai to f:/science_data_warehouse_repo/output/neu/khpt/raw_data\khpt_20260603_163434.jsonl
03/06/2026 16:35:13 Saved: https://khoakhpt.neu.edu.vn/vi/khoi-giang-vien/ts-nguyen-thi-hoa to f:/science_data_warehouse_repo/output/neu/khpt/raw_data\khpt_20260603_163434.jsonl
03/06/2026 16:35:16 Saved: https://khoakhpt.neu.edu.vn/vi/khoi-giang-vien/pgs-ts-nguyen-thi-phuong-thu to f:/science_data_warehouse_repo/output/neu/khpt/raw_data\khpt_20260603_163434.jsonl
03/06/2026 16:35:19 Saved: https://khoakhpt.neu.edu.vn/vi/khoi-giang-vien/ts-tran-thi-thu-huyen to f:/science_data_warehouse_repo/output/neu/khpt/raw_data\khpt_20260603_163434.jsonl
03/06/2026 16:35:22 Saved: https://khoakhpt.neu.edu.vn/vi/khoi-giang-vien/ts-le-thi-hong-phuong to f:/science_data_warehouse_repo/output/neu/khpt/raw_data\khpt_20260603_163434.jsonl
03/06/2026 16:35:25 Saved: https://khoakhpt.neu.edu.vn/vi/khoi-giang-vien/ths-nguyen-hoang-hieu to f:/science_data_warehouse_repo/output/neu/khpt/raw_data\khpt_20260603_163434.jsonl
03/06/2026 16:35:27 Saved: https://khoakhpt.neu.edu.vn/vi/khoi-giang-vien/ths-tran-tuan-vinh to f:/science_data_warehouse_repo/output/neu/khpt/raw_data\khpt_20260603_163434.jsonl
03/06/2026 16:35:28 terminated browser with pid 35120 successfully
03/06/2026 16:35:28 successfully removed temp profile C:\Users\ADMIN\AppData\Local\Temp\uc_9q2k163p
