2026-06-01 20:19:59 [scrapy.addons] INFO: Enabled addons:
[]
2026-06-01 20:19:59 [scrapy.extensions.telnet] INFO: Telnet Password: c667aaf83bcb410a
2026-06-01 20:19:59 [scrapy.middleware] INFO: Enabled extensions:
['scrapy.extensions.corestats.CoreStats',
 'scrapy.extensions.logcount.LogCount',
 'scrapy.extensions.telnet.TelnetConsole',
 'scrapy.extensions.feedexport.FeedExporter',
 'scrapy.extensions.logstats.LogStats',
 'scrapy.extensions.throttle.AutoThrottle']
2026-06-01 20:19:59 [scrapy.crawler] INFO: Overridden settings:
{'AUTOTHROTTLE_ENABLED': True,
 'AUTOTHROTTLE_START_DELAY': 0.5,
 'AUTOTHROTTLE_TARGET_CONCURRENCY': 32,
 'BOT_NAME': 'science_dwh',
 'CONCURRENT_REQUESTS': 500,
 'CONCURRENT_REQUESTS_PER_DOMAIN': 32,
 'DOWNLOAD_DELAY': 1,
 'FEED_EXPORT_ENCODING': 'utf-8',
 'FEED_EXPORT_FIELDS': ['url',
                        'avt_url',
                        'ho_ten',
                        'dia_chi',
                        'email',
                        'huong_nghien_cuu_chinh',
                        'chuyen_nganh_nghien_cuu',
                        'sach',
                        'bai_bao_trong_nuoc',
                        'bai_bao_quoc_te',
                        'bao_cao_trong_nuoc',
                        'bao_cao_quoc_te',
                        'de_tai_du_an',
                        'giai_thuong',
                        'huong_dan_ncs',
                        'thong_tin_khac',
                        'dai_hoc',
                        'don_vi_truc_thuoc',
                        'html_text',
                        'thong_tin_khong_cong_bo',
                        'is_extracted',
                        'is_checked'],
 'LOG_FILE': 'f:/science_data_warehouse_repo/output/neu/sbf/logs\\sbf_20260601_201959.log',
 'LOG_LEVEL': 'INFO',
 'NEWSPIDER_MODULE': 'science_dwh.spiders',
 'RETRY_HTTP_CODES': [500, 502, 503, 504, 408, 429, 403],
 'RETRY_TIMES': 3,
 'ROBOTSTXT_OBEY': True,
 'SPIDER_MODULES': ['science_dwh.spiders']}
2026-06-01 20:20:00 [scrapy_user_agents.user_agent_picker] WARNING: [UnsupportedBrowserType] Family: Android
2026-06-01 20:20:00 [scrapy_user_agents.user_agent_picker] WARNING: [UnsupportedDeviceType] Family: Other, Brand: None, Model: None
2026-06-01 20:20:00 [scrapy_user_agents.user_agent_picker] WARNING: [UnsupportedDeviceType] Family: Other, Brand: None, Model: None
2026-06-01 20:20:00 [scrapy_user_agents.user_agent_picker] WARNING: [UnsupportedDeviceType] Family: Other, Brand: None, Model: None
2026-06-01 20:20:00 [scrapy_user_agents.user_agent_picker] WARNING: [UnsupportedDeviceType] Family: Sony BDV13, Brand: Sony, Model: BDV13
2026-06-01 20:20:00 [scrapy_user_agents.user_agent_picker] WARNING: [UnsupportedDeviceType] Family: Nintendo DSi, Brand: Nintendo, Model: DSi
2026-06-01 20:20:00 [scrapy_user_agents.user_agent_picker] WARNING: [UnsupportedDeviceType] Family: Other, Brand: None, Model: None
2026-06-01 20:20:00 [scrapy_user_agents.user_agent_picker] WARNING: [UnsupportedBrowserType] Family: Other
2026-06-01 20:20:00 [scrapy_user_agents.user_agent_picker] WARNING: [UnsupportedDeviceType] Family: LYF F90M, Brand: LYF, Model: F90M
2026-06-01 20:20:00 [scrapy_user_agents.user_agent_picker] WARNING: [UnsupportedDeviceType] Family: Sony BDV14, Brand: Sony, Model: BDV14
2026-06-01 20:20:00 [scrapy_user_agents.user_agent_picker] WARNING: [UnsupportedDeviceType] Family: LG Web0S SmartTV, Brand: LG, Model: Web0S SmartTV
2026-06-01 20:20:00 [scrapy_user_agents.user_agent_picker] WARNING: [UnsupportedDeviceType] Family: Other, Brand: None, Model: None
2026-06-01 20:20:01 [scrapy_user_agents.user_agent_picker] WARNING: [UnsupportedDeviceType] Family: Other, Brand: None, Model: None
2026-06-01 20:20:01 [scrapy_user_agents.user_agent_picker] WARNING: [UnsupportedDeviceType] Family: Other, Brand: None, Model: None
2026-06-01 20:20:01 [scrapy_user_agents.user_agent_picker] WARNING: [UnsupportedDeviceType] Family: Other, Brand: None, Model: None
2026-06-01 20:20:01 [scrapy_user_agents.user_agent_picker] WARNING: [UnsupportedDeviceType] Family: Other, Brand: None, Model: None
2026-06-01 20:20:01 [scrapy_user_agents.user_agent_picker] WARNING: [UnsupportedDeviceType] Family: Other, Brand: None, Model: None
2026-06-01 20:20:01 [scrapy_user_agents.user_agent_picker] WARNING: [UnsupportedDeviceType] Family: Other, Brand: None, Model: None
2026-06-01 20:20:01 [scrapy_user_agents.user_agent_picker] WARNING: [UnsupportedDeviceType] Family: Sony BDV11, Brand: Sony, Model: BDV11
2026-06-01 20:20:01 [scrapy_user_agents.user_agent_picker] WARNING: [UnsupportedDeviceType] Family: Other, Brand: None, Model: None
2026-06-01 20:20:01 [scrapy_user_agents.user_agent_picker] WARNING: [UnsupportedDeviceType] Family: Other, Brand: None, Model: None
2026-06-01 20:20:01 [scrapy_user_agents.user_agent_picker] WARNING: [UnsupportedDeviceType] Family: Other, Brand: None, Model: None
2026-06-01 20:20:01 [scrapy_user_agents.user_agent_picker] WARNING: [UnsupportedDeviceType] Family: Other, Brand: None, Model: None
2026-06-01 20:20:01 [scrapy_user_agents.user_agent_picker] WARNING: [UnsupportedDeviceType] Family: Nintendo DSi, Brand: Nintendo, Model: DSi
2026-06-01 20:20:01 [scrapy_user_agents.user_agent_picker] WARNING: [UnsupportedDeviceType] Family: LYF LF-2403N, Brand: LYF, Model: LF-2403N
2026-06-01 20:20:01 [scrapy_user_agents.user_agent_picker] WARNING: [UnsupportedDeviceType] Family: LYF F90M, Brand: LYF, Model: F90M
2026-06-01 20:20:01 [scrapy_user_agents.user_agent_picker] WARNING: [UnsupportedDeviceType] Family: Other, Brand: None, Model: None
2026-06-01 20:20:01 [scrapy_user_agents.user_agent_picker] WARNING: [UnsupportedDeviceType] Family: Other, Brand: None, Model: None
2026-06-01 20:20:01 [scrapy_user_agents.user_agent_picker] WARNING: [UnsupportedBrowserType] Family: Applebot
2026-06-01 20:20:01 [scrapy_user_agents.user_agent_picker] WARNING: [UnsupportedDeviceType] Family: Other, Brand: None, Model: None
2026-06-01 20:20:01 [scrapy_user_agents.user_agent_picker] WARNING: [UnsupportedBrowserType] Family: Applebot
2026-06-01 20:20:01 [scrapy_user_agents.user_agent_picker] WARNING: [UnsupportedBrowserType] Family: Other
2026-06-01 20:20:01 [scrapy_user_agents.user_agent_picker] WARNING: [UnsupportedBrowserType] Family: Other
2026-06-01 20:20:01 [scrapy_user_agents.user_agent_picker] WARNING: [UnsupportedBrowserType] Family: PhantomJS
2026-06-01 20:20:01 [scrapy_user_agents.user_agent_picker] WARNING: [UnsupportedBrowserType] Family: SMTBot
2026-06-01 20:20:02 [scrapy_user_agents.user_agent_picker] WARNING: [UnsupportedBrowserType] Family: PhantomJS
2026-06-01 20:20:02 [scrapy_user_agents.user_agent_picker] WARNING: [UnsupportedBrowserType] Family: PhantomJS
2026-06-01 20:20:02 [scrapy_user_agents.user_agent_picker] WARNING: [UnsupportedBrowserType] Family: WebKit Nightly
2026-06-01 20:20:02 [scrapy_user_agents.user_agent_picker] WARNING: [UnsupportedBrowserType] Family: PhantomJS
2026-06-01 20:20:02 [scrapy_user_agents.user_agent_picker] WARNING: [UnsupportedDeviceType] Family: Other, Brand: None, Model: None
2026-06-01 20:20:02 [scrapy_user_agents.user_agent_picker] WARNING: [UnsupportedBrowserType] Family: PhantomJS
2026-06-01 20:20:02 [scrapy_user_agents.user_agent_picker] WARNING: [UnsupportedBrowserType] Family: PhantomJS
2026-06-01 20:20:02 [scrapy_user_agents.user_agent_picker] WARNING: [UnsupportedBrowserType] Family: Robot
2026-06-01 20:20:02 [scrapy_user_agents.user_agent_picker] WARNING: [UnsupportedDeviceType] Family: Other, Brand: None, Model: None
2026-06-01 20:20:02 [scrapy_user_agents.user_agent_picker] WARNING: [UnsupportedBrowserType] Family: Zune
2026-06-01 20:20:02 [scrapy.middleware] INFO: Enabled downloader middlewares:
['scrapy.downloadermiddlewares.offsite.OffsiteMiddleware',
 'scrapy.downloadermiddlewares.robotstxt.RobotsTxtMiddleware',
 'scrapy.downloadermiddlewares.httpauth.HttpAuthMiddleware',
 'scrapy.downloadermiddlewares.downloadtimeout.DownloadTimeoutMiddleware',
 'scrapy.downloadermiddlewares.defaultheaders.DefaultHeadersMiddleware',
 'scrapy_user_agents.middlewares.RandomUserAgentMiddleware',
 'scrapy.downloadermiddlewares.retry.RetryMiddleware',
 'scrapy.downloadermiddlewares.redirect.MetaRefreshMiddleware',
 'scrapy.downloadermiddlewares.httpcompression.HttpCompressionMiddleware',
 'scrapy.downloadermiddlewares.redirect.RedirectMiddleware',
 'scrapy.downloadermiddlewares.cookies.CookiesMiddleware',
 'scrapy.downloadermiddlewares.httpproxy.HttpProxyMiddleware',
 'scrapy.downloadermiddlewares.stats.DownloaderStats']
2026-06-01 20:20:02 [scrapy.middleware] INFO: Enabled spider middlewares:
['scrapy.spidermiddlewares.start.StartSpiderMiddleware',
 'scrapy.spidermiddlewares.httperror.HttpErrorMiddleware',
 'scrapy_deltafetch.DeltaFetch',
 'science_dwh.middlewares.ScienceDwhSpiderMiddleware',
 'scrapy.spidermiddlewares.referer.RefererMiddleware',
 'scrapy.spidermiddlewares.urllength.UrlLengthMiddleware',
 'scrapy.spidermiddlewares.depth.DepthMiddleware']
2026-06-01 20:20:02 [scrapy.core.spidermw] WARNING: Middleware scrapy_deltafetch.middleware.DeltaFetch doesn't support asynchronous spider output, this is deprecated and will stop working in a future version of Scrapy. The middleware should be updated to support it. Please see https://docs.scrapy.org/en/latest/topics/coroutines.html#for-middleware-users for more information.
2026-06-01 20:20:02 [scrapy.core.spidermw] WARNING: Middleware science_dwh.middlewares.ScienceDwhSpiderMiddleware doesn't support asynchronous spider output, this is deprecated and will stop working in a future version of Scrapy. The middleware should be updated to support it. Please see https://docs.scrapy.org/en/latest/topics/coroutines.html#for-middleware-users for more information.
2026-06-01 20:20:02 [scrapy.middleware] INFO: Enabled item pipelines:
['science_dwh.pipelines.ScienceDwhPipeline']
2026-06-01 20:20:02 [scrapy.core.engine] INFO: Spider opened
2026-06-01 20:20:02 [scrapy.extensions.logstats] INFO: Crawled 0 pages (at 0 pages/min), scraped 0 items (at 0 items/min)
2026-06-01 20:20:02 [sbf_spider] INFO: Spider opened: sbf_spider
2026-06-01 20:20:02 [scrapy.extensions.telnet] INFO: Telnet console listening on 127.0.0.1:6023
2026-06-01 20:20:23 [scrapy.core.engine] INFO: Closing spider (finished)
2026-06-01 20:20:23 [scrapy.extensions.feedexport] INFO: Stored jsonlines feed (14 items) in: f:/science_data_warehouse_repo/output/neu/sbf/raw_data\sbf.jsonl
2026-06-01 20:20:23 [scrapy.statscollectors] INFO: Dumping Scrapy stats:
{'coverage_percent': 87.5,
 'deltafetch/stored': 14,
 'downloader/request_bytes': 10243,
 'downloader/request_count': 16,
 'downloader/request_method_count/GET': 16,
 'downloader/response_bytes': 408617,
 'downloader/response_count': 16,
 'downloader/response_status_count/200': 16,
 'elapsed_time_seconds': 20.973171,
 'feedexport/success_count/FileFeedStorage': 1,
 'finish_reason': 'finished',
 'finish_time': datetime.datetime(2026, 6, 1, 13, 20, 23, 838142, tzinfo=datetime.timezone.utc),
 'httpcompression/response_bytes': 2103955,
 'httpcompression/response_count': 16,
 'item_scraped_count': 14,
 'items_per_minute': 42.0,
 'log_count/INFO': 4,
 'request_depth_max': 1,
 'response_received_count': 16,
 'responses_per_minute': 48.0,
 'robotstxt/request_count': 1,
 'robotstxt/response_count': 1,
 'robotstxt/response_status_count/200': 1,
 'scheduler/dequeued': 15,
 'scheduler/dequeued/memory': 15,
 'scheduler/enqueued': 15,
 'scheduler/enqueued/memory': 15,
 'start_time': datetime.datetime(2026, 6, 1, 13, 20, 2, 864971, tzinfo=datetime.timezone.utc)}
2026-06-01 20:20:23 [scrapy.core.engine] INFO: Spider closed (finished)
